
Merging program properties

Removed property 0xc0000002 to merge /usr/lib/gcc/x86_64-linux-gnu/12/../../../x86_64-linux-gnu/Scrt1.o (not found) and /usr/lib/gcc/x86_64-linux-gnu/12/crtbeginS.o (0x3)
Removed property 0xc0000002 to merge /usr/lib/gcc/x86_64-linux-gnu/12/../../../x86_64-linux-gnu/Scrt1.o (not found) and /usr/lib/gcc/x86_64-linux-gnu/12/crtendS.o (0x3)

As-needed library included to satisfy reference by file (symbol)

libc.so.6                     build/am_map.o (snprintf@@GLIBC_2.2.5)

Discarded input sections

 .rodata.cst4   0x0000000000000000        0x4 /usr/lib/gcc/x86_64-linux-gnu/12/../../../x86_64-linux-gnu/Scrt1.o
 .data          0x0000000000000000        0x4 /usr/lib/gcc/x86_64-linux-gnu/12/../../../x86_64-linux-gnu/Scrt1.o
 .bss           0x0000000000000000        0x0 /usr/lib/gcc/x86_64-linux-gnu/12/../../../x86_64-linux-gnu/Scrt1.o
 .note.GNU-stack
                0x0000000000000000        0x0 /usr/lib/gcc/x86_64-linux-gnu/12/../../../x86_64-linux-gnu/Scrt1.o
 .text          0x0000000000000000        0x0 /usr/lib/gcc/x86_64-linux-gnu/12/../../../x86_64-linux-gnu/crti.o
 .data          0x0000000000000000        0x0 /usr/lib/gcc/x86_64-linux-gnu/12/../../../x86_64-linux-gnu/crti.o
 .bss           0x0000000000000000        0x0 /usr/lib/gcc/x86_64-linux-gnu/12/../../../x86_64-linux-gnu/crti.o
 .note.GNU-stack
                0x0000000000000000        0x0 /usr/lib/gcc/x86_64-linux-gnu/12/../../../x86_64-linux-gnu/crti.o
 .data          0x0000000000000000        0x0 /usr/lib/gcc/x86_64-linux-gnu/12/crtbeginS.o
 .note.GNU-stack
                0x0000000000000000        0x0 /usr/lib/gcc/x86_64-linux-gnu/12/crtbeginS.o
 .note.gnu.property
                0x0000000000000000       0x20 /usr/lib/gcc/x86_64-linux-gnu/12/crtbeginS.o
 .group         0x0000000000000000        0xc build/i_main.o
 .group         0x0000000000000000        0xc build/i_main.o
 .group         0x0000000000000000        0xc build/i_main.o
 .group         0x0000000000000000        0xc build/i_main.o
 .group         0x0000000000000000        0xc build/i_main.o
 .group         0x0000000000000000        0xc build/i_main.o
 .group         0x0000000000000000        0xc build/i_main.o
 .group         0x0000000000000000        0xc build/i_main.o
 .group         0x0000000000000000        0xc build/i_main.o
 .group         0x0000000000000000        0xc build/i_main.o
 .group         0x0000000000000000        0xc build/i_main.o
 .group         0x0000000000000000        0xc build/i_main.o
 .group         0x0000000000000000        0xc build/i_main.o
 .group         0x0000000000000000        0xc build/i_main.o
 .group         0x0000000000000000        0xc build/i_main.o
 .group         0x0000000000000000        0xc build/i_main.o
 .group         0x0000000000000000        0xc build/i_main.o
 .group         0x0000000000000000        0xc build/i_main.o
 .group         0x0000000000000000        0xc build/i_main.o
 .group         0x0000000000000000        0xc build/i_main.o
 .group         0x0000000000000000        0xc build/i_main.o
 .group         0x0000000000000000        0xc build/i_main.o
 .group         0x0000000000000000        0xc build/i_main.o
 .group         0x0000000000000000        0xc build/i_main.o
 .group         0x0000000000000000        0xc build/i_main.o
 .group         0x0000000000000000        0xc build/i_main.o
 .group         0x0000000000000000        0xc build/i_main.o
 .group         0x0000000000000000        0xc build/i_main.o
 .group         0x0000000000000000        0xc build/i_main.o
 .group         0x0000000000000000        0xc build/i_main.o
 .group         0x0000000000000000        0xc build/i_main.o
 .group         0x0000000000000000        0xc build/i_main.o
 .group         0x0000000000000000        0xc build/i_main.o
 .group         0x0000000000000000        0xc build/i_main.o
 .group         0x0000000000000000        0xc build/i_main.o
 .group         0x0000000000000000        0xc build/i_main.o
 .group         0x0000000000000000        0xc build/i_main.o
 .group         0x0000000000000000        0xc build/i_main.o
 .group         0x0000000000000000        0xc build/i_main.o
 .group         0x0000000000000000        0xc build/i_main.o
 .group         0x0000000000000000        0xc build/i_main.o
 .group         0x0000000000000000        0xc build/i_main.o
 .group         0x0000000000000000        0xc build/i_main.o
 .group         0x0000000000000000        0xc build/i_main.o
 .group         0x0000000000000000        0xc build/i_main.o
 .group         0x0000000000000000        0xc build/i_main.o
 .group         0x0000000000000000        0xc build/i_main.o
 .group         0x0000000000000000        0xc build/i_main.o
 .group         0x0000000000000000        0xc build/i_main.o
 .group         0x0000000000000000        0xc build/i_main.o
 .group         0x0000000000000000        0xc build/i_main.o
 .group         0x0000000000000000        0xc build/i_main.o
[...]
Memory Configuration

Name             Origin             Length             Attributes
*default*        0x0000000000000000 0xffffffffffffffff

Linker script and memory map

LOAD /usr/lib/gcc/x86_64-linux-gnu/12/../../../x86_64-linux-gnu/Scrt1.o
LOAD /usr/lib/gcc/x86_64-linux-gnu/12/../../../x86_64-linux-gnu/crti.o
LOAD /usr/lib/gcc/x86_64-linux-gnu/12/crtbeginS.o
LOAD build/i_main.o
LOAD build/dummy.o
LOAD build/am_map.o
LOAD build/doomdef.o
LOAD build/doomstat.o
LOAD build/dstrings.o
LOAD build/d_event.o
LOAD build/d_items.o
LOAD build/d_iwad.o
LOAD build/d_loop.o
LOAD build/d_main.o
LOAD build/d_mode.o
LOAD build/d_net.o
LOAD build/f_finale.o
LOAD build/f_wipe.o
LOAD build/g_game.o
LOAD build/hu_lib.o
LOAD build/hu_stuff.o
LOAD build/info.o
LOAD build/i_cdmus.o
LOAD build/i_endoom.o
LOAD build/i_joystick.o
LOAD build/i_scale.o
LOAD build/i_sound.o
LOAD build/i_system.o
LOAD build/i_timer.o
LOAD build/memio.o
LOAD build/m_argv.o
LOAD build/m_bbox.o
LOAD build/m_cheat.o
LOAD build/m_config.o
LOAD build/m_controls.o
LOAD build/m_fixed.o
LOAD build/m_menu.o
LOAD build/m_misc.o
LOAD build/m_random.o
LOAD build/p_ceilng.o
LOAD build/p_doors.o
LOAD build/p_enemy.o
LOAD build/p_floor.o
LOAD build/p_inter.o
LOAD build/p_lights.o
LOAD build/p_map.o
LOAD build/p_maputl.o
LOAD build/p_mobj.o
LOAD build/p_plats.o
LOAD build/p_pspr.o
LOAD build/p_saveg.o
LOAD build/p_setup.o
LOAD build/p_sight.o
LOAD build/p_spec.o
LOAD build/p_switch.o
LOAD build/p_telept.o
LOAD build/p_tick.o
LOAD build/p_user.o
LOAD build/r_bsp.o
LOAD build/r_data.o
LOAD build/r_draw.o
LOAD build/r_main.o
LOAD build/r_plane.o
LOAD build/r_segs.o
LOAD build/r_sky.o
LOAD build/r_things.o
LOAD build/sha1.o
LOAD build/sounds.o
LOAD build/statdump.o
LOAD build/st_lib.o
LOAD build/st_stuff.o
LOAD build/s_sound.o
LOAD build/tables.o
LOAD build/v_video.o
LOAD build/wi_stuff.o
LOAD build/w_checksum.o
LOAD build/w_file.o
LOAD build/w_main.o
LOAD build/w_wad.o
LOAD build/z_zone.o
LOAD build/w_file_stdc.o
LOAD build/i_input.o
LOAD build/i_video.o
LOAD build/doomgeneric.o
LOAD /usr/lib/gcc/x86_64-linux-gnu/12/../../../x86_64-linux-gnu/libm.so
START GROUP
LOAD /lib/x86_64-linux-gnu/libm.so.6
LOAD /lib/x86_64-linux-gnu/libmvec.so.1
END GROUP
LOAD /usr/lib/gcc/x86_64-linux-gnu/12/../../../x86_64-linux-gnu/libc.so
START GROUP
LOAD /lib/x86_64-linux-gnu/libc.so.6
LOAD /usr/lib/x86_64-linux-gnu/libc_nonshared.a
LOAD /lib64/ld-linux-x86-64.so.2
END GROUP
LOAD /usr/lib/gcc/x86_64-linux-gnu/12/libgcc.a
LOAD /usr/lib/gcc/x86_64-linux-gnu/12/libgcc_s.so
START GROUP
LOAD /usr/lib/gcc/x86_64-linux-gnu/12/../../../x86_64-linux-gnu/libgcc_s.so.1
LOAD /usr/lib/gcc/x86_64-linux-gnu/12/libgcc.a
END GROUP
LOAD /usr/lib/gcc/x86_64-linux-gnu/12/../../../x86_64-linux-gnu/libc.so
START GROUP
LOAD /lib/x86_64-linux-gnu/libc.so.6
LOAD /usr/lib/x86_64-linux-gnu/libc_nonshared.a
LOAD /lib64/ld-linux-x86-64.so.2
END GROUP
LOAD /usr/lib/gcc/x86_64-linux-gnu/12/libgcc.a
LOAD /usr/lib/gcc/x86_64-linux-gnu/12/libgcc_s.so
START GROUP
LOAD /usr/lib/gcc/x86_64-linux-gnu/12/../../../x86_64-linux-gnu/libgcc_s.so.1
LOAD /usr/lib/gcc/x86_64-linux-gnu/12/libgcc.a
END GROUP
LOAD /usr/lib/gcc/x86_64-linux-gnu/12/crtendS.o
LOAD /usr/lib/gcc/x86_64-linux-gnu/12/../../../x86_64-linux-gnu/crtn.o
                [!provide]                        PROVIDE (__executable_start = SEGMENT_START ("text-segment", 0x0))
                0x0000000000000318                . = (SEGMENT_START ("text-segment", 0x0) + SIZEOF_HEADERS)

.interp         0x0000000000000318       0x1c
 *(.interp)
 .interp        0x0000000000000318       0x1c /usr/lib/gcc/x86_64-linux-gnu/12/../../../x86_64-linux-gnu/Scrt1.o

.note.gnu.property
                0x0000000000000338       0x20
 .note.gnu.property
                0x0000000000000338       0x20 /usr/lib/gcc/x86_64-linux-gnu/12/../../../x86_64-linux-gnu/Scrt1.o

.note.gnu.build-id
                0x0000000000000358       0x24
 *(.note.gnu.build-id)
 .note.gnu.build-id
                0x0000000000000358       0x24 /usr/lib/gcc/x86_64-linux-gnu/12/../../../x86_64-linux-gnu/Scrt1.o

.note.ABI-tag   0x000000000000037c       0x20
 .note.ABI-tag  0x000000000000037c       0x20 /usr/lib/gcc/x86_64-linux-gnu/12/../../../x86_64-linux-gnu/Scrt1.o

.hash
 *(.hash)

.gnu.hash       0x00000000000003a0       0x28
 *(.gnu.hash)
 .gnu.hash      0x00000000000003a0       0x28 /usr/lib/gcc/x86_64-linux-gnu/12/../../../x86_64-linux-gnu/Scrt1.o

.dynsym         0x00000000000003c8      0x540
 *(.dynsym)
 .dynsym        0x00000000000003c8      0x540 /usr/lib/gcc/x86_64-linux-gnu/12/../../../x86_64-linux-gnu/Scrt1.o

.dynstr         0x0000000000000908      0x206
 *(.dynstr)
 .dynstr        0x0000000000000908      0x206 /usr/lib/gcc/x86_64-linux-gnu/12/../../../x86_64-linux-gnu/Scrt1.o

.gnu.version    0x0000000000000b0e       0x70
 *(.gnu.version)
 .gnu.version   0x0000000000000b0e       0x70 /usr/lib/gcc/x86_64-linux-gnu/12/../../../x86_64-linux-gnu/Scrt1.o

.gnu.version_d  0x0000000000000b80        0x0
 *(.gnu.version_d)
 .gnu.version_d
                0x0000000000000b80        0x0 /usr/lib/gcc/x86_64-linux-gnu/12/../../../x86_64-linux-gnu/Scrt1.o

.gnu.version_r  0x0000000000000b80       0x60
 *(.gnu.version_r)
 .gnu.version_r
                0x0000000000000b80       0x60 /usr/lib/gcc/x86_64-linux-gnu/12/../../../x86_64-linux-gnu/Scrt1.o

.rela.dyn       0x0000000000000be0     0x75f0
 *(.rela.init)
 *(.rela.text .rela.text.* .rela.gnu.linkonce.t.*)
 .rela.text     0x0000000000000be0        0x0 /usr/lib/gcc/x86_64-linux-gnu/12/../../../x86_64-linux-gnu/Scrt1.o
 *(.rela.fini)
 *(.rela.rodata .rela.rodata.* .rela.gnu.linkonce.r.*)
 *(.rela.data .rela.data.* .rela.gnu.linkonce.d.*)
 .rela.data.rel.ro
                0x0000000000000be0      0x1b0 /usr/lib/gcc/x86_64-linux-gnu/12/../../../x86_64-linux-gnu/Scrt1.o
 .rela.data.rel.local
                0x0000000000000d90     0x4248 /usr/lib/gcc/x86_64-linux-gnu/12/../../../x86_64-linux-gnu/Scrt1.o
 .rela.data.rel.ro.local
                0x0000000000004fd8      0x630 /usr/lib/gcc/x86_64-linux-gnu/12/../../../x86_64-linux-gnu/Scrt1.o
 .rela.data.rel
                0x0000000000005608     0x2a60 /usr/lib/gcc/x86_64-linux-gnu/12/../../../x86_64-linux-gnu/Scrt1.o
 *(.rela.tdata .rela.tdata.* .rela.gnu.linkonce.td.*)
 *(.rela.tbss .rela.tbss.* .rela.gnu.linkonce.tb.*)
 *(.rela.ctors)
 *(.rela.dtors)
 *(.rela.got)
 .rela.got      0x0000000000008068      0x120 /usr/lib/gcc/x86_64-linux-gnu/12/../../../x86_64-linux-gnu/Scrt1.o
 *(.rela.bss .rela.bss.* .rela.gnu.linkonce.b.*)
 .rela.bss      0x0000000000008188       0x18 /usr/lib/gcc/x86_64-linux-gnu/12/../../../x86_64-linux-gnu/Scrt1.o
 *(.rela.ldata .rela.ldata.* .rela.gnu.linkonce.l.*)
 *(.rela.lbss .rela.lbss.* .rela.gnu.linkonce.lb.*)
 *(.rela.lrodata .rela.lrodata.* .rela.gnu.linkonce.lr.*)
 *(.rela.ifunc)
 .rela.ifunc    0x00000000000081a0        0x0 /usr/lib/gcc/x86_64-linux-gnu/12/../../../x86_64-linux-gnu/Scrt1.o
 .rela.fini_array
                0x00000000000081a0       0x18 /usr/lib/gcc/x86_64-linux-gnu/12/../../../x86_64-linux-gnu/Scrt1.o
 .rela.init_array
                0x00000000000081b8       0x18 /usr/lib/gcc/x86_64-linux-gnu/12/../../../x86_64-linux-gnu/Scrt1.o

.rela.plt       0x00000000000081d0      0x498
 *(.rela.plt)
 .rela.plt      0x00000000000081d0      0x498 /usr/lib/gcc/x86_64-linux-gnu/12/../../../x86_64-linux-gnu/Scrt1.o
 *(.rela.iplt)

.relr.dyn
 *(.relr.dyn)
                0x0000000000009000                . = ALIGN (CONSTANT (MAXPAGESIZE))

.init           0x0000000000009000       0x17
 *(SORT_NONE(.init))
 .init          0x0000000000009000       0x12 /usr/lib/gcc/x86_64-linux-gnu/12/../../../x86_64-linux-gnu/crti.o
                0x0000000000009000                _init
 .init          0x0000000000009012        0x5 /usr/lib/gcc/x86_64-linux-gnu/12/../../../x86_64-linux-gnu/crtn.o

.plt            0x0000000000009020      0x320
 *(.plt)
 .plt           0x0000000000009020      0x320 /usr/lib/gcc/x86_64-linux-gnu/12/../../../x86_64-linux-gnu/Scrt1.o
                0x0000000000009030                __ctype_toupper_loc@@GLIBC_2.3
                0x0000000000009040                free@@GLIBC_2.2.5
                0x0000000000009050                putchar@@GLIBC_2.2.5
                0x0000000000009060                strcasecmp@@GLIBC_2.2.5
                0x0000000000009070                __errno_location@@GLIBC_2.2.5
                0x0000000000009080                strncpy@@GLIBC_2.2.5
                0x0000000000009090                remove@@GLIBC_2.2.5
                0x00000000000090a0                strncmp@@GLIBC_2.2.5
                0x00000000000090b0                mkdir@@GLIBC_2.2.5
                0x00000000000090c0                toupper@@GLIBC_2.2.5
                0x00000000000090d0                puts@@GLIBC_2.2.5
                0x00000000000090e0                fread@@GLIBC_2.2.5
                0x00000000000090f0                vsnprintf@@GLIBC_2.2.5
                0x0000000000009100                atof@@GLIBC_2.2.5
                0x0000000000009110                clock_gettime@@GLIBC_2.17
                0x0000000000009120                fclose@@GLIBC_2.2.5
                0x0000000000009130                strlen@@GLIBC_2.2.5
                0x0000000000009140                mmap@@GLIBC_2.2.5
                0x0000000000009150                system@@GLIBC_2.2.5
                0x0000000000009160                strchr@@GLIBC_2.2.5
                0x0000000000009170                printf@@GLIBC_2.2.5
                0x0000000000009180                snprintf@@GLIBC_2.2.5
                0x0000000000009190                strrchr@@GLIBC_2.2.5
                0x00000000000091a0                fputs@@GLIBC_2.2.5
                0x00000000000091b0                ioctl@@GLIBC_2.2.5
                0x00000000000091c0                close@@GLIBC_2.2.5
                0x00000000000091d0                calloc@@GLIBC_2.2.5
                0x00000000000091e0                strcmp@@GLIBC_2.2.5
                0x00000000000091f0                fprintf@@GLIBC_2.2.5
                0x0000000000009200                ftell@@GLIBC_2.2.5
                0x0000000000009210                malloc@@GLIBC_2.2.5
                0x0000000000009220                strncasecmp@@GLIBC_2.2.5
                0x0000000000009230                fflush@@GLIBC_2.2.5
                0x0000000000009240                __isoc99_sscanf@@GLIBC_2.7
                0x0000000000009250                fseek@@GLIBC_2.2.5
                0x0000000000009260                realloc@@GLIBC_2.2.5
                0x0000000000009270                munmap@@GLIBC_2.2.5
                0x0000000000009280                memmove@@GLIBC_2.2.5
                0x0000000000009290                open@@GLIBC_2.2.5
                0x00000000000092a0                fopen@@GLIBC_2.2.5
                0x00000000000092b0                perror@@GLIBC_2.2.5
                0x00000000000092c0                rename@@GLIBC_2.2.5
                0x00000000000092d0                vfprintf@@GLIBC_2.2.5
                0x00000000000092e0                atoi@@GLIBC_2.2.5
                0x00000000000092f0                exit@@GLIBC_2.2.5
                0x0000000000009300                fwrite@@GLIBC_2.2.5
                0x0000000000009310                strdup@@GLIBC_2.2.5
                0x0000000000009320                strstr@@GLIBC_2.2.5
                0x0000000000009330                usleep@@GLIBC_2.2.5
 *(.iplt)

.plt.got        0x0000000000009340        0x8
 *(.plt.got)
 .plt.got       0x0000000000009340        0x8 /usr/lib/gcc/x86_64-linux-gnu/12/../../../x86_64-linux-gnu/Scrt1.o
                0x0000000000009340                __cxa_finalize@@GLIBC_2.2.5

.plt.sec
 *(.plt.sec)

.text           0x0000000000009350    0x2302f
 *(.text.unlikely .text.*_unlikely .text.unlikely.*)
 *(.text.exit .text.exit.*)
 *(.text.startup .text.startup.*)
 .text.startup  0x0000000000009350       0x36 build/i_main.o
                0x0000000000009350                main
 *(.text.hot .text.hot.*)
 *(SORT_BY_NAME(.text.sorted.*))
 *(.text .stub .text.* .gnu.linkonce.t.*)
 *fill*         0x0000000000009386        0xa 
 .text          0x0000000000009390       0x22 /usr/lib/gcc/x86_64-linux-gnu/12/../../../x86_64-linux-gnu/Scrt1.o
                0x0000000000009390                _start
 *fill*         0x00000000000093b2        0xe 
 .text          0x00000000000093c0       0xb9 /usr/lib/gcc/x86_64-linux-gnu/12/crtbeginS.o
 .text          0x0000000000009479        0x1 build/dummy.o
                0x0000000000009479                I_InitTimidityConfig
 .text          0x000000000000947a     0x16c8 build/am_map.o
                0x000000000000947a                AM_getIslope
                0x00000000000094dc                AM_activateNewScale
                0x0000000000009578                AM_saveScaleAndLoc
                0x00000000000095a9                AM_restoreScaleAndLoc
                0x000000000000964e                AM_addMark
                0x000000000000969b                AM_findMinMaxBoundaries
                0x00000000000097c9                AM_changeWindowLoc
                0x0000000000009880                AM_initVariables
                0x00000000000099ca                AM_loadPics
                0x0000000000009a21                AM_unloadPics
                0x0000000000009a63                AM_clearMarks
                0x0000000000009a86                AM_LevelInit
                0x0000000000009af5                AM_Stop
                0x0000000000009b1b                AM_Start
                0x0000000000009b76                AM_minOutWindowScale
                0x0000000000009b99                AM_maxOutWindowScale
                0x0000000000009bbc                AM_Responder
                0x0000000000009f06                AM_changeWindowScale
                0x0000000000009f58                AM_doFollowPlayer
                0x000000000000a02d                AM_updateLightLev
                0x000000000000a07c                AM_Ticker
                0x000000000000a0c2                AM_clearFB
                0x000000000000a0de                AM_clipMline
                0x000000000000a412                AM_drawFline
                0x000000000000a525                AM_drawMline
                0x000000000000a54e                AM_drawGrid
                0x000000000000a627                AM_drawWalls
                0x000000000000a719                AM_rotate
                0x000000000000a795                AM_drawLineCharacter
                0x000000000000a899                AM_drawPlayers
                0x000000000000a983                AM_drawThings
                0x000000000000a9f3                AM_drawMarks
                0x000000000000aaa9                AM_drawCrosshair
                0x000000000000aace                AM_Drawer
 .text          0x000000000000ab42       0x6a build/d_event.o
                0x000000000000ab42                D_PostEvent
                0x000000000000ab77                D_PopEvent
 .text          0x000000000000abac      0x409 build/d_iwad.o
                0x000000000000ac1e                D_FindWADByName
                0x000000000000acc3                D_TryFindWADByName
                0x000000000000acd5                D_FindIWAD
                0x000000000000aeaf                D_FindAllIWADs
                0x000000000000af18                D_SaveGameIWADName
                0x000000000000af47                D_SuggestIWADName
                0x000000000000af7b                D_SuggestGameName
 .text          0x000000000000afb5      0x54c build/d_loop.o
                0x000000000000afb5                D_QuitNetGame
                0x000000000000b0fb                NetUpdate
                0x000000000000b155                D_ReceiveTic
                0x000000000000b202                D_StartGameLoop
                0x000000000000b217                D_StartNetGame
                0x000000000000b24d                D_InitNetGame
                0x000000000000b26f                TryRunTics
                0x000000000000b4f9                D_RegisterLoopCallbacks
 .text          0x000000000000b501     0x1474 build/d_main.o
                0x000000000000b501                D_GrabMouseCallback
                0x000000000000b57d                D_ProcessEvents
                0x000000000000b5ad                D_BindVariables
                0x000000000000b713                D_PageTicker
                0x000000000000b726                D_PageDrawer
                0x000000000000b745                D_Display
                0x000000000000ba96                D_DoomLoop
                0x000000000000bb63                D_AdvanceDemo
                0x000000000000bb6e                D_DoAdvanceDemo
                0x000000000000bd12                D_StartTitle
                0x000000000000bd2f                D_IdentifyVersion
                0x000000000000bef2                D_SetGameDescription
                0x000000000000bfa8                PrintDehackedBanners
                0x000000000000bfa9                PrintGameVersion
                0x000000000000bfd6                D_DoomMain
 .text          0x000000000000c975      0x167 build/d_mode.o
                0x000000000000c975                D_ValidGameMode
                0x000000000000c99e                D_ValidEpisodeMap
                0x000000000000ca12                D_GetNumEpisodes
                0x000000000000ca2d                D_ValidGameVersion
                0x000000000000ca61                D_IsEpisodeMap
                0x000000000000ca76                D_GameMissionString
 .text          0x000000000000cadc      0x3de build/d_net.o
                0x000000000000cbad                D_ConnectNetGame
                0x000000000000cc96                D_CheckNetGame
 .text          0x000000000000ceba      0xb2c build/f_finale.o
                0x000000000000ceba                F_StartFinale
                0x000000000000cfa5                F_TextWrite
                0x000000000000d0ac                F_StartCast
                0x000000000000d127                F_CastTicker
                0x000000000000d50e                F_Ticker
                0x000000000000d5d6                F_CastResponder
                0x000000000000d661                F_Responder
                0x000000000000d672                F_CastPrint
                0x000000000000d71b                F_CastDrawer
                0x000000000000d7ac                F_DrawPatchCol
                0x000000000000d803                F_BunnyScroll
                0x000000000000d966                F_Drawer
 .text          0x000000000000d9e6      0x42f build/f_wipe.o
                0x000000000000d9e6                wipe_doColorXForm
                0x000000000000da43                wipe_exitColorXForm
                0x000000000000da46                wipe_doMelt
                0x000000000000db71                wipe_initColorXForm
                0x000000000000db8a                wipe_exitMelt
                0x000000000000dbb3                wipe_shittyColMajorXform
                0x000000000000dc34                wipe_initMelt
                0x000000000000dcff                wipe_StartScreen
                0x000000000000dd24                wipe_EndScreen
                0x000000000000dd79                wipe_ScreenWipe
 .text          0x000000000000de15     0x23c8 build/g_game.o
                0x000000000000de15                G_CmdChecksum
                0x000000000000de1e                G_BuildTiccmd
                0x000000000000e4d4                G_DoLoadLevel
                0x000000000000e668                G_Responder
                0x000000000000e956                G_PlayerFinishLevel
                0x000000000000e9a8                G_PlayerReborn
                0x000000000000ea3e                G_InitPlayer
                0x000000000000ea43                G_CheckSpot
                0x000000000000ec51                G_DeathMatchSpawnPlayer
                0x000000000000ecea                G_DoReborn
                0x000000000000edb0                G_ScreenShot
                0x000000000000edbb                G_ExitLevel
                0x000000000000edce                G_SecretExitLevel
                0x000000000000ee11                G_DoCompleted
                0x000000000000f0f6                G_WorldDone
                0x000000000000f15e                G_DoWorldDone
                0x000000000000f18e                G_LoadGame
                0x000000000000f1af                G_SaveGame
                0x000000000000f1d3                G_DoSaveGame
                0x000000000000f327                G_DeferedInitNew
                0x000000000000f344                G_InitNew
                0x000000000000f592                G_DoLoadGame
                0x000000000000f64a                G_DoNewGame
                0x000000000000f6b0                G_RecordDemo
                0x000000000000f753                G_VanillaVersionCode
                0x000000000000f791                G_BeginRecording
                0x000000000000f8f0                G_DeferedPlayDemo
                0x000000000000f902                G_DoPlayDemo
                0x000000000000fb49                G_TimeDemo
                0x000000000000fb86                G_CheckDemoStatus
                0x000000000000fcb4                G_ReadDemoTiccmd
                0x000000000000fd3d                G_WriteDemoTiccmd
                0x000000000000fe7d                G_Ticker
 .text          0x00000000000101dd      0x4a1 build/hu_lib.o
                0x00000000000101dd                HUlib_init
                0x00000000000101de                HUlib_clearTextLine
                0x00000000000101f0                HUlib_initTextLine
                0x000000000001020f                HUlib_addCharToTextLine
                0x000000000001023c                HUlib_delCharFromTextLine
                0x0000000000010260                HUlib_drawTextLine
                0x0000000000010310                HUlib_eraseTextLine
                0x00000000000103bb                HUlib_initSText
                0x0000000000010427                HUlib_addLineToSText
                0x0000000000010473                HUlib_addMessageToSText
                0x00000000000104c9                HUlib_drawSText
                0x000000000001050d                HUlib_eraseSText
                0x0000000000010562                HUlib_initIText
                0x0000000000010594                HUlib_delCharFromIText
                0x00000000000105a2                HUlib_eraseLineFromIText
                0x00000000000105b2                HUlib_resetIText
                0x00000000000105c9                HUlib_addPrefixToIText
                0x00000000000105e5                HUlib_keyInIText
                0x0000000000010637                HUlib_drawIText
                0x000000000001064b                HUlib_eraseIText
 .text          0x000000000001067e      0x717 build/hu_stuff.o
                0x000000000001067e                HU_Init
                0x00000000000106db                HU_Stop
                0x00000000000106e4                HU_Start
                0x00000000000108a8                HU_Drawer
                0x00000000000108db                HU_Erase
                0x0000000000010901                HU_Ticker
                0x0000000000010abf                HU_queueChatChar
                0x0000000000010afc                HU_dequeueChatChar
                0x0000000000010b27                HU_Responder
 .text          0x0000000000010d95        0x1 build/i_endoom.o
                0x0000000000010d95                I_Endoom
 .text          0x0000000000010d96       0xed build/i_joystick.o
                0x0000000000010d96                I_ShutdownJoystick
                0x0000000000010d97                I_InitJoystick
                0x0000000000010d98                I_UpdateJoystick
                0x0000000000010d99                I_BindJoystickVariables
 .text          0x0000000000010e83      0x20c build/i_sound.o
                0x0000000000010e83                I_InitSound
                0x0000000000010ee5                I_ShutdownSound
                0x0000000000010ef5                I_GetSfxLumpNum
                0x0000000000010f07                I_UpdateSound
                0x0000000000010f17                I_UpdateSoundParams
                0x0000000000010f49                I_StartSound
                0x0000000000010f87                I_StopSound
                0x0000000000010f97                I_SoundIsPlaying
                0x0000000000010fa9                I_PrecacheSounds
                0x0000000000010fc1                I_InitMusic
                0x0000000000010fc2                I_ShutdownMusic
                0x0000000000010fc3                I_SetMusicVolume
                0x0000000000010fc4                I_PauseSong
                0x0000000000010fc5                I_ResumeSong
                0x0000000000010fc6                I_RegisterSong
                0x0000000000010fc9                I_UnRegisterSong
                0x0000000000010fca                I_PlaySong
                0x0000000000010fcb                I_StopSong
                0x0000000000010fcc                I_MusicIsPlaying
                0x0000000000010fcf                I_BindSoundVariables
 .text          0x000000000001108f      0x537 build/i_system.o
                0x000000000001108f                I_AtExit
                0x00000000000110bd                I_Tactile
                0x00000000000110be                I_PrintBanner
                0x00000000000110f7                I_PrintDivider
                0x0000000000011116                I_PrintStartupBanner
                0x0000000000011145                I_ConsoleStdout
                0x0000000000011148                I_Quit
                0x000000000001115f                I_Error
                0x000000000001139c                I_ZoneBase
                0x0000000000011417                I_GetMemoryValue
 .text          0x00000000000115c6       0x58 build/i_timer.o
                0x00000000000115c6                I_GetTicks
                0x00000000000115cd                I_GetTime
                0x00000000000115f8                I_GetTimeMS
                0x0000000000011617                I_Sleep
                0x000000000001161c                I_WaitVBL
                0x000000000001161d                I_InitTimer
 .text          0x000000000001161e       0x87 build/m_argv.o
                0x000000000001161e                M_CheckParmWithArgs
                0x000000000001166a                M_CheckParm
                0x000000000001166e                M_ParmExists
                0x000000000001167e                M_FindResponseFile
                0x000000000001167f                M_GetExecutableName
 .text          0x00000000000116a5       0x3d build/m_bbox.o
                0x00000000000116a5                M_ClearBox
                0x00000000000116c0                M_AddToBox
 .text          0x00000000000116e2       0x8d build/m_cheat.o
                0x00000000000116e2                cht_CheckCheat
                0x000000000001175e                cht_GetParam
 .text          0x000000000001176f      0x34d build/m_config.o
                0x0000000000011839                M_SetConfigFilenames
                0x0000000000011848                M_SaveDefaults
                0x0000000000011849                M_SaveDefaultsAlternate
                0x000000000001184a                M_LoadDefaults
                0x0000000000011911                M_BindVariable
                0x0000000000011927                M_SetVariable
                0x00000000000119be                M_GetIntVariable
                0x00000000000119e1                M_GetStrVariable
                0x0000000000011a05                M_GetFloatVariable
                0x0000000000011a29                M_SetConfigDir
                0x0000000000011a6b                M_GetSaveGameDir
 .text          0x0000000000011abc      0x929 build/m_controls.o
                0x0000000000011abc                M_BindBaseControls
                0x0000000000011cbf                M_BindHereticControls
                0x0000000000011d6c                M_BindHexenControls
                0x0000000000011e3f                M_BindStrifeControls
                0x0000000000011fad                M_BindWeaponControls
                0x00000000000120b9                M_BindMapControls
                0x000000000001219f                M_BindMenuControls
                0x000000000001237c                M_BindChatControls
                0x00000000000123e4                M_ApplyPlatformDefaults
 .text          0x00000000000123e5       0x44 build/m_fixed.o
                0x00000000000123e5                FixedMul
                0x00000000000123f7                FixedDiv
 .text          0x0000000000012429     0x1a76 build/m_menu.o
                0x0000000000012429                M_ChangeMessages
                0x0000000000012474                M_DrawReadThis2
                0x000000000001249d                M_DrawMainMenu
                0x00000000000124c2                M_DrawNewGame
                0x000000000001250a                M_DrawEpisode
                0x000000000001252f                M_LoadSelect
                0x0000000000012568                M_SaveSelect
                0x00000000000125c4                M_DrawReadThis1
                0x000000000001268e                M_SfxVol
                0x00000000000126c5                M_MusicVol
                0x00000000000126fc                M_SizeDisplay
                0x000000000001274e                M_ChangeSensitivity
                0x0000000000012779                M_QuitResponse
                0x00000000000127cd                M_ChangeDetail
                0x0000000000012831                M_QuickLoadResponse
                0x0000000000012853                M_VerifyNightmare
                0x000000000001287f                M_EndGameResponse
                0x00000000000128a7                M_ReadSaveStrings
                0x0000000000012957                M_DrawSaveLoadBorder
                0x00000000000129d6                M_DoSave
                0x0000000000012a0b                M_QuickSaveResponse
                0x0000000000012a2d                M_DrawThermo
                0x0000000000012af7                M_DrawSound
                0x0000000000012b5f                M_DrawOptions
                0x0000000000012c3a                M_DrawEmptyCell
                0x0000000000012c70                M_DrawSelCell
                0x0000000000012ca6                M_StartMessage
                0x0000000000012cdb                M_QuickLoad
                0x0000000000012d4a                M_EndGame
                0x0000000000012d8b                M_QuitDOOM
                0x0000000000012def                M_ChooseSkill
                0x0000000000012e2a                M_StopMessage
                0x0000000000012e3f                M_StringWidth
                0x0000000000012e97                M_StringHeight
                0x0000000000012eca                M_WriteText
                0x0000000000012f40                M_DrawLoad
                0x0000000000012fac                M_DrawSave
                0x0000000000013062                M_StartControlPanel
                0x0000000000013091                M_Drawer
                0x0000000000013292                M_ClearMenus
                0x000000000001329b                M_SetupNextMenu
                0x00000000000132ad                M_LoadGame
                0x00000000000132d9                M_SaveGame
                0x000000000001330f                M_QuickSave
                0x000000000001339c                M_Responder
                0x0000000000013cd0                M_Sound
                0x0000000000013cdc                M_NewGame
                0x0000000000013d23                M_Episode
                0x0000000000013d7c                M_Options
                0x0000000000013d88                M_ReadThis
                0x0000000000013d94                M_FinishReadThis
                0x0000000000013da0                M_ReadThis2
                0x0000000000013dc5                M_Ticker
                0x0000000000013dec                M_Init
 .text          0x0000000000013e9f      0x6b6 build/m_misc.o
                0x0000000000013e9f                M_MakeDirectory
                0x0000000000013ea9                M_FileExists
                0x0000000000013eda                M_FileLength
                0x0000000000013f18                M_WriteFile
                0x0000000000013f62                M_ReadFile
                0x0000000000014009                M_StrToInt
                0x000000000001407e                M_ExtractFileBase
                0x00000000000140ea                M_ForceUppercase
                0x0000000000014110                M_StrCaseStr
                0x0000000000014170                M_StringDuplicate
                0x00000000000141ab                M_StringCopy
                0x00000000000141dc                M_StringReplace
                0x00000000000142be                M_StringConcat
                0x00000000000142f6                M_StringStartsWith
                0x0000000000014332                M_StringEndsWith
                0x0000000000014370                M_StringJoin
                0x0000000000014482                M_TempFile
                0x000000000001449c                M_vsnprintf
                0x00000000000144cb                M_snprintf
 .text          0x0000000000014555       0x49 build/m_random.o
                0x0000000000014555                P_Random
                0x0000000000014572                M_Random
                0x000000000001458f                M_ClearRandom
 .text          0x000000000001459e      0x378 build/p_ceilng.o
                0x000000000001459e                P_AddActiveCeiling
                0x00000000000145bf                P_RemoveActiveCeiling
                0x00000000000145fa                T_MoveCeiling
                0x0000000000014751                P_ActivateInStasisCeiling
                0x0000000000014795                EV_DoCeiling
                0x00000000000148cf                EV_CeilingCrushStop
 .text          0x0000000000014916      0x6a3 build/p_doors.o
                0x0000000000014916                T_VerticalDoor
                0x0000000000014aa4                EV_DoDoor
                0x0000000000014c27                EV_DoLockedDoor
                0x0000000000014cc4                EV_VerticalDoor
                0x0000000000014ef5                P_SpawnDoorCloseIn30
                0x0000000000014f48                P_SpawnDoorRaiseIn5Mins
 .text          0x0000000000014fb9     0x1f8d build/p_enemy.o
                0x0000000000014fb9                PIT_VileCheck
                0x000000000001505f                P_RecursiveSound
                0x000000000001510e                P_NoiseAlert
                0x0000000000015129                P_CheckMeleeRange
                0x0000000000015180                P_CheckMissileRange
                0x0000000000015276                P_Move
                0x0000000000015394                P_TryWalk
                0x00000000000153b6                P_NewChaseDir
                0x0000000000015609                P_LookForPlayers
                0x0000000000015712                A_KeenDie
                0x000000000001577b                A_Look
                0x000000000001583f                A_Chase
                0x0000000000015a4a                A_FaceTarget
                0x0000000000015aa0                A_PosAttack
                0x0000000000015b1f                A_SPosAttack
                0x0000000000015bb7                A_CPosAttack
                0x0000000000015c36                A_CPosRefire
                0x0000000000015c7f                A_SpidRefire
                0x0000000000015cc8                A_BspiAttack
                0x0000000000015cfb                A_TroopAttack
                0x0000000000015d62                A_SargAttack
                0x0000000000015dab                A_HeadAttack
                0x0000000000015e05                A_CyberAttack
                0x0000000000015e38                A_BruisAttack
                0x0000000000015e97                A_SkelMissile
                0x0000000000015ee9                A_Tracer
                0x0000000000016053                A_SkelWhoosh
                0x000000000001607f                A_SkelFist
                0x00000000000160e7                A_VileChase
                0x000000000001625f                A_VileStart
                0x0000000000016269                A_Fire
                0x000000000001630b                A_StartFire
                0x000000000001632c                A_FireCrackle
                0x000000000001634d                A_VileTarget
                0x000000000001639f                A_VileAttack
                0x000000000001648f                A_FatRaise
                0x00000000000164b0                A_FatAttack1
                0x0000000000016544                A_FatAttack2
                0x00000000000165d8                A_FatAttack3
                0x00000000000166ba                A_SkullAttack
                0x000000000001676b                A_PainShootSkull
                0x000000000001688d                A_PainAttack
                0x00000000000168b7                A_PainDie
                0x00000000000168f3                A_Scream
                0x0000000000016956                A_XScream
                0x0000000000016960                A_Pain
                0x0000000000016974                A_Fall
                0x000000000001697c                A_Explode
                0x000000000001698d                A_BossDeath
                0x0000000000016b31                A_Hoof
                0x0000000000016b52                A_Metal
                0x0000000000016b73                A_BabyMetal
                0x0000000000016b94                A_OpenShotgun2
                0x0000000000016ba1                A_LoadShotgun2
                0x0000000000016bae                A_CloseShotgun2
                0x0000000000016bd2                A_BrainAwake
                0x0000000000016c3b                A_BrainPain
                0x0000000000016c47                A_BrainScream
                0x0000000000016ce3                A_BrainExplode
                0x0000000000016d65                A_BrainDie
                0x0000000000016d6a                A_BrainSpit
                0x0000000000016dfa                A_SpawnFly
                0x0000000000016f02                A_SpawnSound
                0x0000000000016f23                A_PlayerScream
 .text          0x0000000000016f46      0x68f build/p_floor.o
                0x0000000000016f46                T_MovePlane
                0x0000000000017051                T_MoveFloor
                0x00000000000170e3                EV_DoFloor
                0x0000000000017430                EV_BuildStairs
 .text          0x00000000000175d5      0xe2c build/p_inter.o
                0x00000000000175d5                P_GiveAmmo
                0x00000000000176f3                P_GiveWeapon
                0x0000000000017817                P_GiveBody
                0x0000000000017841                P_GiveArmor
                0x0000000000017857                P_GiveCard
                0x0000000000017876                P_GivePower
                0x00000000000178f0                P_TouchSpecialThing
                0x0000000000017f0b                P_KillMobj
                0x00000000000180f4                P_DamageMobj
 .text          0x0000000000018401      0x3a5 build/p_lights.o
                0x0000000000018401                T_StrobeFlash
                0x000000000001842c                T_Glow
                0x0000000000018479                T_FireFlicker
                0x00000000000184b1                T_LightFlash
                0x00000000000184ee                P_SpawnFireFlicker
                0x0000000000018545                P_SpawnLightFlash
                0x00000000000185ac                P_SpawnStrobeFlash
                0x0000000000018630                EV_StartLightStrobing
                0x0000000000018670                EV_TurnTagLightsOff
                0x00000000000186de                EV_LightTurnOn
                0x000000000001874e                P_SpawnGlowingLight
 .text          0x00000000000187a6     0x1461 build/p_map.o
                0x00000000000187a6                PIT_StompThing
                0x000000000001881a                PIT_CheckLine
                0x00000000000189e2                PIT_CheckThing
                0x0000000000018b94                PTR_SlideTraverse
                0x0000000000018c47                PTR_AimTraverse
                0x0000000000018da0                PTR_ShootTraverse
                0x0000000000019058                PTR_UseTraverse
                0x00000000000190bd                PIT_RadiusAttack
                0x0000000000019158                P_TeleportMove
                0x00000000000192bf                P_CheckPosition
                0x0000000000019460                P_TryMove
                0x00000000000195bd                P_ThingHeightClip
                0x0000000000019615                PIT_ChangeSector
                0x00000000000196eb                P_HitSlideLine
                0x00000000000197c6                P_SlideMove
                0x00000000000199a8                P_AimLineAttack
                0x0000000000019a53                P_LineAttack
                0x0000000000019ace                P_UseLines
                0x0000000000019b19                P_RadiusAttack
                0x0000000000019bb0                P_ChangeSector
 .text          0x0000000000019c07      0xa3d build/p_maputl.o
                0x0000000000019ca8                P_AproxDistance
                0x0000000000019cc7                P_PointOnLineSide
                0x0000000000019d30                P_BoxOnLineSide
                0x0000000000019df4                P_PointOnDivlineSide
                0x0000000000019e6f                P_MakeDivline
                0x0000000000019e89                P_InterceptVector
                0x0000000000019eff                PIT_AddLineIntercepts
                0x000000000001a01a                PIT_AddThingIntercepts
                0x000000000001a105                P_LineOpening
                0x000000000001a146                P_UnsetThingPosition
                0x000000000001a1e5                P_SetThingPosition
                0x000000000001a291                P_BlockLinesIterator
                0x000000000001a30c                P_BlockThingsIterator
                0x000000000001a361                P_TraverseIntercepts
                0x000000000001a3d9                P_PathTraverse
 .text          0x000000000001a644     0x10c3 build/p_mobj.o
                0x000000000001a644                P_SpawnMobj
                0x000000000001a771                P_RemoveMobj
                0x000000000001a805                P_SetMobjState
                0x000000000001a881                P_ExplodeMissile
                0x000000000001a8fe                P_ZMovement
                0x000000000001aaa0                P_XYMovement
                0x000000000001acf6                P_NightmareRespawn
                0x000000000001ae04                P_MobjThinker
                0x000000000001aebc                P_RespawnSpecials
                0x000000000001afe8                P_SpawnPlayer
                0x000000000001b113                P_SpawnMapThing
                0x000000000001b331                P_SpawnPuff
                0x000000000001b3c0                P_SpawnBlood
                0x000000000001b460                P_CheckMissileSpawn
                0x000000000001b4bd                P_SubstNullMobj
                0x000000000001b4e4                P_SpawnMissile
                0x000000000001b5ec                P_SpawnPlayerMissile
 .text          0x000000000001b707      0x425 build/p_plats.o
                0x000000000001b707                P_ActivateInStasis
                0x000000000001b745                EV_StopPlat
                0x000000000001b788                P_AddActivePlat
                0x000000000001b7b6                EV_DoPlat
                0x000000000001b9b4                P_RemoveActivePlat
                0x000000000001b9ff                T_PlatRaise
 .text          0x000000000001bb2c      0xb96 build/p_pspr.o
                0x000000000001bb4a                P_SetPsprite
                0x000000000001bbf9                P_CalcSwing
                0x000000000001bc45                P_BringUpWeapon
                0x000000000001bca5                P_CheckAmmo
                0x000000000001bdd1                P_FireWeapon
                0x000000000001be15                P_DropWeapon
                0x000000000001be2e                A_WeaponReady
                0x000000000001bf3c                A_ReFire
                0x000000000001bf69                A_CheckReload
                0x000000000001bf6e                A_Lower
                0x000000000001bfac                A_Raise
                0x000000000001bfdf                A_GunFlash
                0x000000000001c010                A_Punch
                0x000000000001c0bf                A_Saw
                0x000000000001c1ba                A_FireMissile
                0x000000000001c1e4                A_FireBFG
                0x000000000001c20e                A_FirePlasma
                0x000000000001c25c                P_BulletSlope
                0x000000000001c2c1                P_GunShot
                0x000000000001c325                A_FirePistol
                0x000000000001c38e                A_FireShotgun
                0x000000000001c3fa                A_FireShotgun2
                0x000000000001c4d0                A_FireCGun
                0x000000000001c579                A_Light0
                0x000000000001c582                A_Light1
                0x000000000001c58d                A_Light2
                0x000000000001c598                A_BFGSpray
                0x000000000001c632                A_BFGsound
                0x000000000001c63f                P_SetupPsprites
                0x000000000001c65d                P_MovePsprites
 .text          0x000000000001c6c2     0x1698 build/p_saveg.o
                0x000000000001c8e4                P_TempSaveGameFile
                0x000000000001c91e                P_SaveGameFile
                0x000000000001c9a9                P_WriteSaveGameHeader
                0x000000000001ca8a                P_ReadSaveGameHeader
                0x000000000001cb70                P_ReadSaveGameEOF
                0x000000000001cb80                P_WriteSaveGameEOF
                0x000000000001cb8a                P_ArchivePlayers
                0x000000000001cdf9                P_UnArchivePlayers
                0x000000000001d07c                P_ArchiveWorld
                0x000000000001d174                P_UnArchiveWorld
                0x000000000001d27b                P_ArchiveThinkers
                0x000000000001d472                P_UnArchiveThinkers
                0x000000000001d715                P_ArchiveSpecials
                0x000000000001d985                P_UnArchiveSpecials
 .text          0x000000000001dd5a      0xce6 build/p_setup.o
                0x000000000001dd5a                P_LoadVertexes
                0x000000000001ddca                GetSectorAtNullAddress
                0x000000000001de18                P_LoadSegs
                0x000000000001df4f                P_LoadSubsectors
                0x000000000001dfd9                P_LoadSectors
                0x000000000001e0b2                P_LoadNodes
                0x000000000001e17d                P_LoadThings
                0x000000000001e230                P_LoadLineDefs
                0x000000000001e3a4                P_LoadSideDefs
                0x000000000001e486                P_LoadBlockMap
                0x000000000001e51b                P_GroupLines
                0x000000000001e767                P_SetupLevel
                0x000000000001ea28                P_Init
 .text          0x000000000001ea40      0x41f build/p_sight.o
                0x000000000001ea40                P_DivlineSide
                0x000000000001eaa8                P_InterceptVector2
                0x000000000001eb1e                P_CrossSubsector
                0x000000000001ecee                P_CrossBSPNode
                0x000000000001ed90                P_CheckSight
 .text          0x000000000001ee5f      0xd5d build/p_spec.o
                0x000000000001ee5f                P_InitPicAnims
                0x000000000001ef51                getSide
                0x000000000001ef7f                getSector
                0x000000000001efb1                twoSided
                0x000000000001efd1                getNextSector
                0x000000000001efe7                P_FindLowestFloorSurrounding
                0x000000000001f01c                P_FindHighestFloorSurrounding
                0x000000000001f054                P_FindNextHighestFloor
                0x000000000001f0f7                P_FindLowestCeilingSurrounding
                0x000000000001f130                P_FindHighestCeilingSurrounding
                0x000000000001f166                P_FindSectorFromLineTag
                0x000000000001f19c                P_FindMinSurroundingLight
                0x000000000001f1d3                P_CrossSpecialLine
                0x000000000001f525                P_ShootSpecialLine
                0x000000000001f590                P_PlayerInSpecialSector
                0x000000000001f675                P_UpdateSpecials
                0x000000000001f7dd                EV_DoDonut
                0x000000000001fa0d                P_SpawnSpecials
 .text          0x000000000001fbbc      0x557 build/p_switch.o
                0x000000000001fbbc                P_InitSwitchList
                0x000000000001fc5a                P_StartButton
                0x000000000001fccd                P_ChangeSwitchTexture
                0x000000000001fe24                P_UseSpecialLine
 .text          0x0000000000020113      0x185 build/p_telept.o
                0x0000000000020113                EV_Teleport
 .text          0x0000000000020298      0x11b build/p_tick.o
                0x0000000000020298                P_InitThinkers
                0x00000000000202ae                P_AddThinker
                0x00000000000202cf                P_RemoveThinker
                0x00000000000202d8                P_AllocateThinker
                0x00000000000202d9                P_RunThinkers
                0x0000000000020325                P_Ticker
 .text          0x00000000000203b3      0x48b build/p_user.o
                0x00000000000203b3                P_Thrust
                0x00000000000203fa                P_CalcHeight
                0x00000000000204f9                P_MovePlayer
                0x0000000000020585                P_DeathThink
                0x000000000002064d                P_PlayerThink
 .text          0x000000000002083e      0x50f build/r_bsp.o
                0x000000000002083e                R_ClearDrawSegs
                0x000000000002084d                R_ClipSolidWallSegment
                0x000000000002094a                R_ClipPassWallSegment
                0x00000000000209a5                R_ClearClipSegs
                0x00000000000209d5                R_AddLine
                0x0000000000020ae3                R_CheckBBox
                0x0000000000020bfe                R_Subsector
                0x0000000000020cc3                R_RenderBSPNode
 .text          0x0000000000020d4d      0xd77 build/r_data.o
                0x0000000000020d4d                R_DrawColumnInCache
                0x0000000000020d9b                R_GenerateComposite
                0x0000000000020eb3                R_GenerateLookup
                0x0000000000021035                R_GetColumn
                0x00000000000210a3                R_InitTextures
                0x00000000000215d5                R_InitFlats
                0x000000000002163b                R_InitSpriteLumps
                0x0000000000021733                R_InitColormaps
                0x0000000000021755                R_InitData
                0x0000000000021786                R_FlatNumForName
                0x00000000000217ca                R_CheckTextureNumForName
                0x000000000002181e                R_TextureNumForName
                0x0000000000021846                R_PrecacheLevel
 .text          0x0000000000021ac4      0xb7b build/r_draw.o
                0x0000000000021ac4                R_DrawColumn
                0x0000000000021b79                R_DrawColumnLow
                0x0000000000021c4d                R_DrawFuzzColumn
                0x0000000000021d31                R_DrawFuzzColumnLow
                0x0000000000021e4d                R_DrawTranslatedColumn
                0x0000000000021f0d                R_DrawTranslatedColumnLow
                0x000000000002200c                R_InitTranslationTables
                0x00000000000220a1                R_DrawSpan
                0x000000000002217f                R_DrawSpanLow
                0x000000000002228a                R_InitBuffer
                0x00000000000222fa                R_FillBackScreen
                0x0000000000022572                R_VideoErase
                0x0000000000022596                R_DrawViewBorder
 .text          0x000000000002263f      0x91a build/r_main.o
                0x000000000002263f                R_AddPointToBox
                0x000000000002265e                R_PointOnSide
                0x00000000000226cf                R_PointOnSegSide
                0x0000000000022755                R_PointToAngle
                0x000000000002284c                R_PointToAngle2
                0x0000000000022867                R_PointToDist
                0x00000000000228c8                R_InitPointToAngle
                0x00000000000228c9                R_ScaleFromGlobalAngle
                0x0000000000022947                R_InitTables
                0x0000000000022948                R_InitTextureMapping
                0x0000000000022a69                R_InitLightTables
                0x0000000000022af0                R_SetViewSize
                0x0000000000022b07                R_ExecuteSetViewSize
                0x0000000000022d72                R_Init
                0x0000000000022df4                R_PointInSubsector
                0x0000000000022e51                R_SetupFrame
                0x0000000000022f12                R_RenderPlayerView
 .text          0x0000000000022f59      0x661 build/r_plane.o
                0x0000000000022f59                R_InitPlanes
                0x0000000000022f5a                R_MapPlane
                0x00000000000230fc                R_ClearPlanes
                0x00000000000231af                R_FindPlane
                0x0000000000023253                R_CheckPlane
                0x00000000000232de                R_MakeSpans
                0x000000000002338d                R_DrawPlanes
 .text          0x00000000000235ba      0xd94 build/r_segs.o
                0x00000000000235ba                R_RenderMaskedSegRange
                0x00000000000237d1                R_RenderSegLoop
                0x0000000000023ada                R_StoreWallRange
 .text          0x000000000002434e        0xb build/r_sky.o
                0x000000000002434e                R_InitSkyMap
 .text          0x0000000000024359      0xeb3 build/r_things.o
                0x0000000000024359                R_InstallSpriteLump
                0x00000000000244af                R_InitSpriteDefs
                0x00000000000246ff                R_InitSprites
                0x000000000002471d                R_ClearSprites
                0x000000000002472c                R_NewVisSprite
                0x0000000000024753                R_DrawMaskedColumn
                0x000000000002481a                R_DrawVisSprite
                0x000000000002493f                R_ProjectSprite
                0x0000000000024bd5                R_AddSprites
                0x0000000000024c3b                R_DrawPSprite
                0x0000000000024e10                R_DrawPlayerSprites
                0x0000000000024eaa                R_SortVisSprites
                0x0000000000024f7e                R_DrawSprite
                0x000000000002518c                R_DrawMasked
 .text          0x000000000002520c     0x158d build/sha1.o
                0x0000000000026555                SHA1_Init
                0x000000000002657f                SHA1_Update
                0x0000000000026655                SHA1_Final
                0x0000000000026750                SHA1_UpdateInt32
                0x000000000002676e                SHA1_UpdateString
 .text          0x0000000000026799       0x4b build/statdump.o
                0x0000000000026799                StatCopy
                0x00000000000267e3                StatDump
 .text          0x00000000000267e4      0x38b build/st_lib.o
                0x00000000000267e4                STlib_init
                0x00000000000267ff                STlib_initNum
                0x000000000002681d                STlib_drawNum
                0x000000000002695d                STlib_updateNum
                0x000000000002696c                STlib_initPercent
                0x000000000002698f                STlib_updatePercent
                0x00000000000269bc                STlib_initMultIcon
                0x00000000000269d5                STlib_updateMultIcon
                0x0000000000026aa3                STlib_initBinIcon
                0x0000000000026aba                STlib_updateBinIcon
 .text          0x0000000000026b6f     0x136f build/st_stuff.o
                0x0000000000026e22                ST_refreshBackground
                0x0000000000026e93                ST_Responder
                0x0000000000027371                ST_calcPainOffset
                0x00000000000273b0                ST_updateFaceWidget
                0x000000000002769c                ST_updateWidgets
                0x000000000002777d                ST_Ticker
                0x00000000000277a6                ST_doPaletteStuff
                0x000000000002786a                ST_drawWidgets
                0x0000000000027974                ST_doRefresh
                0x000000000002798d                ST_diffDraw
                0x0000000000027994                ST_Drawer
                0x00000000000279d5                ST_loadGraphics
                0x00000000000279e1                ST_loadData
                0x00000000000279f7                ST_unloadGraphics
                0x0000000000027a03                ST_unloadData
                0x0000000000027a05                ST_initData
                0x0000000000027a94                ST_createWidgets
                0x0000000000027e6c                ST_Stop
                0x0000000000027e9b                ST_Start
                0x0000000000027ebe                ST_Init
 .text          0x0000000000027ede      0x6ec build/s_sound.o
                0x0000000000027ede                S_Shutdown
                0x000000000002801e                S_StopSound
                0x000000000002804e                S_StartSound
                0x000000000002821c                S_PauseSound
                0x0000000000028242                S_ResumeSound
                0x0000000000028266                S_UpdateSounds
                0x0000000000028336                S_SetMusicVolume
                0x0000000000028356                S_SetSfxVolume
                0x0000000000028376                S_Init
                0x0000000000028413                S_MusicPlaying
                0x0000000000028418                S_StopMusic
                0x000000000002846c                S_ChangeMusic
                0x000000000002853e                S_Start
                0x00000000000285c3                S_StartMusic
 .text          0x00000000000285ca       0x26 build/tables.o
                0x00000000000285ca                SlopeDiv
 .text          0x00000000000285f0      0xb72 build/v_video.o
                0x00000000000285f0                V_MarkRect
                0x0000000000028640                V_CopyRect
                0x000000000002870d                V_SetPatchClipCallback
                0x0000000000028715                V_DrawPatch
                0x0000000000028817                V_DrawPatchFlipped
                0x000000000002890f                V_DrawPatchDirect
                0x0000000000028914                V_DrawTLPatch
                0x00000000000289e6                V_DrawXlaPatch
                0x0000000000028aa6                V_DrawAltTLPatch
                0x0000000000028b78                V_DrawShadowedPatch
                0x0000000000028c79                V_LoadTintTable
                0x0000000000028c94                V_LoadXlaTable
                0x0000000000028caf                V_DrawBlock
                0x0000000000028d37                V_DrawFilledBox
                0x0000000000028d72                V_DrawHorizLine
                0x0000000000028d97                V_DrawVertLine
                0x0000000000028dc3                V_DrawBox
                0x0000000000028dfd                V_DrawRawScreen
                0x0000000000028e0f                V_Init
                0x0000000000028e10                V_UseBuffer
                0x0000000000028e18                V_RestoreBuffer
                0x0000000000028e27                WritePCXfile
                0x0000000000028f29                V_ScreenShot
                0x0000000000028fab                V_DrawMouseSpeedBox
 .text          0x0000000000029162     0x1c41 build/wi_stuff.o
                0x0000000000029569                WI_slamBackground
                0x0000000000029579                WI_Responder
                0x000000000002957c                WI_drawLF
                0x0000000000029642                WI_drawEL
                0x00000000000296ae                WI_drawOnLnode
                0x000000000002976c                WI_initAnimatedBack
                0x000000000002981c                WI_updateAnimatedBack
                0x0000000000029902                WI_drawAnimatedBack
                0x0000000000029964                WI_drawNum
                0x0000000000029a2e                WI_drawPercent
                0x0000000000029a69                WI_drawTime
                0x0000000000029b08                WI_initNoState
                0x0000000000029b25                WI_updateNoState
                0x0000000000029b3b                WI_initShowNextLoc
                0x0000000000029b5c                WI_updateShowNextLoc
                0x0000000000029b92                WI_drawShowNextLoc
                0x0000000000029c48                WI_drawNoState
                0x0000000000029c57                WI_fragSum
                0x0000000000029c8d                WI_initDeathmatchStats
                0x0000000000029d00                WI_updateDeathmatchStats
                0x0000000000029ef9                WI_drawDeathmatchStats
                0x000000000002a0fc                WI_initNetgameStats
                0x000000000002a19a                WI_updateNetgameStats
                0x000000000002a504                WI_drawNetgameStats
                0x000000000002a75b                WI_initStats
                0x000000000002a7b4                WI_updateStats
                0x000000000002aa3a                WI_drawStats
                0x000000000002ab49                WI_checkForAccelerate
                0x000000000002abc7                WI_Ticker
                0x000000000002ac43                WI_loadData
                0x000000000002acbb                WI_unloadData
                0x000000000002acc7                WI_End
                0x000000000002acc9                WI_Drawer
                0x000000000002ad08                WI_initVariables
                0x000000000002ad74                WI_Start
 .text          0x000000000002ada3      0x118 build/w_checksum.o
                0x000000000002ada3                W_Checksum
 .text          0x000000000002aebb       0x29 build/w_file.o
                0x000000000002aebb                W_OpenFile
                0x000000000002aed8                W_CloseFile
                0x000000000002aede                W_Read
 .text          0x000000000002aee4       0x7c build/w_main.o
                0x000000000002aee4                W_ParseCommandLine
 .text          0x000000000002af60      0x623 build/w_wad.o
                0x000000000002af60                W_LumpNameHash
                0x000000000002af96                W_AddFile
                0x000000000002b1fd                W_NumLumps
                0x000000000002b204                W_CheckNumForName
                0x000000000002b29a                W_GetNumForName
                0x000000000002b2c2                W_LumpLength
                0x000000000002b2ed                W_ReadLump
                0x000000000002b355                W_CacheLumpNum
                0x000000000002b3f4                W_CacheLumpName
                0x000000000002b410                W_ReleaseLumpNum
                0x000000000002b45f                W_ReleaseLumpName
                0x000000000002b46a                W_GenerateHashTable
                0x000000000002b4f8                W_CheckCorrectIWAD
 .text          0x000000000002b583      0x57e build/z_zone.o
                0x000000000002b583                Z_ClearZone
                0x000000000002b5ba                Z_Init
                0x000000000002b60e                Z_Free
                0x000000000002b6b9                Z_Malloc
                0x000000000002b7da                Z_FreeTags
                0x000000000002b82a                Z_DumpHeap
                0x000000000002b904                Z_FileDumpHeap
                0x000000000002b9c5                Z_CheckHeap
                0x000000000002ba43                Z_ChangeTag2
                0x000000000002ba9d                Z_ChangeUser
                0x000000000002bac9                Z_FreeMemory
                0x000000000002baf7                Z_ZoneSize
 .text          0x000000000002bb01       0x9d build/w_file_stdc.o
                0x000000000002bb01                W_StdC_Read
 .text          0x000000000002bb9e       0xe7 build/i_input.o
                0x000000000002bb9e                I_GetEvent
                0x000000000002bc84                I_InitInput
 .text          0x000000000002bc85      0x438 build/i_video.o
                0x000000000002bc85                cmap_to_rgb565
                0x000000000002bce2                cmap_to_fb
                0x000000000002bd98                I_InitGraphics
                0x000000000002bf24                I_ShutdownGraphics
                0x000000000002bf30                I_StartFrame
                0x000000000002bf31                I_StartTic
                0x000000000002bf36                I_UpdateNoBlit
                0x000000000002bf37                I_FinishUpdate
                0x000000000002bfdc                I_ReadScreen
                0x000000000002bfeb                I_SetPalette
                0x000000000002c048                I_GetPaletteIndex
                0x000000000002c0b0                I_BeginRead
                0x000000000002c0b1                I_EndRead
                0x000000000002c0b2                I_SetWindowTitle
                0x000000000002c0b7                I_GraphicsCheckCommandLine
                0x000000000002c0b8                I_SetGrabMouseCallback
                0x000000000002c0b9                I_EnableLoadingDisk
                0x000000000002c0ba                I_BindVideoVariables
                0x000000000002c0bb                I_DisplayFPSDots
                0x000000000002c0bc                I_CheckIsScreensaver
 .text          0x000000000002c0bd      0x2c2 build/doomgeneric.o
                0x000000000002c0ed                DG_SetWindowTitle
                0x000000000002c0ee                DG_Init
                0x000000000002c2d0                DG_DrawFrame
                0x000000000002c31e                DG_SleepMs
                0x000000000002c329                DG_GetKey
                0x000000000002c335                DG_GetTicksMs
                0x000000000002c345                dg_Create
                0x000000000002c35f                dg_Destroy
 *(.gnu.warning)

.fini           0x000000000002c380        0x9
 *(SORT_NONE(.fini))
 .fini          0x000000000002c380        0x4 /usr/lib/gcc/x86_64-linux-gnu/12/../../../x86_64-linux-gnu/crti.o
                0x000000000002c380                _fini
 .fini          0x000000000002c384        0x5 /usr/lib/gcc/x86_64-linux-gnu/12/../../../x86_64-linux-gnu/crtn.o
                [!provide]                        PROVIDE (__etext = .)
                [!provide]                        PROVIDE (_etext = .)
                [!provide]                        PROVIDE (etext = .)
                0x000000000002d000                . = ALIGN (CONSTANT (MAXPAGESIZE))
                0x000000000002d000                . = SEGMENT_START ("rodata-segment", (ALIGN (CONSTANT (MAXPAGESIZE)) + (. & (CONSTANT (MAXPAGESIZE) - 0x1))))

.rodata         0x000000000002d000    0x18477
 *(.rodata .rodata.* .gnu.linkonce.r.*)
 .rodata.str1.1
                0x000000000002d000       0x15 build/i_main.o
 .rodata.str1.1
                0x000000000002d015       0x67 build/am_map.o
 *fill*         0x000000000002d07c        0x4 
 .rodata        0x000000000002d080       0x40 build/am_map.o
 .rodata.str1.1
                0x000000000002d0c0      0x328 build/dstrings.o
 .rodata.str1.1
                0x000000000002d3e8      0x1c0 build/d_iwad.o
                                        0x1d3 (size before relaxing)
 .rodata.str1.1
                0x000000000002d5a8       0x6e build/d_loop.o
 .rodata.str1.1
                0x000000000002d616      0x947 build/d_main.o
                                        0x995 (size before relaxing)
 *fill*         0x000000000002df5d        0x3 
 .rodata        0x000000000002df60       0xd8 build/d_main.o
 .rodata.str1.1
                0x000000000002e038       0x1a build/d_mode.o
                                         0x3c (size before relaxing)
 *fill*         0x000000000002e052        0xe 
 .rodata        0x000000000002e060      0x170 build/d_mode.o
 .rodata.str1.1
                0x000000000002e1d0      0x155 build/d_net.o
                                        0x16d (size before relaxing)
 .rodata.str1.1
                0x000000000002e325     0x1ef5 build/f_finale.o
                                       0x1f08 (size before relaxing)
 .rodata.str1.1
                0x000000000003021a      0x348 build/g_game.o
                                        0x369 (size before relaxing)
 *fill*         0x0000000000030562       0x1e 
 .rodata        0x0000000000030580       0x88 build/g_game.o
 .rodata.cst4   0x0000000000030608        0x4 build/g_game.o
 .rodata.str1.1
                0x000000000003060c      0xc0f build/hu_stuff.o
 .rodata.str1.1
                0x000000000003121b      0x2a3 build/info.o
                                        0x2b2 (size before relaxing)
 .rodata.str1.1
                0x00000000000314be       0xa7 build/i_joystick.o
 .rodata.str1.1
                0x0000000000031565       0x9e build/i_sound.o
                                         0x9f (size before relaxing)
 .rodata.str1.1
                0x0000000000031603      0x211 build/i_system.o
 *fill*         0x0000000000031814        0x4 
 .rodata        0x0000000000031818       0x2a build/i_system.o
 .rodata.str1.1
                0x0000000000031842      0xa6e build/m_config.o
                                        0xc1c (size before relaxing)
 *fill*         0x00000000000322b0       0x10 
 .rodata        0x00000000000322c0      0x200 build/m_config.o
 .rodata.str1.1
                0x00000000000324c0       0x16 build/m_controls.o
                                        0x630 (size before relaxing)
 .rodata.str1.1
                0x00000000000324d6      0x3f7 build/m_menu.o
                                        0x40f (size before relaxing)
 .rodata.str1.1
                0x00000000000328cd       0xde build/m_misc.o
                                         0xec (size before relaxing)
 *fill*         0x00000000000329ab       0x15 
 .rodata        0x00000000000329c0      0x100 build/m_random.o
 .rodata        0x0000000000032ac0       0x30 build/p_ceilng.o
 .rodata        0x0000000000032af0       0x40 build/p_doors.o
 .rodata.str1.1
                0x0000000000032b30      0x137 build/p_doors.o
 .rodata.str1.1
                0x0000000000032c67       0x3b build/p_enemy.o
 *fill*         0x0000000000032ca2        0x2 
 .rodata        0x0000000000032ca4       0x34 build/p_floor.o
 .rodata.str1.1
                0x0000000000032cd8      0x3d7 build/p_inter.o
 *fill*         0x00000000000330af        0x1 
 .rodata        0x00000000000330b0       0xb4 build/p_inter.o
 .rodata.str1.1
                0x0000000000033164       0x72 build/p_map.o
 .rodata.str1.1
                0x00000000000331d6       0x2d build/p_mobj.o
 .rodata.str1.1
                0x0000000000033203       0x45 build/p_plats.o
 .rodata        0x0000000000033248       0x14 build/p_plats.o
 .rodata.str1.1
                0x000000000003325c       0xc3 build/p_saveg.o
                                         0xe1 (size before relaxing)
 *fill*         0x000000000003331f        0x1 
 .rodata        0x0000000000033320       0x20 build/p_saveg.o
 .rodata.str1.1
                0x0000000000033340       0x5a build/p_setup.o
 .rodata.str1.1
                0x000000000003339a       0x28 build/p_sight.o
 .rodata.str1.1
                0x00000000000333c2      0x242 build/p_spec.o
 .rodata        0x0000000000033604      0x2a8 build/p_spec.o
 .rodata.str1.1
                0x00000000000338ac       0x25 build/p_switch.o
 *fill*         0x00000000000338d1        0x3 
 .rodata        0x00000000000338d4      0x20c build/p_switch.o
 .rodata.str1.1
                0x0000000000033ae0       0x23 build/r_bsp.o
 .rodata.str1.1
                0x0000000000033b03      0x120 build/r_data.o
                                        0x12e (size before relaxing)
 .rodata.str1.1
                0x0000000000033c23       0xa6 build/r_draw.o
 .rodata.str1.1
                0x0000000000033cc9       0xa6 build/r_plane.o
 .rodata.str1.1
                0x0000000000033d6f       0x20 build/r_segs.o
 .rodata.str1.1
                0x0000000000033d8f      0x1d2 build/r_things.o
 .rodata.str1.1
                0x0000000000033f61      0x186 build/sounds.o
                                        0x191 (size before relaxing)
 .rodata.str1.1
                0x00000000000340e7        0xa build/statdump.o
 .rodata.str1.1
                0x00000000000340e7       0x5b build/st_lib.o
 .rodata.str1.1
                0x0000000000034142      0x1b1 build/st_stuff.o
                                        0x1b9 (size before relaxing)
 .rodata.str1.1
                0x00000000000342f3       0x69 build/s_sound.o
 *fill*         0x000000000003435c        0x4 
 .rodata        0x0000000000034360       0x24 build/s_sound.o
 *fill*         0x0000000000034384       0x1c 
 .rodata        0x00000000000343a0    0x10520 build/tables.o
                0x00000000000343a0                gammatable
                0x00000000000348a0                tantoangle
                0x00000000000368c0                finesine
                0x00000000000408c0                finetangent
 .rodata.str1.1
                0x00000000000448c0      0x100 build/v_video.o
                                        0x108 (size before relaxing)
 .rodata.cst4   0x00000000000449c0        0x4 build/v_video.o
 *fill*         0x00000000000449c4        0xc 
 .rodata.cst16  0x00000000000449d0       0x10 build/v_video.o
 .rodata.cst8   0x00000000000449e0        0x8 build/v_video.o
 .rodata.str1.1
                0x00000000000449e8       0xf9 build/wi_stuff.o
                                        0x10b (size before relaxing)
 *fill*         0x0000000000044ae1       0x1f 
 .rodata        0x0000000000044b00      0x160 build/wi_stuff.o
 .rodata.str1.1
                0x0000000000044c60        0x6 build/w_file.o
 .rodata.str1.1
                0x0000000000044c66        0x6 build/w_main.o
                                         0x12 (size before relaxing)
 .rodata.str1.1
                0x0000000000044c6c      0x1d2 build/w_wad.o
                                        0x1d6 (size before relaxing)
 .rodata.str1.1
                0x0000000000044e3e      0x323 build/z_zone.o
 .rodata.str1.1
                0x0000000000045161        0x3 build/w_file_stdc.o
 *fill*         0x0000000000045161       0x1f 
 .rodata        0x0000000000045180       0x80 build/i_input.o
 .rodata.str1.1
                0x0000000000045200      0x15b build/i_video.o
 .rodata.str1.1
                0x000000000004535b      0x11c build/doomgeneric.o

.rodata1
 *(.rodata1)

.eh_frame_hdr   0x0000000000045478     0x1a94
 *(.eh_frame_hdr)
 .eh_frame_hdr  0x0000000000045478     0x1a94 /usr/lib/gcc/x86_64-linux-gnu/12/../../../x86_64-linux-gnu/Scrt1.o
                0x0000000000045478                __GNU_EH_FRAME_HDR
 *(.eh_frame_entry .eh_frame_entry.*)

.eh_frame       0x0000000000046f10     0x7c20
 *(.eh_frame)
 .eh_frame      0x0000000000046f10       0x30 /usr/lib/gcc/x86_64-linux-gnu/12/../../../x86_64-linux-gnu/Scrt1.o
                                         0x2c (size before relaxing)
 *fill*         0x0000000000046f40        0x0 
 .eh_frame      0x0000000000046f40       0x40 /usr/lib/gcc/x86_64-linux-gnu/12/../../../x86_64-linux-gnu/Scrt1.o
 .eh_frame      0x0000000000046f80       0x18 /usr/lib/gcc/x86_64-linux-gnu/12/../../../x86_64-linux-gnu/Scrt1.o
                                         0x30 (size before relaxing)
 .eh_frame      0x0000000000046f98       0x18 build/i_main.o
                                         0x30 (size before relaxing)
 .eh_frame      0x0000000000046fb0       0x18 build/dummy.o
                                         0x30 (size before relaxing)
 .eh_frame      0x0000000000046fc8      0x520 build/am_map.o
                                        0x538 (size before relaxing)
 .eh_frame      0x00000000000474e8       0x28 build/d_event.o
                                         0x40 (size before relaxing)
 .eh_frame      0x0000000000047510      0x170 build/d_iwad.o
                                        0x188 (size before relaxing)
 .eh_frame      0x0000000000047680      0x158 build/d_loop.o
                                        0x170 (size before relaxing)
 .eh_frame      0x00000000000477d8      0x208 build/d_main.o
                                        0x220 (size before relaxing)
 .eh_frame      0x00000000000479e0       0x78 build/d_mode.o
                                         0x90 (size before relaxing)
 .eh_frame      0x0000000000047a58       0x88 build/d_net.o
                                         0xa0 (size before relaxing)
 .eh_frame      0x0000000000047ae0      0x1c0 build/f_finale.o
                                        0x1d8 (size before relaxing)
 .eh_frame      0x0000000000047ca0      0x180 build/f_wipe.o
                                        0x198 (size before relaxing)
 .eh_frame      0x0000000000047e20      0x548 build/g_game.o
                                        0x560 (size before relaxing)
 .eh_frame      0x0000000000048368      0x228 build/hu_lib.o
                                        0x240 (size before relaxing)
 .eh_frame      0x0000000000048590      0x150 build/hu_stuff.o
                                        0x168 (size before relaxing)
 .eh_frame      0x00000000000486e0        0x0 build/i_cdmus.o
                                         0xd0 (size before relaxing)
 .eh_frame      0x00000000000486e0       0x18 build/i_endoom.o
                                         0x30 (size before relaxing)
 .eh_frame      0x00000000000486f8       0x78 build/i_joystick.o
                                         0x90 (size before relaxing)
 .eh_frame      0x0000000000048770        0x0 build/i_scale.o
                                        0x470 (size before relaxing)
 .eh_frame      0x0000000000048770      0x1a8 build/i_sound.o
                                        0x1c0 (size before relaxing)
 .eh_frame      0x0000000000048918      0x178 build/i_system.o
                                        0x190 (size before relaxing)
 .eh_frame      0x0000000000048a90       0x80 build/i_timer.o
                                         0x98 (size before relaxing)
 .eh_frame      0x0000000000048b10        0x0 build/memio.o
                                        0x110 (size before relaxing)
 .eh_frame      0x0000000000048b10       0x98 build/m_argv.o
                                         0xb0 (size before relaxing)
 .eh_frame      0x0000000000048ba8       0x28 build/m_bbox.o
                                         0x40 (size before relaxing)
 .eh_frame      0x0000000000048bd0       0x40 build/m_cheat.o
                                         0x58 (size before relaxing)
 .eh_frame      0x0000000000048c10      0x198 build/m_config.o
                                        0x1b0 (size before relaxing)
 .eh_frame      0x0000000000048da8      0x108 build/m_controls.o
                                        0x120 (size before relaxing)
 .eh_frame      0x0000000000048eb0       0x28 build/m_fixed.o
                                         0x40 (size before relaxing)
 .eh_frame      0x0000000000048ed8      0x678 build/m_menu.o
                                        0x690 (size before relaxing)
 .eh_frame      0x0000000000049550      0x330 build/m_misc.o
                                        0x348 (size before relaxing)
 .eh_frame      0x0000000000049880       0x40 build/m_random.o
                                         0x58 (size before relaxing)
 .eh_frame      0x00000000000498c0       0xe8 build/p_ceilng.o
                                        0x100 (size before relaxing)
 .eh_frame      0x00000000000499a8      0x120 build/p_doors.o
                                        0x138 (size before relaxing)
 .eh_frame      0x0000000000049ac8      0x998 build/p_enemy.o
                                        0x9b0 (size before relaxing)
 .eh_frame      0x000000000004a460       0xf8 build/p_floor.o
                                        0x110 (size before relaxing)
 .eh_frame      0x000000000004a558      0x1a8 build/p_inter.o
                                        0x1c0 (size before relaxing)
 .eh_frame      0x000000000004a700      0x1b0 build/p_lights.o
                                        0x1c8 (size before relaxing)
 .eh_frame      0x000000000004a8b0      0x3e8 build/p_map.o
                                        0x400 (size before relaxing)
 .eh_frame      0x000000000004ac98      0x2d8 build/p_maputl.o
                                        0x2f0 (size before relaxing)
 .eh_frame      0x000000000004af70      0x390 build/p_mobj.o
                                        0x3a8 (size before relaxing)
 .eh_frame      0x000000000004b300      0x100 build/p_plats.o
                                        0x118 (size before relaxing)
 .eh_frame      0x000000000004b400      0x440 build/p_pspr.o
                                        0x458 (size before relaxing)
 .eh_frame      0x000000000004b840      0x3d0 build/p_saveg.o
                                        0x3e8 (size before relaxing)
 .eh_frame      0x000000000004bc10      0x260 build/p_setup.o
                                        0x278 (size before relaxing)
 .eh_frame      0x000000000004be70       0xf8 build/p_sight.o
                                        0x110 (size before relaxing)
 .eh_frame      0x000000000004bf68      0x2a0 build/p_spec.o
                                        0x2b8 (size before relaxing)
 .eh_frame      0x000000000004c208       0xc0 build/p_switch.o
                                         0xd8 (size before relaxing)
 .eh_frame      0x000000000004c2c8       0x48 build/p_telept.o
                                         0x60 (size before relaxing)
 .eh_frame      0x000000000004c310       0xa8 build/p_tick.o
                                         0xc0 (size before relaxing)
 .eh_frame      0x000000000004c3b8       0xb8 build/p_user.o
                                         0xd0 (size before relaxing)
 .eh_frame      0x000000000004c470      0x168 build/r_bsp.o
                                        0x180 (size before relaxing)
 .eh_frame      0x000000000004c5d8      0x258 build/r_data.o
                                        0x270 (size before relaxing)
 .eh_frame      0x000000000004c830      0x188 build/r_draw.o
                                        0x1a0 (size before relaxing)
 .eh_frame      0x000000000004c9b8      0x238 build/r_main.o
                                        0x250 (size before relaxing)
 .eh_frame      0x000000000004cbf0      0x150 build/r_plane.o
                                        0x168 (size before relaxing)
 .eh_frame      0x000000000004cd40       0xd8 build/r_segs.o
                                         0xf0 (size before relaxing)
 .eh_frame      0x000000000004ce18       0x18 build/r_sky.o
                                         0x30 (size before relaxing)
 .eh_frame      0x000000000004ce30      0x290 build/r_things.o
                                        0x2a8 (size before relaxing)
 .eh_frame      0x000000000004d0c0      0x110 build/sha1.o
                                        0x128 (size before relaxing)
 .eh_frame      0x000000000004d1d0       0x30 build/statdump.o
                                         0x48 (size before relaxing)
 .eh_frame      0x000000000004d200      0x1c0 build/st_lib.o
                                        0x1d8 (size before relaxing)
 .eh_frame      0x000000000004d3c0      0x2e0 build/st_stuff.o
                                        0x2f8 (size before relaxing)
 .eh_frame      0x000000000004d6a0      0x220 build/s_sound.o
                                        0x238 (size before relaxing)
 .eh_frame      0x000000000004d8c0       0x18 build/tables.o
                                         0x30 (size before relaxing)
 .eh_frame      0x000000000004d8d8      0x3d0 build/v_video.o
                                        0x3e8 (size before relaxing)
 .eh_frame      0x000000000004dca8      0x638 build/wi_stuff.o
                                        0x650 (size before relaxing)
 .eh_frame      0x000000000004e2e0       0x50 build/w_checksum.o
                                         0x68 (size before relaxing)
 .eh_frame      0x000000000004e330       0x48 build/w_file.o
                                         0x60 (size before relaxing)
 .eh_frame      0x000000000004e378       0x38 build/w_main.o
                                         0x50 (size before relaxing)
 .eh_frame      0x000000000004e3b0      0x228 build/w_wad.o
                                        0x240 (size before relaxing)
 .eh_frame      0x000000000004e5d8      0x1e0 build/z_zone.o
                                        0x1f8 (size before relaxing)
 .eh_frame      0x000000000004e7b8       0x70 build/w_file_stdc.o
                                         0x88 (size before relaxing)
 .eh_frame      0x000000000004e828       0x38 build/i_input.o
                                         0x50 (size before relaxing)
 .eh_frame      0x000000000004e860      0x200 build/i_video.o
                                        0x218 (size before relaxing)
 .eh_frame      0x000000000004ea60       0xcc build/doomgeneric.o
                                         0xe8 (size before relaxing)
 .eh_frame      0x000000000004eb2c        0x4 /usr/lib/gcc/x86_64-linux-gnu/12/crtendS.o
 *(.eh_frame.*)

.sframe         0x000000000004eb30        0x0
 *(.sframe)
 .sframe        0x000000000004eb30        0x0 /usr/lib/gcc/x86_64-linux-gnu/12/../../../x86_64-linux-gnu/Scrt1.o
 *(.sframe.*)

.gcc_except_table
 *(.gcc_except_table .gcc_except_table.*)

.gnu_extab
 *(.gnu_extab*)

.exception_ranges
 *(.exception_ranges*)
                0x000000000004f7d0                . = DATA_SEGMENT_ALIGN (CONSTANT (MAXPAGESIZE), CONSTANT (COMMONPAGESIZE))

.eh_frame
 *(.eh_frame)
 *(.eh_frame.*)

.sframe
 *(.sframe)
 *(.sframe.*)

.gnu_extab
 *(.gnu_extab)

.gcc_except_table
 *(.gcc_except_table .gcc_except_table.*)

.exception_ranges
 *(.exception_ranges*)

.tdata          0x000000000004f7d0        0x0
                [!provide]                        PROVIDE (__tdata_start = .)
 *(.tdata .tdata.* .gnu.linkonce.td.*)

.tbss
 *(.tbss .tbss.* .gnu.linkonce.tb.*)
 *(.tcommon)

.preinit_array  0x000000000004f7d0        0x0
                [!provide]                        PROVIDE (__preinit_array_start = .)
 *(.preinit_array)
                [!provide]                        PROVIDE (__preinit_array_end = .)

.init_array     0x000000000004f7d0        0x8
                [!provide]                        PROVIDE (__init_array_start = .)
 *(SORT_BY_INIT_PRIORITY(.init_array.*) SORT_BY_INIT_PRIORITY(.ctors.*))
 *(.init_array EXCLUDE_FILE(*crtend?.o *crtend.o *crtbegin?.o *crtbegin.o) .ctors)
 .init_array    0x000000000004f7d0        0x8 /usr/lib/gcc/x86_64-linux-gnu/12/crtbeginS.o
                [!provide]                        PROVIDE (__init_array_end = .)

.fini_array     0x000000000004f7d8        0x8
                [!provide]                        PROVIDE (__fini_array_start = .)
 *(SORT_BY_INIT_PRIORITY(.fini_array.*) SORT_BY_INIT_PRIORITY(.dtors.*))
 *(.fini_array EXCLUDE_FILE(*crtend?.o *crtend.o *crtbegin?.o *crtbegin.o) .dtors)
 .fini_array    0x000000000004f7d8        0x8 /usr/lib/gcc/x86_64-linux-gnu/12/crtbeginS.o
                [!provide]                        PROVIDE (__fini_array_end = .)

.ctors
 *crtbegin.o(.ctors)
 *crtbegin?.o(.ctors)
 *(EXCLUDE_FILE(*crtend?.o *crtend.o) .ctors)
 *(SORT_BY_NAME(.ctors.*))
 *(.ctors)

.dtors
 *crtbegin.o(.dtors)
 *crtbegin?.o(.dtors)
 *(EXCLUDE_FILE(*crtend?.o *crtend.o) .dtors)
 *(SORT_BY_NAME(.dtors.*))
 *(.dtors)

.jcr
 *(.jcr)

.data.rel.ro    0x000000000004f7e0      0x5c8
 *(.data.rel.ro.local* .gnu.linkonce.d.rel.ro.local.*)
 .data.rel.ro.local
                0x000000000004f7e0      0x150 build/d_iwad.o
 *fill*         0x000000000004f930       0x10 
 .data.rel.ro.local
                0x000000000004f940      0x130 build/d_main.o
 *fill*         0x000000000004fa70       0x10 
 .data.rel.ro.local
                0x000000000004fa80       0x30 build/f_wipe.o
 .data.rel.ro.local
                0x000000000004fab0       0x20 build/m_menu.o
 *fill*         0x000000000004fad0       0x10 
 .data.rel.ro.local
                0x000000000004fae0       0x20 build/wi_stuff.o
 .data.rel.ro.local
                0x000000000004fb00       0x40 build/w_wad.o
 *(.data.rel.ro .data.rel.ro.* .gnu.linkonce.d.rel.ro.*)
 .data.rel.ro   0x000000000004fb40        0x0 /usr/lib/gcc/x86_64-linux-gnu/12/../../../x86_64-linux-gnu/Scrt1.o
 .data.rel.ro   0x000000000004fb40       0x40 build/g_game.o
 .data.rel.ro   0x000000000004fb80      0x228 build/p_maputl.o

.dynamic        0x000000000004fda8      0x1e0
 *(.dynamic)
 .dynamic       0x000000000004fda8      0x1e0 /usr/lib/gcc/x86_64-linux-gnu/12/../../../x86_64-linux-gnu/Scrt1.o
                0x000000000004fda8                _DYNAMIC

.got            0x000000000004ff88       0x60
 *(.got)
 .got           0x000000000004ff88       0x60 /usr/lib/gcc/x86_64-linux-gnu/12/../../../x86_64-linux-gnu/Scrt1.o
 *(.igot)
                0x000000000004ffe8                . = DATA_SEGMENT_RELRO_END (., (SIZEOF (.got.plt) >= 0x18)?0x18:0x0)

.got.plt        0x000000000004ffe8      0x1a0
 *(.got.plt)
 .got.plt       0x000000000004ffe8      0x1a0 /usr/lib/gcc/x86_64-linux-gnu/12/../../../x86_64-linux-gnu/Scrt1.o
                0x000000000004ffe8                _GLOBAL_OFFSET_TABLE_
 *(.igot.plt)

.data           0x00000000000501a0    0x13798
 *(.data .data.* .gnu.linkonce.d.*)
 .data.rel.local
                0x00000000000501a0        0x8 /usr/lib/gcc/x86_64-linux-gnu/12/crtbeginS.o
                0x00000000000501a0                __dso_handle
 *fill*         0x00000000000501a8       0x18 
 .data          0x00000000000501c0      0x2b0 build/am_map.o
                0x0000000000050220                cheat_amap
                0x0000000000050280                thintriangle_guy
                0x00000000000502c0                triangle_guy
                0x0000000000050300                cheat_player_arrow
                0x0000000000050400                player_arrow
 .data          0x0000000000050470        0x8 build/doomstat.o
                0x0000000000050470                gameversion
                0x0000000000050474                gamemode
 *fill*         0x0000000000050478        0x8 
 .data.rel.local
                0x0000000000050480       0x80 build/dstrings.o
                0x0000000000050480                doom2_endmsg
                0x00000000000504c0                doom1_endmsg
 .data          0x0000000000050500       0xd8 build/d_items.o
                0x0000000000050500                weaponinfo
 .data          0x00000000000505d8        0x4 build/d_loop.o
 .data          0x00000000000505dc        0xc build/d_main.o
                0x00000000000505e0                wipegamestate
                0x00000000000505e4                show_endoom
 *fill*         0x00000000000505e8       0x18 
 .data.rel      0x0000000000050600       0x20 build/d_net.o
 .data.rel.local
                0x0000000000050620      0x3e0 build/f_finale.o
                0x0000000000050620                castorder
 .data          0x0000000000050a00      0x14c build/g_game.o
                0x0000000000050a00                cpars
                0x0000000000050a80                pars
                0x0000000000050b20                vanilla_demo_limit
                0x0000000000050b24                vanilla_savegame_limit