Archive member included to satisfy reference by file (symbol)

/usr/lib/gcc-cross/arm-linux-gnueabi/12/libgcc.a(_arm_mulsf3.o)
                              build/g_game.o (__aeabi_fmul)
/usr/lib/gcc-cross/arm-linux-gnueabi/12/libgcc.a(_udivsi3.o)
                              build/memio.o (__aeabi_uidiv)
/usr/lib/gcc-cross/arm-linux-gnueabi/12/libgcc.a(_divsi3.o)
                              build/am_map.o (__aeabi_idiv)
/usr/lib/gcc-cross/arm-linux-gnueabi/12/libgcc.a(_arm_addsubdf3.o)
                              build/g_game.o (__aeabi_f2d)
/usr/lib/gcc-cross/arm-linux-gnueabi/12/libgcc.a(_arm_cmpdf2.o)
                              build/v_video.o (__aeabi_dcmplt)
/usr/lib/gcc-cross/arm-linux-gnueabi/12/libgcc.a(_arm_truncdfsf2.o)
                              build/m_config.o (__aeabi_d2f)
/usr/lib/gcc-cross/arm-linux-gnueabi/12/libgcc.a(_arm_addsubsf3.o)
                              build/v_video.o (__aeabi_fsub)
/usr/lib/gcc-cross/arm-linux-gnueabi/12/libgcc.a(_arm_muldivsf3.o)
                              build/g_game.o (__aeabi_fdiv)
/usr/lib/gcc-cross/arm-linux-gnueabi/12/libgcc.a(_arm_fixsfsi.o)
                              build/v_video.o (__aeabi_f2iz)
/usr/lib/gcc-cross/arm-linux-gnueabi/12/libgcc.a(_aeabi_ldivmod.o)
                              build/m_fixed.o (__aeabi_ldivmod)
/usr/lib/gcc-cross/arm-linux-gnueabi/12/libgcc.a(_dvmd_lnx.o)
                              /usr/lib/gcc-cross/arm-linux-gnueabi/12/libgcc.a(_aeabi_ldivmod.o) (__aeabi_ldiv0)
/usr/lib/gcc-cross/arm-linux-gnueabi/12/libgcc.a(_udivmoddi4.o)
                              /usr/lib/gcc-cross/arm-linux-gnueabi/12/libgcc.a(_aeabi_ldivmod.o) (__udivmoddi4)

As-needed library included to satisfy reference by file (symbol)

libc.so.6                     build/am_map.o (snprintf@@GLIBC_2.4)

Discarded input sections

 .rodata.cst4   0x00000000        0x4 /usr/lib/gcc-cross/arm-linux-gnueabi/12/../../../../arm-linux-gnueabi/lib/Scrt1.o
 .ARM.extab     0x00000000        0x0 /usr/lib/gcc-cross/arm-linux-gnueabi/12/../../../../arm-linux-gnueabi/lib/Scrt1.o
 .data          0x00000000        0x4 /usr/lib/gcc-cross/arm-linux-gnueabi/12/../../../../arm-linux-gnueabi/lib/Scrt1.o
 .bss           0x00000000        0x0 /usr/lib/gcc-cross/arm-linux-gnueabi/12/../../../../arm-linux-gnueabi/lib/Scrt1.o
 .note.GNU-stack
                0x00000000        0x0 /usr/lib/gcc-cross/arm-linux-gnueabi/12/../../../../arm-linux-gnueabi/lib/Scrt1.o
 .data          0x00000000        0x0 /usr/lib/gcc-cross/arm-linux-gnueabi/12/../../../../arm-linux-gnueabi/lib/crti.o
 .bss           0x00000000        0x0 /usr/lib/gcc-cross/arm-linux-gnueabi/12/../../../../arm-linux-gnueabi/lib/crti.o
 .note.GNU-stack
                0x00000000        0x0 /usr/lib/gcc-cross/arm-linux-gnueabi/12/../../../../arm-linux-gnueabi/lib/crti.o
 .data          0x00000000        0x0 /usr/lib/gcc-cross/arm-linux-gnueabi/12/crtbeginS.o
 .rodata        0x00000000       0x90 /usr/lib/gcc-cross/arm-linux-gnueabi/12/crtbeginS.o
 .note.GNU-stack
                0x00000000        0x0 /usr/lib/gcc-cross/arm-linux-gnueabi/12/crtbeginS.o
 .group         0x00000000        0xc build/i_main.o
 .group         0x00000000        0xc build/i_main.o
 .group         0x00000000        0xc build/i_main.o
 .group         0x00000000        0xc build/i_main.o
 .group         0x00000000        0xc build/i_main.o
 .group         0x00000000        0xc build/i_main.o
 .group         0x00000000        0xc build/i_main.o
 .group         0x00000000        0xc build/i_main.o
 .group         0x00000000        0xc build/i_main.o
 .group         0x00000000        0xc build/i_main.o
 .group         0x00000000        0xc build/i_main.o
 .group         0x00000000        0xc build/i_main.o
 .group         0x00000000        0xc build/i_main.o
 .group         0x00000000        0xc build/i_main.o
 .group         0x00000000        0xc build/i_main.o
 .group         0x00000000        0xc build/i_main.o
 .group         0x00000000        0xc build/i_main.o
 .group         0x00000000        0xc build/i_main.o
 .group         0x00000000        0xc build/i_main.o
 .group         0x00000000        0xc build/i_main.o
 .group         0x00000000        0xc build/i_main.o
 .group         0x00000000        0xc build/i_main.o
 .group         0x00000000        0xc build/i_main.o
 .group         0x00000000        0xc build/i_main.o
 .group         0x00000000        0xc build/i_main.o
 .group         0x00000000        0xc build/i_main.o
 .group         0x00000000        0xc build/i_main.o
 .group         0x00000000        0xc build/i_main.o
 .group         0x00000000        0xc build/i_main.o
 .group         0x00000000        0xc build/i_main.o
 .group         0x00000000        0xc build/i_main.o
 .group         0x00000000        0xc build/i_main.o
 .group         0x00000000        0xc build/i_main.o
 .group         0x00000000        0xc build/i_main.o
 .group         0x00000000        0xc build/i_main.o
[...]
Memory Configuration

Name             Origin             Length             Attributes
*default*        0x00000000         0xffffffff

Linker script and memory map

LOAD /usr/lib/gcc-cross/arm-linux-gnueabi/12/../../../../arm-linux-gnueabi/lib/Scrt1.o
LOAD /usr/lib/gcc-cross/arm-linux-gnueabi/12/../../../../arm-linux-gnueabi/lib/crti.o
LOAD /usr/lib/gcc-cross/arm-linux-gnueabi/12/crtbeginS.o
LOAD build/i_main.o
LOAD build/dummy.o
LOAD build/am_map.o
LOAD build/doomdef.o
LOAD build/doomstat.o
LOAD build/dstrings.o
LOAD build/d_event.o
LOAD build/d_items.o
LOAD build/d_iwad.o
LOAD build/d_loop.o
LOAD build/d_main.o
LOAD build/d_mode.o
LOAD build/d_net.o
LOAD build/f_finale.o
LOAD build/f_wipe.o
LOAD build/g_game.o
LOAD build/hu_lib.o
LOAD build/hu_stuff.o
LOAD build/info.o
LOAD build/i_cdmus.o
LOAD build/i_endoom.o
LOAD build/i_joystick.o
LOAD build/i_scale.o
LOAD build/i_sound.o
LOAD build/i_system.o
LOAD build/i_timer.o
LOAD build/memio.o
LOAD build/m_argv.o
LOAD build/m_bbox.o
LOAD build/m_cheat.o
LOAD build/m_config.o
LOAD build/m_controls.o
LOAD build/m_fixed.o
LOAD build/m_menu.o
LOAD build/m_misc.o
LOAD build/m_random.o
LOAD build/p_ceilng.o
LOAD build/p_doors.o
LOAD build/p_enemy.o
LOAD build/p_floor.o
LOAD build/p_inter.o
LOAD build/p_lights.o
LOAD build/p_map.o
LOAD build/p_maputl.o
LOAD build/p_mobj.o
LOAD build/p_plats.o
LOAD build/p_pspr.o
LOAD build/p_saveg.o
LOAD build/p_setup.o
LOAD build/p_sight.o
LOAD build/p_spec.o
LOAD build/p_switch.o
LOAD build/p_telept.o
LOAD build/p_tick.o
LOAD build/p_user.o
LOAD build/r_bsp.o
LOAD build/r_data.o
LOAD build/r_draw.o
LOAD build/r_main.o
LOAD build/r_plane.o
LOAD build/r_segs.o
LOAD build/r_sky.o
LOAD build/r_things.o
LOAD build/sha1.o
LOAD build/sounds.o
LOAD build/statdump.o
LOAD build/st_lib.o
LOAD build/st_stuff.o
LOAD build/s_sound.o
LOAD build/tables.o
LOAD build/v_video.o
LOAD build/wi_stuff.o
LOAD build/w_checksum.o
LOAD build/w_file.o
LOAD build/w_main.o
LOAD build/w_wad.o
LOAD build/z_zone.o
LOAD build/w_file_stdc.o
LOAD build/i_input.o
LOAD build/i_video.o
LOAD build/doomgeneric.o
LOAD /usr/lib/gcc-cross/arm-linux-gnueabi/12/../../../../arm-linux-gnueabi/lib/libm.so
LOAD /usr/lib/gcc-cross/arm-linux-gnueabi/12/../../../../arm-linux-gnueabi/lib/libc.so
START GROUP
LOAD /usr/arm-linux-gnueabi/lib/libc.so.6
LOAD /usr/arm-linux-gnueabi/lib/libc_nonshared.a
LOAD /usr/arm-linux-gnueabi/lib/ld-linux.so.3
END GROUP
LOAD /usr/lib/gcc-cross/arm-linux-gnueabi/12/libgcc.a
LOAD /usr/lib/gcc-cross/arm-linux-gnueabi/12/libgcc_s.so
START GROUP
LOAD /usr/lib/gcc-cross/arm-linux-gnueabi/12/../../../../arm-linux-gnueabi/lib/libgcc_s.so.1
LOAD /usr/lib/gcc-cross/arm-linux-gnueabi/12/libgcc.a
END GROUP
LOAD /usr/lib/gcc-cross/arm-linux-gnueabi/12/../../../../arm-linux-gnueabi/lib/libc.so
START GROUP
LOAD /usr/arm-linux-gnueabi/lib/libc.so.6
LOAD /usr/arm-linux-gnueabi/lib/libc_nonshared.a
LOAD /usr/arm-linux-gnueabi/lib/ld-linux.so.3
END GROUP
LOAD /usr/lib/gcc-cross/arm-linux-gnueabi/12/libgcc.a
LOAD /usr/lib/gcc-cross/arm-linux-gnueabi/12/libgcc_s.so
START GROUP
LOAD /usr/lib/gcc-cross/arm-linux-gnueabi/12/../../../../arm-linux-gnueabi/lib/libgcc_s.so.1
LOAD /usr/lib/gcc-cross/arm-linux-gnueabi/12/libgcc.a
END GROUP
LOAD /usr/lib/gcc-cross/arm-linux-gnueabi/12/crtendS.o
LOAD /usr/lib/gcc-cross/arm-linux-gnueabi/12/../../../../arm-linux-gnueabi/lib/crtn.o
                [!provide]                        PROVIDE (__executable_start = SEGMENT_START ("text-segment", 0x0))
                0x00000154                        . = (SEGMENT_START ("text-segment", 0x0) + SIZEOF_HEADERS)

.interp         0x00000154       0x13
 *(.interp)
 .interp        0x00000154       0x13 /usr/lib/gcc-cross/arm-linux-gnueabi/12/../../../../arm-linux-gnueabi/lib/Scrt1.o

.note.gnu.build-id
                0x00000168       0x24
 *(.note.gnu.build-id)
 .note.gnu.build-id
                0x00000168       0x24 linker stubs

.note.ABI-tag   0x0000018c       0x20
 .note.ABI-tag  0x0000018c       0x20 /usr/lib/gcc-cross/arm-linux-gnueabi/12/../../../../arm-linux-gnueabi/lib/Scrt1.o

.hash
 *(.hash)

.gnu.hash       0x000001ac       0x18
 *(.gnu.hash)
 .gnu.hash      0x000001ac       0x18 /usr/lib/gcc-cross/arm-linux-gnueabi/12/../../../../arm-linux-gnueabi/lib/Scrt1.o

.dynsym         0x000001c4      0x3c0
 *(.dynsym)
 .dynsym        0x000001c4      0x3c0 /usr/lib/gcc-cross/arm-linux-gnueabi/12/../../../../arm-linux-gnueabi/lib/Scrt1.o

.dynstr         0x00000584      0x20d
 *(.dynstr)
 .dynstr        0x00000584      0x20d /usr/lib/gcc-cross/arm-linux-gnueabi/12/../../../../arm-linux-gnueabi/lib/Scrt1.o

.gnu.version    0x00000792       0x78
 *(.gnu.version)
 .gnu.version   0x00000792       0x78 /usr/lib/gcc-cross/arm-linux-gnueabi/12/../../../../arm-linux-gnueabi/lib/Scrt1.o

.gnu.version_d  0x0000080c        0x0
 *(.gnu.version_d)
 .gnu.version_d
                0x0000080c        0x0 /usr/lib/gcc-cross/arm-linux-gnueabi/12/../../../../arm-linux-gnueabi/lib/Scrt1.o

.gnu.version_r  0x0000080c       0x50
 *(.gnu.version_r)
 .gnu.version_r
                0x0000080c       0x50 /usr/lib/gcc-cross/arm-linux-gnueabi/12/../../../../arm-linux-gnueabi/lib/Scrt1.o

.rel.dyn        0x0000085c     0x3180
 *(.rel.init)
 *(.rel.text .rel.text.* .rel.gnu.linkonce.t.*)
 .rel.text      0x0000085c        0x0 /usr/lib/gcc-cross/arm-linux-gnueabi/12/../../../../arm-linux-gnueabi/lib/Scrt1.o
 *(.rel.fini)
 *(.rel.rodata .rel.rodata.* .rel.gnu.linkonce.r.*)
 *(.rel.data.rel.ro .rel.data.rel.ro.* .rel.gnu.linkonce.d.rel.ro.*)
 .rel.data.rel.ro
                0x0000085c       0x90 /usr/lib/gcc-cross/arm-linux-gnueabi/12/../../../../arm-linux-gnueabi/lib/Scrt1.o
 .rel.data.rel.ro.local
                0x000008ec      0x210 /usr/lib/gcc-cross/arm-linux-gnueabi/12/../../../../arm-linux-gnueabi/lib/Scrt1.o
 *(.rel.data .rel.data.* .rel.gnu.linkonce.d.*)
 .rel.data.rel.local
                0x00000afc     0x1618 /usr/lib/gcc-cross/arm-linux-gnueabi/12/../../../../arm-linux-gnueabi/lib/Scrt1.o
 .rel.data.rel  0x00002114      0xe20 /usr/lib/gcc-cross/arm-linux-gnueabi/12/../../../../arm-linux-gnueabi/lib/Scrt1.o
 *(.rel.tdata .rel.tdata.* .rel.gnu.linkonce.td.*)
 *(.rel.tbss .rel.tbss.* .rel.gnu.linkonce.tb.*)
 *(.rel.ctors)
 *(.rel.dtors)
 *(.rel.got)
 .rel.got       0x00002f34      0xa98 /usr/lib/gcc-cross/arm-linux-gnueabi/12/../../../../arm-linux-gnueabi/lib/Scrt1.o
 *(.rel.bss .rel.bss.* .rel.gnu.linkonce.b.*)
 .rel.bss       0x000039cc        0x0 /usr/lib/gcc-cross/arm-linux-gnueabi/12/../../../../arm-linux-gnueabi/lib/Scrt1.o
 *(.rel.iplt)
 .rel.iplt      0x000039cc        0x0 /usr/lib/gcc-cross/arm-linux-gnueabi/12/../../../../arm-linux-gnueabi/lib/Scrt1.o
 .rel.fini_array
                0x000039cc        0x8 /usr/lib/gcc-cross/arm-linux-gnueabi/12/../../../../arm-linux-gnueabi/lib/Scrt1.o
 .rel.init_array
                0x000039d4        0x8 /usr/lib/gcc-cross/arm-linux-gnueabi/12/../../../../arm-linux-gnueabi/lib/Scrt1.o

.rela.dyn
 *(.rela.init)
 *(.rela.text .rela.text.* .rela.gnu.linkonce.t.*)
 *(.rela.fini)
 *(.rela.rodata .rela.rodata.* .rela.gnu.linkonce.r.*)
 *(.rela.data .rela.data.* .rela.gnu.linkonce.d.*)
 *(.rela.tdata .rela.tdata.* .rela.gnu.linkonce.td.*)
 *(.rela.tbss .rela.tbss.* .rela.gnu.linkonce.tb.*)
 *(.rela.ctors)
 *(.rela.dtors)
 *(.rela.got)
 *(.rela.bss .rela.bss.* .rela.gnu.linkonce.b.*)
 *(.rela.iplt)

.rel.plt        0x000039dc      0x1b0
 *(.rel.plt)
 .rel.plt       0x000039dc      0x1b0 /usr/lib/gcc-cross/arm-linux-gnueabi/12/../../../../arm-linux-gnueabi/lib/Scrt1.o

.rela.plt
 *(.rela.plt)

.init           0x00003b8c        0xc
 *(SORT_NONE(.init))
 .init          0x00003b8c        0x8 /usr/lib/gcc-cross/arm-linux-gnueabi/12/../../../../arm-linux-gnueabi/lib/crti.o
                0x00003b8c                _init
 .init          0x00003b94        0x4 /usr/lib/gcc-cross/arm-linux-gnueabi/12/../../../../arm-linux-gnueabi/lib/crtn.o

.plt            0x00003b98      0x29c
 *(.plt)
 .plt           0x00003b98      0x29c /usr/lib/gcc-cross/arm-linux-gnueabi/12/../../../../arm-linux-gnueabi/lib/Scrt1.o

.iplt           0x00003e34        0x0
 *(.iplt)
 .iplt          0x00003e34        0x0 /usr/lib/gcc-cross/arm-linux-gnueabi/12/../../../../arm-linux-gnueabi/lib/Scrt1.o

.text           0x00003e34    0x2ef10
 *(.text.unlikely .text.*_unlikely .text.unlikely.*)
 *(.text.exit .text.exit.*)
 *(.text.startup .text.startup.*)
 .text.startup  0x00003e34       0x54 build/i_main.o
                0x00003e34                main
 *(.text.hot .text.hot.*)
 *(SORT_BY_NAME(.text.sorted.*))
 *(.text .stub .text.* .gnu.linkonce.t.*)
 .text          0x00003e88       0x44 /usr/lib/gcc-cross/arm-linux-gnueabi/12/../../../../arm-linux-gnueabi/lib/Scrt1.o
                0x00003e88                _start
 .text          0x00003ecc       0x24 /usr/lib/gcc-cross/arm-linux-gnueabi/12/../../../../arm-linux-gnueabi/lib/crti.o
 .text          0x00003ef0      0x100 /usr/lib/gcc-cross/arm-linux-gnueabi/12/crtbeginS.o
 .text          0x00003ff0        0x4 build/dummy.o
                0x00003ff0                I_InitTimidityConfig
 .text          0x00003ff4     0x1f10 build/am_map.o
                0x00003ff4                AM_getIslope
                0x00004074                AM_activateNewScale
                0x0000410c                AM_saveScaleAndLoc
                0x0000413c                AM_restoreScaleAndLoc
                0x000041f8                AM_addMark
                0x0000424c                AM_findMinMaxBoundaries
                0x000043c8                AM_changeWindowLoc
                0x000044c4                AM_initVariables
                0x00004634                AM_loadPics
                0x00004698                AM_unloadPics
                0x000046e0                AM_clearMarks
                0x00004714                AM_LevelInit
                0x000047a4                AM_Stop
                0x000047e0                AM_Start
                0x00004884                AM_minOutWindowScale
                0x000048bc                AM_maxOutWindowScale
                0x000048f4                AM_Responder
                0x00004e30                AM_changeWindowScale
                0x00004ea0                AM_doFollowPlayer
                0x00004f7c                AM_updateLightLev
                0x00004fec                AM_Ticker
                0x00005070                AM_clearFB
                0x00005094                AM_clipMline
                0x000054e8                AM_drawFline
                0x00005650                AM_drawMline
                0x00005688                AM_drawGrid
                0x000057d4                AM_drawWalls
                0x00005970                AM_rotate
                0x000059fc                AM_drawLineCharacter
                0x00005b28                AM_drawPlayers
                0x00005cb0                AM_drawThings
                0x00005d68                AM_drawMarks
                0x00005e44                AM_drawCrosshair
                0x00005e70                AM_Drawer
 .text          0x00005f04       0x9c build/d_event.o
                0x00005f04                D_PostEvent
                0x00005f54                D_PopEvent
 .text          0x00005fa0      0x510 build/d_iwad.o
                0x00006030                D_FindWADByName
                0x000060f4                D_TryFindWADByName
                0x0000610c                D_FindIWAD
                0x00006340                D_FindAllIWADs
                0x000063a8                D_SaveGameIWADName
                0x000063ec                D_SuggestIWADName
                0x00006448                D_SuggestGameName
 .text          0x000064b0      0x7b4 build/d_loop.o
                0x000064b0                D_QuitNetGame
                0x000066cc                NetUpdate
                0x00006748                D_ReceiveTic
                0x00006828                D_StartGameLoop
                0x0000684c                D_StartNetGame
                0x00006894                D_InitNetGame
                0x000068cc                TryRunTics
                0x00006c50                D_RegisterLoopCallbacks
 .text          0x00006c64     0x1e10 build/d_main.o
                0x00006c64                D_GrabMouseCallback
                0x00006d80                D_ProcessEvents
                0x00006dc4                D_BindVariables
                0x00006fe4                D_PageTicker
                0x0000700c                D_PageDrawer
                0x0000703c                D_Display
                0x0000755c                D_DoomLoop
                0x000076c4                D_AdvanceDemo
                0x000076dc                D_DoAdvanceDemo
                0x000079a4                D_StartTitle
                0x000079e4                D_IdentifyVersion
                0x00007c34                D_SetGameDescription
                0x00007d88                PrintDehackedBanners
                0x00007d8c                PrintGameVersion
                0x00007de4                D_DoomMain
 .text          0x00008a74      0x28c build/d_mode.o
                0x00008a74                D_ValidGameMode
                0x00008abc                D_ValidEpisodeMap
                0x00008b88                D_GetNumEpisodes
                0x00008bc0                D_ValidGameVersion
                0x00008c18                D_IsEpisodeMap
                0x00008c30                D_GameMissionString
 .text          0x00008d00      0x59c build/d_net.o
                0x00008e48                D_ConnectNetGame
                0x00008f90                D_CheckNetGame
 .text          0x0000929c      0xecc build/f_finale.o
                0x0000929c                F_StartFinale
                0x00009430                F_TextWrite
                0x0000956c                F_StartCast
                0x00009614                F_CastTicker
                0x00009a8c                F_Ticker
                0x00009bd8                F_CastResponder
                0x00009c94                F_Responder
                0x00009cb8                F_CastPrint
                0x00009d90                F_CastDrawer
                0x00009e68                F_DrawPatchCol
                0x00009efc                F_BunnyScroll
                0x0000a084                F_Drawer
 .text          0x0000a168      0x4e0 build/f_wipe.o
                0x0000a168                wipe_doColorXForm
                0x0000a1dc                wipe_exitColorXForm
                0x0000a1e4                wipe_doMelt
                0x0000a2f0                wipe_initColorXForm
                0x0000a318                wipe_exitMelt
                0x0000a348                wipe_shittyColMajorXform
                0x0000a3d4                wipe_initMelt
                0x0000a4c0                wipe_StartScreen
                0x0000a4f0                wipe_EndScreen
                0x0000a550                wipe_ScreenWipe
 .text          0x0000a648     0x3308 build/g_game.o
                0x0000a648                G_CmdChecksum
                0x0000a65c                G_BuildTiccmd
                0x0000b1f0                G_DoLoadLevel
                0x0000b414                G_Responder
                0x0000b8b8                G_PlayerFinishLevel
                0x0000b930                G_PlayerReborn
                0x0000ba10                G_InitPlayer
                0x0000ba14                G_CheckSpot
                0x0000bd20                G_DeathMatchSpawnPlayer
                0x0000bde4                G_DoReborn
                0x0000bed0                G_ScreenShot
                0x0000bee8                G_ExitLevel
                0x0000bf08                G_SecretExitLevel
                0x0000bf68                G_DoCompleted
                0x0000c308                G_WorldDone
                0x0000c3ac                G_DoWorldDone
                0x0000c3e4                G_LoadGame
                0x0000c414                G_SaveGame
                0x0000c444                G_DoSaveGame
                0x0000c5f0                G_DeferedInitNew
                0x0000c614                G_InitNew
                0x0000c948                G_DoLoadGame
                0x0000ca40                G_DoNewGame
                0x0000cac8                G_RecordDemo
                0x0000cb98                G_VanillaVersionCode
                0x0000cc0c                G_BeginRecording
                0x0000cd88                G_DeferedPlayDemo
                0x0000cda4                G_DoPlayDemo
                0x0000d078                G_TimeDemo
                0x0000d0d4                G_CheckDemoStatus
                0x0000d264                G_ReadDemoTiccmd
                0x0000d308                G_WriteDemoTiccmd
                0x0000d470                G_Ticker
 .text          0x0000d950      0x628 build/hu_lib.o
                0x0000d950                HUlib_init
                0x0000d954                HUlib_clearTextLine
                0x0000d96c                HUlib_initTextLine
                0x0000d990                HUlib_addCharToTextLine
                0x0000d9d0                HUlib_delCharFromTextLine
                0x0000da08                HUlib_drawTextLine
                0x0000daf8                HUlib_eraseTextLine
                0x0000dc10                HUlib_initSText
                0x0000dc8c                HUlib_addLineToSText
                0x0000dce8                HUlib_addMessageToSText
                0x0000dd4c                HUlib_drawSText
                0x0000dd9c                HUlib_eraseSText
                0x0000ddfc                HUlib_initIText
                0x0000de34                HUlib_delCharFromIText
                0x0000de48                HUlib_eraseLineFromIText
                0x0000de7c                HUlib_resetIText
                0x0000de98                HUlib_addPrefixToIText
                0x0000dec8                HUlib_keyInIText
                0x0000df20                HUlib_drawIText
                0x0000df38                HUlib_eraseIText
 .text          0x0000df78      0x9a8 build/hu_stuff.o
                0x0000df78                HU_Init
                0x0000dfd8                HU_Stop
                0x0000dff0                HU_Start
                0x0000e2ac                HU_Drawer
                0x0000e300                HU_Erase
                0x0000e32c                HU_Ticker
                0x0000e550                HU_queueChatChar
                0x0000e59c                HU_dequeueChatChar
                0x0000e5d0                HU_Responder
 .text          0x0000e920        0x4 build/i_endoom.o
                0x0000e920                I_Endoom
 .text          0x0000e924      0x11c build/i_joystick.o
                0x0000e924                I_ShutdownJoystick
                0x0000e928                I_InitJoystick
                0x0000e92c                I_UpdateJoystick
                0x0000e930                I_BindJoystickVariables
 .text          0x0000ea40      0x32c build/i_sound.o
                0x0000ea40                I_InitSound
                0x0000eaf0                I_ShutdownSound
                0x0000eb10                I_GetSfxLumpNum
                0x0000eb38                I_UpdateSound
                0x0000eb58                I_UpdateSoundParams
                0x0000eb90                I_StartSound
                0x0000ebdc                I_StopSound
                0x0000ebfc                I_SoundIsPlaying
                0x0000ec24                I_PrecacheSounds
                0x0000ec4c                I_InitMusic
                0x0000ec50                I_ShutdownMusic
                0x0000ec54                I_SetMusicVolume
                0x0000ec58                I_PauseSong
                0x0000ec5c                I_ResumeSong
                0x0000ec60                I_RegisterSong
                0x0000ec68                I_UnRegisterSong
                0x0000ec6c                I_PlaySong
                0x0000ec70                I_StopSong
                0x0000ec74                I_MusicIsPlaying
                0x0000ec7c                I_BindSoundVariables
 .text          0x0000ed6c      0x5b8 build/i_system.o
                0x0000ed6c                I_AtExit
                0x0000eda4                I_Tactile
                0x0000eda8                I_PrintBanner
                0x0000ede4                I_PrintDivider
                0x0000ee08                I_PrintStartupBanner
                0x0000ee38                I_ConsoleStdout
                0x0000ee40                I_Quit
                0x0000ee68                I_Error
                0x0000f044                I_ZoneBase
                0x0000f0e0                I_GetMemoryValue
 .text          0x0000f324       0x98 build/i_timer.o
                0x0000f324                I_GetTicks
                0x0000f328                I_GetTime
                0x0000f378                I_GetTimeMS
                0x0000f3b0                I_Sleep
                0x0000f3b4                I_WaitVBL
                0x0000f3b8                I_InitTimer
 .text          0x0000f3bc       0xa8 build/m_argv.o
                0x0000f3bc                M_CheckParmWithArgs
                0x0000f410                M_CheckParm
                0x0000f418                M_ParmExists
                0x0000f42c                M_FindResponseFile
                0x0000f430                M_GetExecutableName
 .text          0x0000f464       0x5c build/m_bbox.o
                0x0000f464                M_ClearBox
                0x0000f480                M_AddToBox
 .text          0x0000f4c0       0xbc build/m_cheat.o
                0x0000f4c0                cht_CheckCheat
                0x0000f568                cht_GetParam
 .text          0x0000f57c      0x498 build/m_config.o
                0x0000f678                M_SetConfigFilenames
                0x0000f68c                M_SaveDefaults
                0x0000f690                M_SaveDefaultsAlternate
                0x0000f694                M_LoadDefaults
                0x0000f7ac                M_BindVariable
                0x0000f7c8                M_SetVariable
                0x0000f888                M_GetIntVariable
                0x0000f8c4                M_GetStrVariable
                0x0000f900                M_GetFloatVariable
                0x0000f93c                M_SetConfigDir
                0x0000f9a0                M_GetSaveGameDir
 .text          0x0000fa14      0xa58 build/m_controls.o
                0x0000fa14                M_BindBaseControls
                0x0000fc50                M_BindHereticControls
                0x0000fd18                M_BindHexenControls
                0x0000fe08                M_BindStrifeControls
                0x0000ff8c                M_BindWeaponControls
                0x000100c4                M_BindMapControls
                0x000101c8                M_BindMenuControls
                0x000103dc                M_BindChatControls
                0x00010468                M_ApplyPlatformDefaults
 .text          0x0001046c       0x60 build/m_fixed.o
                0x0001046c                FixedMul
                0x0001047c                FixedDiv
 .text          0x000104cc     0x260c build/m_menu.o
                0x000104cc                M_ChangeMessages
                0x00010554                M_DrawReadThis2
                0x00010594                M_DrawMainMenu
                0x000105c0                M_DrawNewGame
                0x00010610                M_DrawEpisode
                0x0001063c                M_LoadSelect
                0x00010680                M_SaveSelect
                0x000106f4                M_DrawReadThis1
                0x0001082c                M_SfxVol
                0x00010888                M_MusicVol
                0x000108e4                M_SizeDisplay
                0x0001097c                M_ChangeSensitivity
                0x000109d0                M_QuitResponse
                0x00010a7c                M_ChangeDetail
                0x00010b0c                M_QuickLoadResponse
                0x00010b58                M_VerifyNightmare
                0x00010bac                M_EndGameResponse
                0x00010bf8                M_ReadSaveStrings
                0x00010cc0                M_DrawSaveLoadBorder
                0x00010d50                M_DoSave
                0x00010d8c                M_QuickSaveResponse
                0x00010dd8                M_DrawThermo
                0x00010eb0                M_DrawSound
                0x00010f3c                M_DrawOptions
                0x0001102c                M_DrawEmptyCell
                0x0001106c                M_DrawSelCell
                0x000110ac                M_StartMessage
                0x000110dc                M_QuickLoad
                0x0001118c                M_EndGame
                0x00011208                M_QuitDOOM
                0x000112b0                M_ChooseSkill
                0x00011304                M_StopMessage
                0x00011324                M_StringWidth
                0x000113a0                M_StringHeight
                0x00011400                M_WriteText
                0x00011494                M_DrawLoad
                0x00011514                M_DrawSave
                0x000115e0                M_StartControlPanel
                0x00011624                M_Drawer
                0x0001188c                M_ClearMenus
                0x000118a4                M_SetupNextMenu
                0x000118c4                M_LoadGame
                0x00011920                M_SaveGame
                0x00011990                M_QuickSave
                0x00011a5c                M_Responder
                0x00012774                M_Sound
                0x00012788                M_NewGame
                0x00012830                M_Episode
                0x000128ec                M_Options
                0x00012900                M_ReadThis
                0x00012910                M_FinishReadThis
                0x00012924                M_ReadThis2
                0x00012988                M_Ticker
                0x000129d0                M_Init
 .text          0x00012ad8      0x690 build/m_misc.o
                0x00012ad8                M_MakeDirectory
                0x00012ae4                M_FileExists
                0x00012b24                M_FileLength
                0x00012b68                M_WriteFile
                0x00012bc4                M_ReadFile
                0x00012c5c                M_StrToInt
                0x00012cf4                M_ExtractFileBase
                0x00012d84                M_ForceUppercase
                0x00012dac                M_StrCaseStr
                0x00012e10                M_StringDuplicate
                0x00012e48                M_StringCopy
                0x00012e90                M_StringReplace
                0x00012f70                M_StringConcat
                0x00012fa0                M_StringStartsWith
                0x00012fe8                M_StringEndsWith
                0x00013030                M_StringJoin
                0x000130e0                M_TempFile
                0x00013104                M_vsnprintf
                0x00013140                M_snprintf
 .text          0x00013168       0x7c build/m_random.o
                0x00013168                P_Random
                0x00013198                M_Random
                0x000131c8                M_ClearRandom
 .text          0x000131e4      0x4b0 build/p_ceilng.o
                0x000131e4                P_AddActiveCeiling
                0x00013224                P_RemoveActiveCeiling
                0x00013278                T_MoveCeiling
                0x0001343c                P_ActivateInStasisCeiling
                0x000134bc                EV_DoCeiling
                0x00013630                EV_CeilingCrushStop
 .text          0x00013694      0x82c build/p_doors.o
                0x00013694                T_VerticalDoor
                0x00013884                EV_DoDoor
                0x00013a30                EV_DoLockedDoor
                0x00013b18                EV_VerticalDoor
                0x00013de0                P_SpawnDoorCloseIn30
                0x00013e40                P_SpawnDoorRaiseIn5Mins
 .text          0x00013ec0     0x2440 build/p_enemy.o
                0x00013ec0                PIT_VileCheck
                0x00013fa0                P_RecursiveSound
                0x000140a4                P_NoiseAlert
                0x000140e8                P_CheckMeleeRange
                0x00014150                P_CheckMissileRange
                0x00014260                P_Move
                0x000143b4                P_TryWalk
                0x000143dc                P_NewChaseDir
                0x00014640                P_LookForPlayers
                0x00014780                A_KeenDie
                0x00014828                A_Look
                0x00014910                A_Chase
                0x00014b98                A_FaceTarget
                0x00014c00                A_PosAttack
                0x00014c84                A_SPosAttack
                0x00014d14                A_CPosAttack
                0x00014d98                A_CPosRefire
                0x00014df0                A_SpidRefire
                0x00014e48                A_BspiAttack
                0x00014e74                A_TroopAttack
                0x00014eec                A_SargAttack
                0x00014f3c                A_HeadAttack
                0x00014fa8                A_CyberAttack
                0x00014fd4                A_BruisAttack
                0x0001504c                A_SkelMissile
                0x000150b8                A_Tracer
                0x0001526c                A_SkelWhoosh
                0x00015294                A_SkelFist
                0x00015300                A_VileChase
                0x0001547c                A_VileStart
                0x00015484                A_Fire
                0x0001552c                A_StartFire
                0x00015548                A_FireCrackle
                0x00015564                A_VileTarget
                0x000155ac                A_VileAttack
                0x00015694                A_FatRaise
                0x000156b0                A_FatAttack1
                0x0001575c                A_FatAttack2
                0x00015808                A_FatAttack3
                0x000158e8                A_SkullAttack
                0x000159c4                A_PainShootSkull
                0x00015af8                A_PainAttack
                0x00015b20                A_PainDie
                0x00015b64                A_Scream
                0x00015bdc                A_XScream
                0x00015be4                A_Pain
                0x00015bf8                A_Fall
                0x00015c08                A_Explode
                0x00015c14                A_BossDeath
                0x00015e74                A_Hoof
                0x00015e90                A_Metal
                0x00015eac                A_BabyMetal
                0x00015ec8                A_OpenShotgun2
                0x00015ed4                A_LoadShotgun2
                0x00015ee0                A_CloseShotgun2
                0x00015f08                A_BrainAwake
                0x00015fb4                A_BrainPain
                0x00015fc0                A_BrainScream
                0x00016060                A_BrainExplode
                0x000160e0                A_BrainDie
                0x000160e4                A_BrainSpit
                0x0001619c                A_SpawnFly
                0x000162a8                A_SpawnSound
                0x000162c4                A_PlayerScream
 .text          0x00016300      0x7d0 build/p_floor.o
                0x00016300                T_MovePlane
                0x00016454                T_MoveFloor
                0x0001652c                EV_DoFloor
                0x00016918                EV_BuildStairs
 .text          0x00016ad0     0x1144 build/p_inter.o
                0x00016ad0                P_GiveAmmo
                0x00016c1c                P_GiveWeapon
                0x00016d88                P_GiveBody
                0x00016dbc                P_GiveArmor
                0x00016de0                P_GiveCard
                0x00016e00                P_GivePower
                0x00016eb0                P_TouchSpecialThing
                0x00017644                P_KillMobj
                0x000178c8                P_DamageMobj
 .text          0x00017c14      0x4d8 build/p_lights.o
                0x00017c14                T_StrobeFlash
                0x00017c54                T_Glow
                0x00017ccc                T_FireFlicker
                0x00017d28                T_LightFlash
                0x00017d88                P_SpawnFireFlicker
                0x00017de4                P_SpawnLightFlash
                0x00017e58                P_SpawnStrobeFlash
                0x00017ee8                EV_StartLightStrobing
                0x00017f44                EV_TurnTagLightsOff
                0x00017fe4                EV_LightTurnOn
                0x0001808c                P_SpawnGlowingLight
 .text          0x000180ec     0x1a24 build/p_map.o
                0x000180ec                PIT_StompThing
                0x000181a4                PIT_CheckLine
                0x00018400                PIT_CheckThing
                0x000185f4                PTR_SlideTraverse
                0x00018710                PTR_AimTraverse
                0x00018918                PTR_ShootTraverse
                0x00018c88                PTR_UseTraverse
                0x00018d2c                PIT_RadiusAttack
                0x00018de0                P_TeleportMove
                0x00018f70                P_CheckPosition
                0x0001915c                P_TryMove
                0x000192e4                P_ThingHeightClip
                0x00019354                PIT_ChangeSector
                0x0001946c                P_HitSlideLine
                0x0001959c                P_SlideMove
                0x000197c0                P_AimLineAttack
                0x000198a8                P_LineAttack
                0x00019950                P_UseLines
                0x000199d4                P_RadiusAttack
                0x00019a94                P_ChangeSector
 .text          0x00019b10      0xdcc build/p_maputl.o
                0x00019be0                P_AproxDistance
                0x00019c04                P_PointOnLineSide
                0x00019c9c                P_BoxOnLineSide
                0x00019dcc                P_PointOnDivlineSide
                0x00019e84                P_MakeDivline
                0x00019eac                P_InterceptVector
                0x00019f30                PIT_AddLineIntercepts
                0x0001a078                PIT_AddThingIntercepts
                0x0001a184                P_LineOpening
                0x0001a200                P_UnsetThingPosition
                0x0001a2fc                P_SetThingPosition
                0x0001a400                P_BlockLinesIterator
                0x0001a4dc                P_BlockThingsIterator
                0x0001a568                P_TraverseIntercepts
                0x0001a610                P_PathTraverse
 .text          0x0001a8dc     0x14c0 build/p_mobj.o
                0x0001a8dc                P_SpawnMobj
                0x0001aa34                P_RemoveMobj
                0x0001aaec                P_SetMobjState
                0x0001ab84                P_ExplodeMissile
                0x0001ac0c                P_ZMovement
                0x0001ae3c                P_XYMovement
                0x0001b100                P_NightmareRespawn
                0x0001b204                P_MobjThinker
                0x0001b320                P_RespawnSpecials
                0x0001b4b0                P_SpawnPlayer
                0x0001b65c                P_SpawnMapThing
                0x0001b984                P_SpawnPuff
                0x0001ba14                P_SpawnBlood
                0x0001ba9c                P_CheckMissileSpawn
                0x0001bb0c                P_SubstNullMobj
                0x0001bb3c                P_SpawnMissile
                0x0001bc68                P_SpawnPlayerMissile
 .text          0x0001bd9c      0x53c build/p_plats.o
                0x0001bd9c                P_ActivateInStasis
                0x0001be18                EV_StopPlat
                0x0001be74                P_AddActivePlat
                0x0001bec0                EV_DoPlat
                0x0001c0f4                P_RemoveActivePlat
                0x0001c158                T_PlatRaise
 .text          0x0001c2d8      0xec8 build/p_pspr.o
                0x0001c2f0                P_SetPsprite
                0x0001c3ac                P_CalcSwing
                0x0001c42c                P_BringUpWeapon
                0x0001c4a4                P_CheckAmmo
                0x0001c630                P_FireWeapon
                0x0001c694                P_DropWeapon
                0x0001c6c4                A_WeaponReady
                0x0001c828                A_ReFire
                0x0001c870                A_CheckReload
                0x0001c874                A_Lower
                0x0001c8c0                A_Raise
                0x0001c910                A_GunFlash
                0x0001c95c                A_Punch
                0x0001ca24                A_Saw
                0x0001cb5c                A_FireMissile
                0x0001cba4                A_FireBFG
                0x0001cbec                A_FirePlasma
                0x0001cc54                P_BulletSlope
                0x0001ccd8                P_GunShot
                0x0001cd44                A_FirePistol
                0x0001cdcc                A_FireShotgun
                0x0001ce58                A_FireShotgun2
                0x0001cf54                A_FireCGun
                0x0001d02c                A_Light0
                0x0001d038                A_Light1
                0x0001d044                A_Light2
                0x0001d050                A_BFGSpray
                0x0001d100                A_BFGsound
                0x0001d10c                P_SetupPsprites
                0x0001d124                P_MovePsprites
 .text          0x0001d1a0     0x198c build/p_saveg.o
                0x0001d460                P_TempSaveGameFile
                0x0001d4c0                P_SaveGameFile
                0x0001d56c                P_WriteSaveGameHeader
                0x0001d690                P_ReadSaveGameHeader
                0x0001d7b8                P_ReadSaveGameEOF
                0x0001d7d0                P_WriteSaveGameEOF
                0x0001d7d8                P_ArchivePlayers
                0x0001da3c                P_UnArchivePlayers
                0x0001dca8                P_ArchiveWorld
                0x0001ddd8                P_UnArchiveWorld
                0x0001df20                P_ArchiveThinkers
                0x0001e154                P_UnArchiveThinkers
                0x0001e3f0                P_ArchiveSpecials
                0x0001e720                P_UnArchiveSpecials
 .text          0x0001eb2c     0x1154 build/p_setup.o
                0x0001eb2c                P_LoadVertexes
                0x0001ebc4                GetSectorAtNullAddress
                0x0001ec30                P_LoadSegs
                0x0001edc4                P_LoadSubsectors
                0x0001ee6c                P_LoadSectors
                0x0001ef78                P_LoadNodes
                0x0001f0d4                P_LoadThings
                0x0001f1e4                P_LoadLineDefs
                0x0001f420                P_LoadSideDefs
                0x0001f528                P_LoadBlockMap
                0x0001f5bc                P_GroupLines
                0x0001f890                P_SetupLevel
                0x0001fc48                P_Init
 .text          0x0001fc80      0x5bc build/p_sight.o
                0x0001fc80                P_DivlineSide
                0x0001fd34                P_InterceptVector2
                0x0001fdb8                P_CrossSubsector
                0x00020030                P_CrossBSPNode
                0x000200e8                P_CheckSight
 .text          0x0002023c     0x1434 build/p_spec.o
                0x0002023c                P_InitPicAnims
                0x00020364                getSide
                0x000203b8                getSector
                0x00020410                twoSided
                0x00020448                getNextSector
                0x00020468                P_FindLowestFloorSurrounding
                0x000204b4                P_FindHighestFloorSurrounding
                0x00020504                P_FindNextHighestFloor
                0x000205d0                P_FindLowestCeilingSurrounding
                0x0002061c                P_FindHighestCeilingSurrounding
                0x00020668                P_FindSectorFromLineTag
                0x000206e0                P_FindMinSurroundingLight
                0x00020730                P_CrossSpecialLine
                0x00020cfc                P_ShootSpecialLine
                0x00020d78                P_PlayerInSpecialSector
                0x00020ef0                P_UpdateSpecials
                0x000210fc                EV_DoDonut
                0x0002138c                P_SpawnSpecials
 .text          0x00021670      0x830 build/p_switch.o
                0x00021670                P_InitSwitchList
                0x00021730                P_StartButton
                0x000217d4                P_ChangeSwitchTexture
                0x00021964                P_UseSpecialLine
 .text          0x00021ea0      0x1e0 build/p_telept.o
                0x00021ea0                EV_Teleport
 .text          0x00022080      0x198 build/p_tick.o
                0x00022080                P_InitThinkers
                0x00022098                P_AddThinker
                0x000220b8                P_RemoveThinker
                0x000220c4                P_AllocateThinker
                0x000220c8                P_RunThinkers
                0x00022124                P_Ticker
 .text          0x00022218      0x614 build/p_user.o
                0x00022218                P_Thrust
                0x0002228c                P_CalcHeight
                0x000223ec                P_MovePlayer
                0x000224d0                P_DeathThink
                0x000225d0                P_PlayerThink
 .text          0x0002282c      0x774 build/r_bsp.o
                0x0002282c                R_ClearDrawSegs
                0x0002284c                R_ClipSolidWallSegment
                0x000229a0                R_ClipPassWallSegment
                0x00022a28                R_ClearClipSegs
                0x00022a78                R_AddLine
                0x00022bfc                R_CheckBBox
                0x00022da0                R_Subsector
                0x00022f00                R_RenderBSPNode
 .text          0x00022fa0     0x10b4 build/r_data.o
                0x00022fa0                R_DrawColumnInCache
                0x00023000                R_GenerateComposite
                0x00023144                R_GenerateLookup
                0x00023318                R_GetColumn
                0x000233a0                R_InitTextures
                0x0002397c                R_InitFlats
                0x00023a00                R_InitSpriteLumps
                0x00023b20                R_InitColormaps
                0x00023b50                R_InitData
                0x00023b80                R_FlatNumForName
                0x00023be8                R_CheckTextureNumForName
                0x00023c5c                R_TextureNumForName
                0x00023c90                R_PrecacheLevel
 .text          0x00024054      0xdc4 build/r_draw.o
                0x00024054                R_DrawColumn
                0x00024138                R_DrawColumnLow
                0x00024230                R_DrawFuzzColumn
                0x00024350                R_DrawFuzzColumnLow
                0x000244ac                R_DrawTranslatedColumn
                0x00024590                R_DrawTranslatedColumnLow
                0x000246a0                R_InitTranslationTables
                0x00024738                R_DrawSpan
                0x00024830                R_DrawSpanLow
                0x00024954                R_InitBuffer
                0x000249fc                R_FillBackScreen
                0x00024d20                R_VideoErase
                0x00024d64                R_DrawViewBorder
 .text          0x00024e18      0xc6c build/r_main.o
                0x00024e18                R_AddPointToBox
                0x00024e4c                R_PointOnSide
                0x00024f00                R_PointOnSegSide
                0x00024fac                R_PointToAngle
                0x00025100                R_PointToAngle2
                0x0002511c                R_PointToDist
                0x000251c0                R_InitPointToAngle
                0x000251c4                R_ScaleFromGlobalAngle
                0x00025278                R_InitTables
                0x0002527c                R_InitTextureMapping
                0x00025408                R_InitLightTables
                0x0002548c                R_SetViewSize
                0x000254ac                R_ExecuteSetViewSize
                0x000257cc                R_Init
                0x00025874                R_PointInSubsector
                0x00025910                R_SetupFrame
                0x00025a2c                R_RenderPlayerView
 .text          0x00025a84      0x990 build/r_plane.o
                0x00025a84                R_InitPlanes
                0x00025a88                R_MapPlane
                0x00025ce4                R_ClearPlanes
                0x00025e04                R_FindPlane
                0x00025efc                R_CheckPlane
                0x00025fa4                R_MakeSpans
                0x0002609c                R_DrawPlanes
 .text          0x00026414     0x12a8 build/r_segs.o
                0x00026414                R_RenderMaskedSegRange
                0x00026728                R_RenderSegLoop
                0x00026bbc                R_StoreWallRange
 .text          0x000276bc       0x18 build/r_sky.o
                0x000276bc                R_InitSkyMap
 .text          0x000276d4     0x14c8 build/r_things.o
                0x000276d4                R_InstallSpriteLump
                0x000278bc                R_InitSpriteDefs
                0x00027b8c                R_InitSprites
                0x00027bbc                R_ClearSprites
                0x00027bdc                R_NewVisSprite
                0x00027c10                R_DrawMaskedColumn
                0x00027d34                R_DrawVisSprite
                0x00027f3c                R_ProjectSprite
                0x000282dc                R_AddSprites
                0x00028370                R_DrawPSprite
                0x0002860c                R_DrawPlayerSprites
                0x000286c0                R_SortVisSprites
                0x000287dc                R_DrawSprite
                0x00028ad8                R_DrawMasked
 .text          0x00028b9c     0x14a4 build/sha1.o
                0x00029cc8                SHA1_Init
                0x00029d14                SHA1_Update
                0x00029e24                SHA1_Final
                0x00029fe0                SHA1_UpdateInt32
                0x0002a018                SHA1_UpdateString
 .text          0x0002a040       0x64 build/statdump.o
                0x0002a040                StatCopy
                0x0002a0a0                StatDump
 .text          0x0002a0a4      0x500 build/st_lib.o
                0x0002a0a4                STlib_init
                0x0002a0d0                STlib_initNum
                0x0002a0fc                STlib_drawNum
                0x0002a2a8                STlib_updateNum
                0x0002a2bc                STlib_initPercent
                0x0002a2f0                STlib_updatePercent
                0x0002a32c                STlib_initMultIcon
                0x0002a350                STlib_updateMultIcon
                0x0002a470                STlib_initBinIcon
                0x0002a494                STlib_updateBinIcon
 .text          0x0002a5a4     0x1834 build/st_stuff.o
                0x0002a8f4                ST_refreshBackground
                0x0002a9a0                ST_Responder
                0x0002b050                ST_calcPainOffset
                0x0002b0b8                ST_updateFaceWidget
                0x0002b440                ST_updateWidgets
                0x0002b5a0                ST_Ticker
                0x0002b5e4                ST_doPaletteStuff
                0x0002b6dc                ST_drawWidgets
                0x0002b81c                ST_doRefresh
                0x0002b844                ST_diffDraw
                0x0002b84c                ST_Drawer
                0x0002b8c4                ST_loadGraphics
                0x0002b8d4                ST_loadData
                0x0002b900                ST_unloadGraphics
                0x0002b910                ST_unloadData
                0x0002b914                ST_initData
                0x0002b9c8                ST_createWidgets
                0x0002bd28                ST_Stop
                0x0002bd6c                ST_Start
                0x0002bdac                ST_Init
 .text          0x0002bdd8      0x9b0 build/s_sound.o
                0x0002bdd8                S_Shutdown
                0x0002bf98                S_StopSound
                0x0002bfec                S_StartSound
                0x0002c258                S_PauseSound
                0x0002c290                S_ResumeSound
                0x0002c2c8                S_UpdateSounds
                0x0002c3b0                S_SetMusicVolume
                0x0002c3e0                S_SetSfxVolume
                0x0002c418                S_Init
                0x0002c4fc                S_MusicPlaying
                0x0002c500                S_StopMusic
                0x0002c568                S_ChangeMusic
                0x0002c678                S_Start
                0x0002c780                S_StartMusic
 .text          0x0002c788       0x2c build/tables.o
                0x0002c788                SlopeDiv
 .text          0x0002c7b4     0x1130 build/v_video.o
                0x0002c7b4                V_MarkRect
                0x0002c82c                V_CopyRect
                0x0002c8f8                V_SetPatchClipCallback
                0x0002c90c                V_DrawPatch
                0x0002caf4                V_DrawPatchFlipped
                0x0002ccb0                V_DrawPatchDirect
                0x0002ccb4                V_DrawTLPatch
                0x0002ce14                V_DrawXlaPatch
                0x0002cf4c                V_DrawAltTLPatch
                0x0002d0ac                V_DrawShadowedPatch
                0x0002d254                V_LoadTintTable
                0x0002d280                V_LoadXlaTable
                0x0002d2ac                V_DrawBlock
                0x0002d348                V_DrawFilledBox
                0x0002d3a8                V_DrawHorizLine
                0x0002d3ec                V_DrawVertLine
                0x0002d434                V_DrawBox
                0x0002d484                V_DrawRawScreen
                0x0002d49c                V_Init
                0x0002d4a0                V_UseBuffer
                0x0002d4b4                V_RestoreBuffer
                0x0002d4e4                WritePCXfile
                0x0002d658                V_ScreenShot
                0x0002d70c                V_DrawMouseSpeedBox
 .text          0x0002d8e4     0x2764 build/wi_stuff.o
                0x0002de2c                WI_slamBackground
                0x0002de48                WI_Responder
                0x0002de50                WI_drawLF
                0x0002df80                WI_drawEL
                0x0002e020                WI_drawOnLnode
                0x0002e15c                WI_initAnimatedBack
                0x0002e250                WI_updateAnimatedBack
                0x0002e3a4                WI_drawAnimatedBack
                0x0002e44c                WI_drawNum
                0x0002e574                WI_drawPercent
                0x0002e5b4                WI_drawTime
                0x0002e68c                WI_initNoState
                0x0002e6b4                WI_updateNoState
                0x0002e6e4                WI_initShowNextLoc
                0x0002e70c                WI_updateShowNextLoc
                0x0002e760                WI_drawShowNextLoc
                0x0002e870                WI_drawNoState
                0x0002e888                WI_fragSum
                0x0002e8f8                WI_initDeathmatchStats
                0x0002e9a0                WI_updateDeathmatchStats
                0x0002ec40                WI_drawDeathmatchStats
                0x0002ee9c                WI_initNetgameStats
                0x0002ef6c                WI_updateNetgameStats
                0x0002f43c                WI_drawNetgameStats
                0x0002f798                WI_initStats
                0x0002f7dc                WI_updateStats
                0x0002fb7c                WI_drawStats
                0x0002fc80                WI_checkForAccelerate
                0x0002fd44                WI_Ticker
                0x0002fe18                WI_loadData
                0x0002fec4                WI_unloadData
                0x0002fed4                WI_End
                0x0002fed8                WI_Drawer
                0x0002ff50                WI_initVariables
                0x0002ffe8                WI_Start
 .text          0x00030048      0x140 build/w_checksum.o
                0x00030048                W_Checksum
 .text          0x00030188       0x64 build/w_file.o
                0x00030188                W_OpenFile
                0x000301c8                W_CloseFile
                0x000301d4                W_Read
 .text          0x000301ec       0xa4 build/w_main.o
                0x000301ec                W_ParseCommandLine
 .text          0x00030290      0x7d0 build/w_wad.o
                0x00030290                W_LumpNameHash
                0x000302cc                W_AddFile
                0x000305bc                W_NumLumps
                0x000305cc                W_CheckNumForName
                0x00030690                W_GetNumForName
                0x000306c0                W_LumpLength
                0x00030714                W_ReadLump
                0x000307a8                W_CacheLumpNum
                0x00030870                W_CacheLumpName
                0x00030888                W_ReleaseLumpNum
                0x00030908                W_ReleaseLumpName
                0x00030918                W_GenerateHashTable
                0x000309c4                W_CheckCorrectIWAD
 .text          0x00030a60      0x74c build/z_zone.o
                0x00030a60                Z_ClearZone
                0x00030aa0                Z_Init
                0x00030b04                Z_Free
                0x00030bfc                Z_Malloc
                0x00030d58                Z_FreeTags
                0x00030dc8                Z_DumpHeap
                0x00030eec                Z_FileDumpHeap
                0x00030ff0                Z_CheckHeap
                0x00031098                Z_ChangeTag2
                0x0003110c                Z_ChangeUser
                0x00031148                Z_FreeMemory
                0x00031194                Z_ZoneSize
 .text          0x000311ac       0xb4 build/w_file_stdc.o
                0x000311ac                W_StdC_Read
 .text          0x00031260      0x114 build/i_input.o
                0x00031260                I_GetEvent
                0x00031370                I_InitInput
 .text          0x00031374      0x510 build/i_video.o
                0x00031374                cmap_to_rgb565
                0x000313dc                cmap_to_fb
                0x000314a4                I_InitGraphics
                0x0003166c                I_ShutdownGraphics
                0x00031680                I_StartFrame
                0x00031684                I_StartTic
                0x00031688                I_UpdateNoBlit
                0x0003168c                I_FinishUpdate
                0x00031758                I_ReadScreen
                0x00031770                I_SetPalette
                0x000317ec                I_GetPaletteIndex
                0x00031860                I_BeginRead
                0x00031864                I_EndRead
                0x00031868                I_SetWindowTitle
                0x0003186c                I_GraphicsCheckCommandLine
                0x00031870                I_SetGrabMouseCallback
                0x00031874                I_EnableLoadingDisk
                0x00031878                I_BindVideoVariables
                0x0003187c                I_DisplayFPSDots
                0x00031880                I_CheckIsScreensaver
 .text          0x00031884      0x340 build/doomgeneric.o
                0x00031884                DG_SetWindowTitle
                0x00031888                DG_Init
                0x00031ac4                DG_DrawFrame
                0x00031b30                DG_SleepMs
                0x00031b3c                DG_GetKey
                0x00031b50                DG_GetTicksMs
                0x00031ba0                dg_Create
 .text          0x00031bc4      0x20c /usr/lib/gcc-cross/arm-linux-gnueabi/12/libgcc.a(_udivsi3.o)
                0x00031bc4                __aeabi_uidiv
                0x00031bc4                __udivsi3
                0x00031db0                __aeabi_uidivmod
 .text          0x00031dd0      0x240 /usr/lib/gcc-cross/arm-linux-gnueabi/12/libgcc.a(_divsi3.o)
                0x00031dd0                __divsi3
                0x00031dd0                __aeabi_idiv
                0x00031ff0                __aeabi_idivmod
 .text          0x00032010      0x3c0 /usr/lib/gcc-cross/arm-linux-gnueabi/12/libgcc.a(_arm_addsubdf3.o)
                0x00032010                __aeabi_drsub
                0x00032018                __aeabi_dsub
                0x00032018                __subdf3
                0x0003201c                __adddf3
                0x0003201c                __aeabi_dadd
                0x000322c8                __floatunsidf
                0x000322c8                __aeabi_ui2d
                0x000322ec                __aeabi_i2d
                0x000322ec                __floatsidf
                0x00032314                __aeabi_f2d
                0x00032314                __extendsfdf2
                0x0003235c                __aeabi_ul2d
                0x0003235c                __floatundidf
                0x00032370                __floatdidf
                0x00032370                __aeabi_l2d
 .text          0x000323d0      0x12c /usr/lib/gcc-cross/arm-linux-gnueabi/12/libgcc.a(_arm_cmpdf2.o)
                0x000323d0                __gedf2
                0x000323d0                __gtdf2
                0x000323d8                __ltdf2
                0x000323d8                __ledf2
                0x000323e0                __cmpdf2
                0x000323e0                __eqdf2
                0x000323e0                __nedf2
                0x00032468                __aeabi_cdrcmple
                0x00032484                __aeabi_cdcmple
                0x00032484                __aeabi_cdcmpeq
                0x00032498                __aeabi_dcmpeq
                0x000324ac                __aeabi_dcmplt
                0x000324c0                __aeabi_dcmple
                0x000324d4                __aeabi_dcmpge
                0x000324e8                __aeabi_dcmpgt
 .text          0x000324fc       0xa0 /usr/lib/gcc-cross/arm-linux-gnueabi/12/libgcc.a(_arm_truncdfsf2.o)
                0x000324fc                __truncdfsf2
                0x000324fc                __aeabi_d2f
 .text          0x0003259c      0x250 /usr/lib/gcc-cross/arm-linux-gnueabi/12/libgcc.a(_arm_addsubsf3.o)
                0x0003259c                __aeabi_frsub
                0x000325a4                __subsf3
                0x000325a4                __aeabi_fsub
                0x000325a8                __aeabi_fadd
                0x000325a8                __addsf3
                0x00032738                __floatunsisf
                0x00032738                __aeabi_ui2f
                0x00032740                __aeabi_i2f
                0x00032740                __floatsisf
                0x00032760                __aeabi_ul2f
                0x00032760                __floatundisf
                0x00032770                __floatdisf
                0x00032770                __aeabi_l2f
 .text          0x000327ec      0x2f8 /usr/lib/gcc-cross/arm-linux-gnueabi/12/libgcc.a(_arm_muldivsf3.o)
                0x000327ec                __aeabi_fmul
                0x000327ec                __mulsf3
                0x00032984                __divsf3
                0x00032984                __aeabi_fdiv
 .text          0x00032ae4       0x5c /usr/lib/gcc-cross/arm-linux-gnueabi/12/libgcc.a(_arm_fixsfsi.o)
                0x00032ae4                __aeabi_f2iz
                0x00032ae4                __fixsfsi
 .text          0x00032b40       0xd4 /usr/lib/gcc-cross/arm-linux-gnueabi/12/libgcc.a(_aeabi_ldivmod.o)
                0x00032b40                __aeabi_ldivmod
 .text          0x00032c14       0x10 /usr/lib/gcc-cross/arm-linux-gnueabi/12/libgcc.a(_dvmd_lnx.o)
                0x00032c14                __aeabi_ldiv0
                0x00032c14                __aeabi_idiv0
 .text          0x00032c24      0x120 /usr/lib/gcc-cross/arm-linux-gnueabi/12/libgcc.a(_udivmoddi4.o)
                0x00032c24                __udivmoddi4
 *(.gnu.warning)
 *(.glue_7t)
 .glue_7t       0x00032d44        0x0 linker stubs
 *(.glue_7)
 .glue_7        0x00032d44        0x0 linker stubs
 *(.vfp11_veneer)
 .vfp11_veneer  0x00032d44        0x0 linker stubs
 *(.v4_bx)
 .v4_bx         0x00032d44        0x0 linker stubs

.fini           0x00032d44        0x8
 *(SORT_NONE(.fini))
 .fini          0x00032d44        0x4 /usr/lib/gcc-cross/arm-linux-gnueabi/12/../../../../arm-linux-gnueabi/lib/crti.o
                0x00032d44                _fini
 .fini          0x00032d48        0x4 /usr/lib/gcc-cross/arm-linux-gnueabi/12/../../../../arm-linux-gnueabi/lib/crtn.o
                [!provide]                        PROVIDE (__etext = .)
                [!provide]                        PROVIDE (_etext = .)
                [!provide]                        PROVIDE (etext = .)

.rodata         0x00032d4c    0x17c60
 *(.rodata .rodata.* .gnu.linkonce.r.*)
 .rodata.str1.1
                0x00032d4c       0x15 build/i_main.o
 .rodata.str1.1
                0x00032d61       0x67 build/am_map.o
 .rodata        0x00032dc8       0x30 build/am_map.o
 .rodata.str1.1
                0x00032df8      0x328 build/dstrings.o
 .rodata.str1.1
                0x00033120      0x1c0 build/d_iwad.o
                                0x1d3 (size before relaxing)
 .rodata.str1.1
                0x000332e0       0x6e build/d_loop.o
 .rodata.str1.1
                0x0003334e      0x947 build/d_main.o
                                0x995 (size before relaxing)
 .rodata        0x00033c95       0xb8 build/d_main.o
 .rodata.str1.1
                0x00033d4d       0x1a build/d_mode.o
                                 0x3c (size before relaxing)
 *fill*         0x00033d67        0x1 
 .rodata        0x00033d68      0x120 build/d_mode.o
 .rodata.str1.1
                0x00033e88      0x155 build/d_net.o
                                0x16d (size before relaxing)
 .rodata.str1.1
                0x00033fdd     0x1ef5 build/f_finale.o
                               0x1f08 (size before relaxing)
 .rodata.str1.1
                0x00035ed2      0x348 build/g_game.o
                                0x369 (size before relaxing)
 *fill*         0x0003621a        0x2 
 .rodata        0x0003621c       0x48 build/g_game.o
 .rodata.str1.1
                0x00036264      0xc0f build/hu_stuff.o
 .rodata.str1.1
                0x00036e73      0x2a3 build/info.o
                                0x2b2 (size before relaxing)
 .rodata.str1.1
                0x00037116       0xa7 build/i_joystick.o
 .rodata.str1.1
                0x000371bd       0x9e build/i_sound.o
                                 0x9f (size before relaxing)
 .rodata.str1.1
                0x0003725b      0x211 build/i_system.o
 .rodata        0x0003746c       0x1e build/i_system.o
 .rodata.str1.1
                0x0003748a      0xa6e build/m_config.o
                                0xc1c (size before relaxing)
 .rodata        0x00037ef8      0x200 build/m_config.o
 .rodata.str1.1
                0x000380f8       0x16 build/m_controls.o
                                0x630 (size before relaxing)
 .rodata.str1.1
                0x0003810e      0x3f7 build/m_menu.o
                                0x40f (size before relaxing)
 .rodata.str1.1
                0x00038505       0xde build/m_misc.o
                                 0xec (size before relaxing)
 .rodata        0x000385e3      0x100 build/m_random.o
 .rodata.str1.1
                0x000386e3      0x137 build/p_doors.o
 .rodata.str1.1
                0x0003881a       0x3b build/p_enemy.o
 .rodata.str1.1
                0x00038855      0x3d7 build/p_inter.o
 .rodata.str1.1
                0x00038c2c       0x72 build/p_map.o
 .rodata.str1.1
                0x00038c9e       0x2d build/p_mobj.o
 .rodata.str1.1
                0x00038ccb       0x45 build/p_plats.o
 .rodata.str1.1
                0x00038d10       0xc3 build/p_saveg.o
                                 0xe1 (size before relaxing)
 .rodata.str1.1
                0x00038dd3       0x5a build/p_setup.o
 .rodata.str1.1
                0x00038e2d       0x28 build/p_sight.o
 .rodata.str1.1
                0x00038e55      0x242 build/p_spec.o
 .rodata.str1.1
                0x00039097       0x25 build/p_switch.o
 .rodata.str1.1
                0x000390bc       0x23 build/r_bsp.o
 .rodata.str1.1
                0x000390df      0x120 build/r_data.o
                                0x12e (size before relaxing)
 .rodata.str1.1
                0x000391ff       0xa6 build/r_draw.o
 .rodata.str1.1
                0x000392a5       0xa6 build/r_plane.o
 .rodata.str1.1
                0x0003934b       0x20 build/r_segs.o
 .rodata.str1.1
                0x0003936b      0x1d2 build/r_things.o
 .rodata.str1.1
                0x0003953d      0x186 build/sounds.o
                                0x191 (size before relaxing)
 .rodata.str1.1
                0x000396c3        0xa build/statdump.o
 .rodata.str1.1
                0x000396c3       0x5b build/st_lib.o
 .rodata.str1.1
                0x0003971e      0x1b1 build/st_stuff.o
                                0x1b9 (size before relaxing)
 .rodata.str1.1
                0x000398cf       0x69 build/s_sound.o
 .rodata        0x00039938       0x24 build/s_sound.o
 .rodata        0x0003995c    0x10504 build/tables.o
                0x0003995c                gammatable
                0x00039e5c                tantoangle
                0x0003be60                finesine
                0x00045e60                finetangent
 .rodata.str1.1
                0x00049e60      0x100 build/v_video.o
                                0x108 (size before relaxing)
 .rodata.str1.1
                0x00049f60       0xf9 build/wi_stuff.o
                                0x10b (size before relaxing)
 *fill*         0x0004a059        0x3 
 .rodata        0x0004a05c      0x158 build/wi_stuff.o
 .rodata.str1.1
                0x0004a1b4        0x6 build/w_file.o
 .rodata.str1.1
                0x0004a1ba        0x6 build/w_main.o
                                 0x12 (size before relaxing)
 .rodata.str1.1
                0x0004a1c0      0x1d2 build/w_wad.o
                                0x1d6 (size before relaxing)
 .rodata.str1.1
                0x0004a392      0x323 build/z_zone.o
 .rodata.str1.1
                0x0004a6b5        0x3 build/w_file_stdc.o
 .rodata        0x0004a6b5       0x80 build/i_input.o
 .rodata.str1.1
                0x0004a735      0x15b build/i_video.o
 .rodata.str1.1
                0x0004a890      0x11c build/doomgeneric.o

.rodata1
 *(.rodata1)

.ARM.extab
 *(.ARM.extab* .gnu.linkonce.armextab.*)

.ARM.exidx      0x0004a9ac        0x8
                [!provide]                        PROVIDE (__exidx_start = .)
 *(.ARM.exidx* .gnu.linkonce.armexidx.*)
 .ARM.exidx     0x0004a9ac        0x8 /usr/lib/gcc-cross/arm-linux-gnueabi/12/../../../../arm-linux-gnueabi/lib/Scrt1.o
 .ARM.exidx     0x0004a9b4        0x0 /usr/lib/gcc-cross/arm-linux-gnueabi/12/libgcc.a(_udivmoddi4.o)
                                  0x8 (size before relaxing)
                [!provide]                        PROVIDE (__exidx_end = .)

.eh_frame_hdr
 *(.eh_frame_hdr)
 *(.eh_frame_entry .eh_frame_entry.*)

.eh_frame       0x0004a9b4        0x4
 *(.eh_frame)
 .eh_frame      0x0004a9b4        0x4 /usr/lib/gcc-cross/arm-linux-gnueabi/12/crtendS.o
 *(.eh_frame.*)

.sframe
 *(.sframe)
 *(.sframe.*)

.gcc_except_table
 *(.gcc_except_table .gcc_except_table.*)

.gnu_extab
 *(.gnu_extab*)

.exception_ranges
 *(.exception_ranges*)
                0x0004bc0c                        . = DATA_SEGMENT_ALIGN (CONSTANT (MAXPAGESIZE), CONSTANT (COMMONPAGESIZE))

.eh_frame
 *(.eh_frame)
 *(.eh_frame.*)

.sframe
 *(.sframe)
 *(.sframe.*)

.gnu_extab
 *(.gnu_extab)

.gcc_except_table
 *(.gcc_except_table .gcc_except_table.*)

.exception_ranges
 *(.exception_ranges*)

.tdata          0x0004bc0c        0x0
                [!provide]                        PROVIDE (__tdata_start = .)
 *(.tdata .tdata.* .gnu.linkonce.td.*)

.tbss
 *(.tbss .tbss.* .gnu.linkonce.tb.*)
 *(.tcommon)

.preinit_array  0x0004bc0c        0x0
                [!provide]                        PROVIDE (__preinit_array_start = .)
 *(.preinit_array)
                [!provide]                        PROVIDE (__preinit_array_end = .)

.init_array     0x0004bc0c        0x4
                [!provide]                        PROVIDE (__init_array_start = .)
 *(SORT_BY_INIT_PRIORITY(.init_array.*) SORT_BY_INIT_PRIORITY(.ctors.*))
 *(.init_array EXCLUDE_FILE(*crtend?.o *crtend.o *crtbegin?.o *crtbegin.o) .ctors)
 .init_array    0x0004bc0c        0x4 /usr/lib/gcc-cross/arm-linux-gnueabi/12/crtbeginS.o
                [!provide]                        PROVIDE (__init_array_end = .)

.fini_array     0x0004bc10        0x4
                [!provide]                        PROVIDE (__fini_array_start = .)
 *(SORT_BY_INIT_PRIORITY(.fini_array.*) SORT_BY_INIT_PRIORITY(.dtors.*))
 *(.fini_array EXCLUDE_FILE(*crtend?.o *crtend.o *crtbegin?.o *crtbegin.o) .dtors)
 .fini_array    0x0004bc10        0x4 /usr/lib/gcc-cross/arm-linux-gnueabi/12/crtbeginS.o
                [!provide]                        PROVIDE (__fini_array_end = .)

.ctors
 *crtbegin.o(.ctors)
 *crtbegin?.o(.ctors)
 *(EXCLUDE_FILE(*crtend?.o *crtend.o) .ctors)
 *(SORT_BY_NAME(.ctors.*))
 *(.ctors)

.dtors
 *crtbegin.o(.dtors)
 *crtbegin?.o(.dtors)
 *(EXCLUDE_FILE(*crtend?.o *crtend.o) .dtors)
 *(SORT_BY_NAME(.dtors.*))
 *(.dtors)

.jcr
 *(.jcr)

.data.rel.ro    0x0004bc14      0x2fc
 *(.data.rel.ro.local* .gnu.linkonce.d.rel.ro.local.*)
 .data.rel.ro.local
                0x0004bc14       0xe0 build/d_iwad.o
 .data.rel.ro.local
                0x0004bcf4       0x90 build/d_main.o
 .data.rel.ro.local
                0x0004bd84       0x18 build/f_wipe.o
 .data.rel.ro.local
                0x0004bd9c       0x10 build/m_menu.o
 .data.rel.ro.local
                0x0004bdac       0x10 build/wi_stuff.o
 .data.rel.ro.local
                0x0004bdbc       0x20 build/w_wad.o
 *(.data.rel.ro .data.rel.ro.* .gnu.linkonce.d.rel.ro.*)
 .data.rel.ro   0x0004bddc        0x0 /usr/lib/gcc-cross/arm-linux-gnueabi/12/../../../../arm-linux-gnueabi/lib/Scrt1.o
 .data.rel.ro   0x0004bddc       0x20 build/g_game.o
 .data.rel.ro   0x0004bdfc      0x114 build/p_maputl.o

.dynamic        0x0004bf10       0xf0
 *(.dynamic)
 .dynamic       0x0004bf10       0xf0 /usr/lib/gcc-cross/arm-linux-gnueabi/12/../../../../arm-linux-gnueabi/lib/Scrt1.o
                0x0004bf10                _DYNAMIC
                0x0004c000                        . = DATA_SEGMENT_RELRO_END (., 0x0)

.got            0x0004c000      0x630
 *(.got.plt)
 .got.plt       0x0004c000       0xe4 /usr/lib/gcc-cross/arm-linux-gnueabi/12/../../../../arm-linux-gnueabi/lib/Scrt1.o
                0x0004c000                _GLOBAL_OFFSET_TABLE_
 *(.igot.plt)
 .igot.plt      0x0004c0e4        0x0 /usr/lib/gcc-cross/arm-linux-gnueabi/12/../../../../arm-linux-gnueabi/lib/Scrt1.o
 *(.got)
 .got           0x0004c0e4      0x54c /usr/lib/gcc-cross/arm-linux-gnueabi/12/../../../../arm-linux-gnueabi/lib/Scrt1.o
 *(.igot)

.data           0x0004c630     0xe968
                [!provide]                        PROVIDE (__data_start = .)
 *(.data .data.* .gnu.linkonce.d.*)
 .data.rel.local
                0x0004c630        0x4 /usr/lib/gcc-cross/arm-linux-gnueabi/12/crtbeginS.o
                0x0004c630                __dso_handle
 .data          0x0004c634      0x240 build/am_map.o
                0x0004c670                cheat_amap
                0x0004c6a4                cheat_player_arrow
                0x0004c7a4                player_arrow
                0x0004c814                thintriangle_guy
                0x0004c844                triangle_guy
 .data          0x0004c874        0x8 build/doomstat.o
                0x0004c874                gameversion
                0x0004c878                gamemode
 .data.rel.local
                0x0004c87c       0x40 build/dstrings.o
                0x0004c87c                doom2_endmsg
                0x0004c89c                doom1_endmsg
 .data          0x0004c8bc       0xd8 build/d_items.o
                0x0004c8bc                weaponinfo
 .data          0x0004c994        0x4 build/d_loop.o
 .data          0x0004c998        0xc build/d_main.o
                0x0004c998                show_endoom
                0x0004c9a0                wipegamestate
 .data.rel      0x0004c9a4       0x10 build/d_net.o
 .data.rel.local
                0x0004c9b4      0x248 build/f_finale.o
                0x0004cb6c                castorder
 .data          0x0004cbfc      0x148 build/g_game.o
                0x0004cbfc                sidemove
                0x0004cc04                angleturn
                0x0004cc10                forwardmove
                0x0004cc18                cpars
                0x0004cc98                pars
                0x0004cd38                vanilla_savegame_limit
                0x0004cd3c                precache
                0x0004cd40                vanilla_demo_limit
 .data.rel.local
                0x0004cd44      0x26c build/hu_stuff.o
                0x0004cd44                mapnames
                0x0004cdf8                mapnames_commercial
                0x0004cf78                player_names
                0x0004cf88                chat_macros
 .data          0x0004cfb0     0x313c build/info.o
                0x0004cfb0                mobjinfo
 .data.rel      0x000500ec     0x69c4 build/info.o
                0x000500ec                states
 .data.rel.local
                0x00056ab0      0x22c build/info.o
                0x00056ab0                sprnames
 .data          0x00056cdc       0x34 build/i_joystick.o
 .data          0x00056d10       0x14 build/i_sound.o
                0x00056d10                snd_musicdevice
                0x00056d14                snd_sfxdevice
                0x00056d18                snd_maxslicetime_ms
                0x00056d1c                snd_samplerate
                0x00056d20                snd_cachesize
 .data.rel.local
                0x00056d24        0x4 build/i_sound.o
                0x00056d24                snd_musiccmd
 .data          0x00056d28        0x4 build/i_system.o
 .data.rel.local
                0x00056d2c        0x4 build/i_system.o
 .data.rel.local
                0x00056d30     0x1260 build/m_config.o
 .data          0x00057f90      0x19c build/m_controls.o
                0x00057f90                key_right
                0x00057f94                key_left
                0x00057f98                key_up
                0x00057f9c                key_down
                0x00057fa0                key_strafeleft
                0x00057fa4                key_straferight
                0x00057fa8                key_fire
                0x00057fac                key_use
                0x00057fb0                key_strafe
                0x00057fb4                key_speed
                0x00057fb8                mousebstrafe
                0x00057fbc                mousebforward
                0x00057fc0                joybstrafe
                0x00057fc4                joybuse
                0x00057fc8                joybspeed
                0x00057fcc                joybmenu
                0x00057fd0                joybstrafeleft
                0x00057fd4                joybstraferight
                0x00057fd8                mousebstrafeleft
                0x00057fdc                mousebstraferight
                0x00057fe0                mousebuse
                0x00057fe4                mousebbackward
                0x00057fe8                dclick_use
                0x00057fec                key_pause
                0x00057ff0                key_message_refresh
                0x00057ff4                key_flyup
                0x00057ff8                key_flydown
                0x00057ffc                key_flycenter
                0x00058000                key_lookup
                0x00058004                key_lookdown
                0x00058008                key_lookcenter
                0x0005800c                key_invleft
                0x00058010                key_invright
                0x00058014                key_useartifact
                0x00058018                key_jump
                0x0005801c                mousebjump
                0x00058020                joybjump
                0x00058024                key_arti_all
                0x00058028                key_arti_health
                0x0005802c                key_arti_poisonbag
                0x00058030                key_arti_blastradius
                0x00058034                key_arti_teleport
                0x00058038                key_arti_teleportother
                0x0005803c                key_arti_egg
                0x00058040                key_arti_invulnerability
                0x00058044                key_usehealth
                0x00058048                key_invquery
                0x0005804c                key_mission
                0x00058050                key_invpop
                0x00058054                key_invkey
                0x00058058                key_invhome
                0x0005805c                key_invend
                0x00058060                key_invuse
                0x00058064                key_invdrop
                0x00058068                key_weapon1
                0x0005806c                key_weapon2
                0x00058070                key_weapon3
                0x00058074                key_weapon4
                0x00058078                key_weapon5
                0x0005807c                key_weapon6
                0x00058080                key_weapon7
                0x00058084                key_weapon8
                0x00058088                joybprevweapon
                0x0005808c                joybnextweapon
                0x00058090                mousebprevweapon
                0x00058094                mousebnextweapon
                0x00058098                key_map_north
                0x0005809c                key_map_south
                0x000580a0                key_map_east
                0x000580a4                key_map_west
                0x000580a8                key_map_zoomin
                0x000580ac                key_map_zoomout
                0x000580b0                key_map_toggle
                0x000580b4                key_map_maxzoom
                0x000580b8                key_map_follow
                0x000580bc                key_map_grid
                0x000580c0                key_map_mark
                0x000580c4                key_map_clearmark
                0x000580c8                key_menu_activate
                0x000580cc                key_menu_up
                0x000580d0                key_menu_down
                0x000580d4                key_menu_left
                0x000580d8                key_menu_right
                0x000580dc                key_menu_back
                0x000580e0                key_menu_forward
                0x000580e4                key_menu_confirm
                0x000580e8                key_menu_abort
                0x000580ec                key_menu_help
                0x000580f0                key_menu_save
                0x000580f4                key_menu_load
                0x000580f8                key_menu_volume
                0x000580fc                key_menu_detail
                0x00058100                key_menu_qsave
                0x00058104                key_menu_endgame
                0x00058108                key_menu_messages
                0x0005810c                key_menu_qload
                0x00058110                key_menu_quit
                0x00058114                key_menu_gamma
                0x00058118                key_menu_incscreen
                0x0005811c                key_menu_decscreen
                0x00058120                key_demo_quit
                0x00058124                key_spy
                0x00058128                key_multi_msg
 .data          0x0005812c       0xce build/m_menu.o
                0x0005812c                showMessages
                0x00058130                screenblocks
                0x00058134                mouseSensitivity
                0x00058138                quitsounds2
                0x00058158                quitsounds
                0x00058178                gammamsg
 *fill*         0x000581fa        0x2 
 .data.rel.local
                0x000581fc      0x414 build/m_menu.o
                0x000581fc                ReadDef1
                0x00058214                LoadMenu
                0x0005828c                SoundDef
                0x000582a4                OptionsDef
                0x000582bc                LoadDef
                0x000582d4                MainDef
                0x000582ec                skullName
                0x000582f4                SaveDef
                0x0005830c                ReadDef2
                0x00058324                NewDef
                0x0005833c                EpiDef
                0x00058354                MainMenu
                0x000583cc                SaveMenu
                0x00058444                SoundMenu
                0x00058494                ReadMenu2
                0x000584a8                ReadMenu1
                0x000584bc                OptionsMenu
                0x0005855c                NewGameMenu
                0x000585c0                EpisodeMenu
 .data          0x00058610       0x78 build/p_enemy.o
                0x00058610                yspeed
                0x00058630                xspeed
                0x00058650                opposite
                0x00058674                diags
                0x00058684                TRACEANGLE
 .data          0x00058688       0x20 build/p_inter.o
                0x00058688                clipammo
                0x00058698                maxammo
 .data          0x000586a8      0x288 build/p_spec.o
                0x000586a8                animdefs
 .data          0x00058930      0x334 build/p_switch.o
                0x00058930                alphSwitchList
 .data          0x00058c64       0xc0 build/r_bsp.o
                0x00058c64                checkcoord
 .data          0x00058d24       0xc8 build/r_draw.o
                0x00058d24                fuzzoffset
 .data          0x00058dec        0x4 build/r_main.o
                0x00058dec                validcount
 .data.rel.local
                0x00058df0     0x18b0 build/sounds.o
                0x00058df0                S_sfx
                0x0005a260                S_music
 .data          0x0005a6a0      0x354 build/st_stuff.o
                0x0005a6a0                cheat_clev
                0x0005a6d4                cheat_god
                0x0005a708                cheat_ammonokey
                0x0005a73c                cheat_ammo
                0x0005a770                cheat_mus
                0x0005a7a4                cheat_commercial_noclip
                0x0005a7d8                cheat_noclip
                0x0005a80c                cheat_powerup
                0x0005a978                cheat_choppers
                0x0005a9ac                cheat_mypos
 .data          0x0005a9f4        0xc build/s_sound.o
                0x0005a9f4                snd_channels
                0x0005a9f8                musicVolume
                0x0005a9fc                sfxVolume
 .data.rel.local
                0x0005aa00        0x4 build/tables.o
                0x0005aa00                finecosine
 .data          0x0005aa04      0x578 build/wi_stuff.o
 .data.rel.local
                0x0005af7c        0xc build/w_file_stdc.o
                0x0005af7c                stdc_wad_file
 .data          0x0005af88        0x4 build/i_input.o
                0x0005af88                vanilla_keyboard_mapping
 .data          0x0005af8c        0xc build/i_video.o
                0x0005af8c                fb_scaling
                0x0005af90                mouse_threshold
                0x0005af94                mouse_acceleration

.tm_clone_table
                0x0005af98        0x0
 .tm_clone_table
                0x0005af98        0x0 /usr/lib/gcc-cross/arm-linux-gnueabi/12/crtbeginS.o
 .tm_clone_table
                0x0005af98        0x0 /usr/lib/gcc-cross/arm-linux-gnueabi/12/crtendS.o

.data1
 *(.data1)
                0x0005af98                        _edata = .
                [!provide]                        PROVIDE (edata = .)
                0x0005af98                        . = .
                0x0005af98                        __bss_start = .
                0x0005af98                        __bss_start__ = .

.bss            0x0005af98    0x3b8d0
 *(.dynbss)
 .dynbss        0x0005af98        0x0 /usr/lib/gcc-cross/arm-linux-gnueabi/12/../../../../arm-linux-gnueabi/lib/Scrt1.o
 *(.bss .bss.* .gnu.linkonce.b.*)
 .bss           0x0005af98        0x1 /usr/lib/gcc-cross/arm-linux-gnueabi/12/crtbeginS.o
 *fill*         0x0005af99        0x3 
 .bss           0x0005af9c        0x8 build/dummy.o
                0x0005af9c                drone
                0x0005afa0                net_client_connected
 .bss           0x0005afa4      0x14c build/am_map.o
                0x0005b05c                automapactive
 .bss           0x0005b0f0        0xc build/doomstat.o
                0x0005b0f0                modifiedgame
                0x0005b0f4                gamedescription
                0x0005b0f8                gamemission
 .bss           0x0005b0fc      0x508 build/d_event.o
 .bss           0x0005b604      0x204 build/d_iwad.o
 .bss           0x0005b808     0x5064 build/d_loop.o
                0x0005b828                offsetms
                0x0005b82c                gametic
                0x0005b830                ticdup
                0x0005b83c                singletics
                0x0005b840                lasttime
 .bss           0x0006086c      0x8dc build/d_main.o
                0x0006086c                advancedemo
                0x00060870                main_loop_started
                0x00060874                storedemo
                0x00060878                pagetic
                0x0006087c                pagename
                0x00060894                bfgedition
                0x00060898                demosequence
                0x0006089c                nomonsters
                0x000608a0                respawnparm
                0x000608a4                fastparm
                0x000608a8                devparm
                0x000608ac                iwadfile
                0x000608b0                savegamedir
                0x000608b4                startskill
                0x000608b8                startepisode
                0x000608bc                startmap
                0x000608c0                autostart
                0x000608c4                startloadgame
                0x000608c8                title
                0x00060948                mapdir
                0x00060d48                wadfile
 .bss           0x00061148       0x54 build/d_net.o
                0x00061198                netcmds
 .bss           0x0006119c       0x30 build/f_finale.o
                0x0006119c                finaleflat
                0x000611a0                finaletext
                0x000611a4                finalestage
                0x000611a8                finalecount
                0x000611ac                castnum
                0x000611b0                caststate
                0x000611b4                casttics
                0x000611b8                castdeath
                0x000611bc                castframes
                0x000611c0                castonmelee
                0x000611c4                castattacking
 .bss           0x000611cc       0x14 build/f_wipe.o
 .bss           0x000611e0      0xec4 build/g_game.o
                0x000611e0                consistancy
                0x000613e0                consoleplayer
                0x00061870                gamestate
                0x00061878                players
                0x00061d0c                mousey
                0x00061d10                mousex
                0x00061d14                testcontrols_mousespeed
                0x00061d18                sendpause
                0x00061d1c                sendsave
                0x00061d24                lowres_turn
                0x00061d2c                gamemap
                0x00061d30                levelstarttic
                0x00061d34                turbodetected
                0x00061d44                playeringame
                0x00061d54                gameskill
                0x00061d58                gameepisode
                0x00061d5c                displayplayer
                0x00061d60                gameaction
                0x00061d64                paused
                0x00061d68                testcontrols
                0x00061d6c                singledemo
                0x00061d70                deathmatch
                0x00061d74                demoplayback
                0x00061d78                bodyqueslot
                0x00061d7c                bodyque
                0x00061dfc                netgame
                0x00061e00                secretexit
                0x00061e04                wminfo
                0x00061ecc                totalkills
                0x00061ed0                totalitems
                0x00061ed4                totalsecret
                0x00061ed8                viewactive
                0x00061edc                savename
                0x00061ffc                d_skill
                0x00062000                d_episode
                0x00062004                d_map
                0x00062008                respawnmonsters
                0x0006200c                usergame
                0x00062010                netdemo
                0x00062014                demoname
                0x00062018                demobuffer
                0x0006201c                demoend
                0x00062020                demorecording
                0x00062024                longtics
                0x00062028                demo_p
                0x0006202c                defdemoname
                0x00062040                starttime
                0x00062044                nodrawers
                0x00062048                timingdemo
                0x0006209c                oldgamestate
                0x000620a0                timelimit
 .bss           0x000620a4      0x686 build/hu_stuff.o
                0x000620a4                hu_font
                0x000621ac                message_dontfuckwithme
                0x000621b4                chat_on
                0x00062729                chat_char
 *fill*         0x0006272a        0x2 
 .bss           0x0006272c       0x14 build/i_joystick.o
 .bss           0x00062740       0x14 build/i_sound.o
 .bss           0x00062754       0x12 build/i_system.o
 *fill*         0x00062766        0x2 
 .bss           0x00062768        0x4 build/i_timer.o
 .bss           0x0006276c        0x8 build/m_argv.o
                0x0006276c                myargc
                0x00062770                myargv
 .bss           0x00062774        0xc build/m_config.o
                0x0006277c                configdir
 .bss           0x00062780       0x34 build/m_controls.o