
Merging program properties

Removed property 0xc0000002 to merge /usr/lib/gcc/x86_64-linux-gnu/12/../../../x86_64-linux-gnu/Scrt1.o (not found) and /usr/lib/gcc/x86_64-linux-gnu/12/crtbeginS.o (0x3)
Removed property 0xc0000002 to merge /usr/lib/gcc/x86_64-linux-gnu/12/../../../x86_64-linux-gnu/Scrt1.o (not found) and /usr/lib/gcc/x86_64-linux-gnu/12/crtendS.o (0x3)

As-needed library included to satisfy reference by file (symbol)

libc.so.6                     build/am_map.o (snprintf@@GLIBC_2.2.5)

Discarded input sections

 .rodata.cst4   0x0000000000000000        0x4 /usr/lib/gcc/x86_64-linux-gnu/12/../../../x86_64-linux-gnu/Scrt1.o
 .data          0x0000000000000000        0x4 /usr/lib/gcc/x86_64-linux-gnu/12/../../../x86_64-linux-gnu/Scrt1.o
 .bss           0x0000000000000000        0x0 /usr/lib/gcc/x86_64-linux-gnu/12/../../../x86_64-linux-gnu/Scrt1.o
 .note.GNU-stack
                0x0000000000000000        0x0 /usr/lib/gcc/x86_64-linux-gnu/12/../../../x86_64-linux-gnu/Scrt1.o
 .text          0x0000000000000000        0x0 /usr/lib/gcc/x86_64-linux-gnu/12/../../../x86_64-linux-gnu/crti.o
 .data          0x0000000000000000        0x0 /usr/lib/gcc/x86_64-linux-gnu/12/../../../x86_64-linux-gnu/crti.o
 .bss           0x0000000000000000        0x0 /usr/lib/gcc/x86_64-linux-gnu/12/../../../x86_64-linux-gnu/crti.o
 .note.GNU-stack
                0x0000000000000000        0x0 /usr/lib/gcc/x86_64-linux-gnu/12/../../../x86_64-linux-gnu/crti.o
 .data          0x0000000000000000        0x0 /usr/lib/gcc/x86_64-linux-gnu/12/crtbeginS.o
 .note.GNU-stack
                0x0000000000000000        0x0 /usr/lib/gcc/x86_64-linux-gnu/12/crtbeginS.o
 .note.gnu.property
                0x0000000000000000       0x20 /usr/lib/gcc/x86_64-linux-gnu/12/crtbeginS.o
 .group         0x0000000000000000        0xc build/i_main.o
 .group         0x0000000000000000        0xc build/i_main.o
 .group         0x0000000000000000        0xc build/i_main.o
 .group         0x0000000000000000        0xc build/i_main.o
 .group         0x0000000000000000        0xc build/i_main.o
 .group         0x0000000000000000        0xc build/i_main.o
 .group         0x0000000000000000        0xc build/i_main.o
 .group         0x0000000000000000        0xc build/i_main.o
 .group         0x0000000000000000        0xc build/i_main.o
 .group         0x0000000000000000        0xc build/i_main.o
 .group         0x0000000000000000        0xc build/i_main.o
 .group         0x0000000000000000        0xc build/i_main.o
 .group         0x0000000000000000        0xc build/i_main.o
 .group         0x0000000000000000        0xc build/i_main.o
 .group         0x0000000000000000        0xc build/i_main.o
 .group         0x0000000000000000        0xc build/i_main.o
 .group         0x0000000000000000        0xc build/i_main.o
 .group         0x0000000000000000        0xc build/i_main.o
 .group         0x0000000000000000        0xc build/i_main.o
 .group         0x0000000000000000        0xc build/i_main.o
 .group         0x0000000000000000        0xc build/i_main.o
 .group         0x0000000000000000        0xc build/i_main.o
 .group         0x0000000000000000        0xc build/i_main.o
 .group         0x0000000000000000        0xc build/i_main.o
 .group         0x0000000000000000        0xc build/i_main.o
 .group         0x0000000000000000        0xc build/i_main.o
 .group         0x0000000000000000        0xc build/i_main.o
 .group         0x0000000000000000        0xc build/i_main.o
 .group         0x0000000000000000        0xc build/i_main.o
 .group         0x0000000000000000        0xc build/i_main.o
 .group         0x0000000000000000        0xc build/i_main.o
 .group         0x0000000000000000        0xc build/i_main.o
 .group         0x0000000000000000        0xc build/i_main.o
 .group         0x0000000000000000        0xc build/i_main.o
 .group         0x0000000000000000        0xc build/i_main.o
 .group         0x0000000000000000        0xc build/i_main.o
 .group         0x0000000000000000        0xc build/i_main.o
 .group         0x0000000000000000        0xc build/i_main.o
 .group         0x0000000000000000        0xc build/i_main.o
 .text          0x0000000000000000        0x0 build/i_main.o
 .data          0x0000000000000000        0x0 build/i_main.o
 .bss           0x0000000000000000        0x0 build/i_main.o
 .note.GNU-stack
                0x0000000000000000        0x0 build/i_main.o
 .group         0x0000000000000000        0xc build/dummy.o
 .group         0x0000000000000000        0xc build/dummy.o
 .group         0x0000000000000000        0xc build/dummy.o
 .group         0x0000000000000000        0xc build/dummy.o
 .group         0x0000000000000000        0xc build/dummy.o
 .group         0x0000000000000000        0xc build/dummy.o
 .group         0x0000000000000000        0xc build/dummy.o
 .group         0x0000000000000000        0xc build/dummy.o
 .group         0x0000000000000000        0xc build/dummy.o
[...]
Memory Configuration

Name             Origin             Length             Attributes
*default*        0x0000000000000000 0xffffffffffffffff

Linker script and memory map

LOAD /usr/lib/gcc/x86_64-linux-gnu/12/../../../x86_64-linux-gnu/Scrt1.o
LOAD /usr/lib/gcc/x86_64-linux-gnu/12/../../../x86_64-linux-gnu/crti.o
LOAD /usr/lib/gcc/x86_64-linux-gnu/12/crtbeginS.o
LOAD build/i_main.o
LOAD build/dummy.o
LOAD build/am_map.o
LOAD build/doomdef.o
LOAD build/doomstat.o
LOAD build/dstrings.o
LOAD build/d_event.o
LOAD build/d_items.o
LOAD build/d_iwad.o
LOAD build/d_loop.o
LOAD build/d_main.o
LOAD build/d_mode.o
LOAD build/d_net.o
LOAD build/f_finale.o
LOAD build/f_wipe.o
LOAD build/g_game.o
LOAD build/hu_lib.o
LOAD build/hu_stuff.o
LOAD build/info.o
LOAD build/i_cdmus.o
LOAD build/i_endoom.o
LOAD build/i_joystick.o
LOAD build/i_scale.o
LOAD build/i_sound.o
LOAD build/i_system.o
LOAD build/i_timer.o
LOAD build/memio.o
LOAD build/m_argv.o
LOAD build/m_bbox.o
LOAD build/m_cheat.o
LOAD build/m_config.o
LOAD build/m_controls.o
LOAD build/m_fixed.o
LOAD build/m_menu.o
LOAD build/m_misc.o
LOAD build/m_random.o
LOAD build/p_ceilng.o
LOAD build/p_doors.o
LOAD build/p_enemy.o
LOAD build/p_floor.o
LOAD build/p_inter.o
LOAD build/p_lights.o
LOAD build/p_map.o
LOAD build/p_maputl.o
LOAD build/p_mobj.o
LOAD build/p_plats.o
LOAD build/p_pspr.o
LOAD build/p_saveg.o
LOAD build/p_setup.o
LOAD build/p_sight.o
LOAD build/p_spec.o
LOAD build/p_switch.o
LOAD build/p_telept.o
LOAD build/p_tick.o
LOAD build/p_user.o
LOAD build/r_bsp.o
LOAD build/r_data.o
LOAD build/r_draw.o
LOAD build/r_main.o
LOAD build/r_plane.o
LOAD build/r_segs.o
LOAD build/r_sky.o
LOAD build/r_things.o
LOAD build/sha1.o
LOAD build/sounds.o
LOAD build/statdump.o
LOAD build/st_lib.o
LOAD build/st_stuff.o
LOAD build/s_sound.o
LOAD build/tables.o
LOAD build/v_video.o
LOAD build/wi_stuff.o
LOAD build/w_checksum.o
LOAD build/w_file.o
LOAD build/w_main.o
LOAD build/w_wad.o
LOAD build/z_zone.o
LOAD build/w_file_stdc.o
LOAD build/i_input.o
LOAD build/i_video.o
LOAD build/doomgeneric.o
LOAD /usr/lib/gcc/x86_64-linux-gnu/12/../../../x86_64-linux-gnu/libm.so
START GROUP
LOAD /lib/x86_64-linux-gnu/libm.so.6
LOAD /lib/x86_64-linux-gnu/libmvec.so.1
END GROUP
LOAD /usr/lib/gcc/x86_64-linux-gnu/12/../../../x86_64-linux-gnu/libc.so
START GROUP
LOAD /lib/x86_64-linux-gnu/libc.so.6
LOAD /usr/lib/x86_64-linux-gnu/libc_nonshared.a
LOAD /lib64/ld-linux-x86-64.so.2
END GROUP
LOAD /usr/lib/gcc/x86_64-linux-gnu/12/libgcc.a
LOAD /usr/lib/gcc/x86_64-linux-gnu/12/libgcc_s.so
START GROUP
LOAD /usr/lib/gcc/x86_64-linux-gnu/12/../../../x86_64-linux-gnu/libgcc_s.so.1
LOAD /usr/lib/gcc/x86_64-linux-gnu/12/libgcc.a
END GROUP
LOAD /usr/lib/gcc/x86_64-linux-gnu/12/../../../x86_64-linux-gnu/libc.so
START GROUP
LOAD /lib/x86_64-linux-gnu/libc.so.6
LOAD /usr/lib/x86_64-linux-gnu/libc_nonshared.a
LOAD /lib64/ld-linux-x86-64.so.2
END GROUP
LOAD /usr/lib/gcc/x86_64-linux-gnu/12/libgcc.a
LOAD /usr/lib/gcc/x86_64-linux-gnu/12/libgcc_s.so
START GROUP
LOAD /usr/lib/gcc/x86_64-linux-gnu/12/../../../x86_64-linux-gnu/libgcc_s.so.1
LOAD /usr/lib/gcc/x86_64-linux-gnu/12/libgcc.a
END GROUP
LOAD /usr/lib/gcc/x86_64-linux-gnu/12/crtendS.o
LOAD /usr/lib/gcc/x86_64-linux-gnu/12/../../../x86_64-linux-gnu/crtn.o
                [!provide]                        PROVIDE (__executable_start = SEGMENT_START ("text-segment", 0x0))
                0x0000000000000318                . = (SEGMENT_START ("text-segment", 0x0) + SIZEOF_HEADERS)

.interp         0x0000000000000318       0x1c
 *(.interp)
 .interp        0x0000000000000318       0x1c /usr/lib/gcc/x86_64-linux-gnu/12/../../../x86_64-linux-gnu/Scrt1.o

.note.gnu.property
                0x0000000000000338       0x20
 .note.gnu.property
                0x0000000000000338       0x20 /usr/lib/gcc/x86_64-linux-gnu/12/../../../x86_64-linux-gnu/Scrt1.o

.note.gnu.build-id
                0x0000000000000358       0x24
 *(.note.gnu.build-id)
 .note.gnu.build-id
                0x0000000000000358       0x24 /usr/lib/gcc/x86_64-linux-gnu/12/../../../x86_64-linux-gnu/Scrt1.o

.note.ABI-tag   0x000000000000037c       0x20
 .note.ABI-tag  0x000000000000037c       0x20 /usr/lib/gcc/x86_64-linux-gnu/12/../../../x86_64-linux-gnu/Scrt1.o

.hash
 *(.hash)

.gnu.hash       0x00000000000003a0       0x28
 *(.gnu.hash)
 .gnu.hash      0x00000000000003a0       0x28 /usr/lib/gcc/x86_64-linux-gnu/12/../../../x86_64-linux-gnu/Scrt1.o

.dynsym         0x00000000000003c8      0x510
 *(.dynsym)
 .dynsym        0x00000000000003c8      0x510 /usr/lib/gcc/x86_64-linux-gnu/12/../../../x86_64-linux-gnu/Scrt1.o

.dynstr         0x00000000000008d8      0x1ff
 *(.dynstr)
 .dynstr        0x00000000000008d8      0x1ff /usr/lib/gcc/x86_64-linux-gnu/12/../../../x86_64-linux-gnu/Scrt1.o

.gnu.version    0x0000000000000ad8       0x6c
 *(.gnu.version)
 .gnu.version   0x0000000000000ad8       0x6c /usr/lib/gcc/x86_64-linux-gnu/12/../../../x86_64-linux-gnu/Scrt1.o

.gnu.version_d  0x0000000000000b48        0x0
 *(.gnu.version_d)
 .gnu.version_d
                0x0000000000000b48        0x0 /usr/lib/gcc/x86_64-linux-gnu/12/../../../x86_64-linux-gnu/Scrt1.o

.gnu.version_r  0x0000000000000b48       0x60
 *(.gnu.version_r)
 .gnu.version_r
                0x0000000000000b48       0x60 /usr/lib/gcc/x86_64-linux-gnu/12/../../../x86_64-linux-gnu/Scrt1.o

.rela.dyn       0x0000000000000ba8     0x75f0
 *(.rela.init)
 *(.rela.text .rela.text.* .rela.gnu.linkonce.t.*)
 .rela.text     0x0000000000000ba8        0x0 /usr/lib/gcc/x86_64-linux-gnu/12/../../../x86_64-linux-gnu/Scrt1.o
 *(.rela.fini)
 *(.rela.rodata .rela.rodata.* .rela.gnu.linkonce.r.*)
 *(.rela.data .rela.data.* .rela.gnu.linkonce.d.*)
 .rela.data.rel.ro
                0x0000000000000ba8      0x1b0 /usr/lib/gcc/x86_64-linux-gnu/12/../../../x86_64-linux-gnu/Scrt1.o
 .rela.data.rel.local
                0x0000000000000d58     0x4248 /usr/lib/gcc/x86_64-linux-gnu/12/../../../x86_64-linux-gnu/Scrt1.o
 .rela.data.rel.ro.local
                0x0000000000004fa0      0x630 /usr/lib/gcc/x86_64-linux-gnu/12/../../../x86_64-linux-gnu/Scrt1.o
 .rela.data.rel
                0x00000000000055d0     0x2a60 /usr/lib/gcc/x86_64-linux-gnu/12/../../../x86_64-linux-gnu/Scrt1.o
 *(.rela.tdata .rela.tdata.* .rela.gnu.linkonce.td.*)
 *(.rela.tbss .rela.tbss.* .rela.gnu.linkonce.tb.*)
 *(.rela.ctors)
 *(.rela.dtors)
 *(.rela.got)
 .rela.got      0x0000000000008030      0x120 /usr/lib/gcc/x86_64-linux-gnu/12/../../../x86_64-linux-gnu/Scrt1.o
 *(.rela.bss .rela.bss.* .rela.gnu.linkonce.b.*)
 .rela.bss      0x0000000000008150       0x18 /usr/lib/gcc/x86_64-linux-gnu/12/../../../x86_64-linux-gnu/Scrt1.o
 *(.rela.ldata .rela.ldata.* .rela.gnu.linkonce.l.*)
 *(.rela.lbss .rela.lbss.* .rela.gnu.linkonce.lb.*)
 *(.rela.lrodata .rela.lrodata.* .rela.gnu.linkonce.lr.*)
 *(.rela.ifunc)
 .rela.ifunc    0x0000000000008168        0x0 /usr/lib/gcc/x86_64-linux-gnu/12/../../../x86_64-linux-gnu/Scrt1.o
 .rela.fini_array
                0x0000000000008168       0x18 /usr/lib/gcc/x86_64-linux-gnu/12/../../../x86_64-linux-gnu/Scrt1.o
 .rela.init_array
                0x0000000000008180       0x18 /usr/lib/gcc/x86_64-linux-gnu/12/../../../x86_64-linux-gnu/Scrt1.o

.rela.plt       0x0000000000008198      0x468
 *(.rela.plt)
 .rela.plt      0x0000000000008198      0x468 /usr/lib/gcc/x86_64-linux-gnu/12/../../../x86_64-linux-gnu/Scrt1.o
 *(.rela.iplt)

.relr.dyn
 *(.relr.dyn)
                0x0000000000009000                . = ALIGN (CONSTANT (MAXPAGESIZE))

.init           0x0000000000009000       0x17
 *(SORT_NONE(.init))
 .init          0x0000000000009000       0x12 /usr/lib/gcc/x86_64-linux-gnu/12/../../../x86_64-linux-gnu/crti.o
                0x0000000000009000                _init
 .init          0x0000000000009012        0x5 /usr/lib/gcc/x86_64-linux-gnu/12/../../../x86_64-linux-gnu/crtn.o

.plt            0x0000000000009020      0x300
 *(.plt)
 .plt           0x0000000000009020      0x300 /usr/lib/gcc/x86_64-linux-gnu/12/../../../x86_64-linux-gnu/Scrt1.o
                0x0000000000009030                __ctype_toupper_loc@@GLIBC_2.3
                0x0000000000009040                free@@GLIBC_2.2.5
                0x0000000000009050                putchar@@GLIBC_2.2.5
                0x0000000000009060                strcasecmp@@GLIBC_2.2.5
                0x0000000000009070                __errno_location@@GLIBC_2.2.5
                0x0000000000009080                strncpy@@GLIBC_2.2.5
                0x0000000000009090                remove@@GLIBC_2.2.5
                0x00000000000090a0                strncmp@@GLIBC_2.2.5
                0x00000000000090b0                mkdir@@GLIBC_2.2.5
                0x00000000000090c0                toupper@@GLIBC_2.2.5
                0x00000000000090d0                puts@@GLIBC_2.2.5
                0x00000000000090e0                fread@@GLIBC_2.2.5
                0x00000000000090f0                vsnprintf@@GLIBC_2.2.5
                0x0000000000009100                atof@@GLIBC_2.2.5
                0x0000000000009110                clock_gettime@@GLIBC_2.17
                0x0000000000009120                fclose@@GLIBC_2.2.5
                0x0000000000009130                strlen@@GLIBC_2.2.5
                0x0000000000009140                mmap@@GLIBC_2.2.5
                0x0000000000009150                system@@GLIBC_2.2.5
                0x0000000000009160                strchr@@GLIBC_2.2.5
                0x0000000000009170                printf@@GLIBC_2.2.5
                0x0000000000009180                snprintf@@GLIBC_2.2.5
                0x0000000000009190                strrchr@@GLIBC_2.2.5
                0x00000000000091a0                fputs@@GLIBC_2.2.5
                0x00000000000091b0                ioctl@@GLIBC_2.2.5
                0x00000000000091c0                calloc@@GLIBC_2.2.5
                0x00000000000091d0                strcmp@@GLIBC_2.2.5
                0x00000000000091e0                fprintf@@GLIBC_2.2.5
                0x00000000000091f0                ftell@@GLIBC_2.2.5
                0x0000000000009200                malloc@@GLIBC_2.2.5
                0x0000000000009210                strncasecmp@@GLIBC_2.2.5
                0x0000000000009220                fflush@@GLIBC_2.2.5
                0x0000000000009230                __isoc99_sscanf@@GLIBC_2.7
                0x0000000000009240                fseek@@GLIBC_2.2.5
                0x0000000000009250                realloc@@GLIBC_2.2.5
                0x0000000000009260                memmove@@GLIBC_2.2.5
                0x0000000000009270                open@@GLIBC_2.2.5
                0x0000000000009280                fopen@@GLIBC_2.2.5
                0x0000000000009290                perror@@GLIBC_2.2.5
                0x00000000000092a0                rename@@GLIBC_2.2.5
                0x00000000000092b0                vfprintf@@GLIBC_2.2.5
                0x00000000000092c0                atoi@@GLIBC_2.2.5
                0x00000000000092d0                exit@@GLIBC_2.2.5
                0x00000000000092e0                fwrite@@GLIBC_2.2.5
                0x00000000000092f0                strdup@@GLIBC_2.2.5
                0x0000000000009300                strstr@@GLIBC_2.2.5
                0x0000000000009310                usleep@@GLIBC_2.2.5
 *(.iplt)

.plt.got        0x0000000000009320        0x8
 *(.plt.got)
 .plt.got       0x0000000000009320        0x8 /usr/lib/gcc/x86_64-linux-gnu/12/../../../x86_64-linux-gnu/Scrt1.o
                0x0000000000009320                __cxa_finalize@@GLIBC_2.2.5

.plt.sec
 *(.plt.sec)

.text           0x0000000000009330    0x22fc7
 *(.text.unlikely .text.*_unlikely .text.unlikely.*)
 *(.text.exit .text.exit.*)
 *(.text.startup .text.startup.*)
 .text.startup  0x0000000000009330       0x2f build/i_main.o
                0x0000000000009330                main
 *(.text.hot .text.hot.*)
 *(SORT_BY_NAME(.text.sorted.*))
 *(.text .stub .text.* .gnu.linkonce.t.*)
 *fill*         0x000000000000935f        0x1 
 .text          0x0000000000009360       0x22 /usr/lib/gcc/x86_64-linux-gnu/12/../../../x86_64-linux-gnu/Scrt1.o
                0x0000000000009360                _start
 *fill*         0x0000000000009382        0xe 
 .text          0x0000000000009390       0xb9 /usr/lib/gcc/x86_64-linux-gnu/12/crtbeginS.o
 .text          0x0000000000009449        0x1 build/dummy.o
                0x0000000000009449                I_InitTimidityConfig
 .text          0x000000000000944a     0x16c8 build/am_map.o
                0x000000000000944a                AM_getIslope
                0x00000000000094ac                AM_activateNewScale
                0x0000000000009548                AM_saveScaleAndLoc
                0x0000000000009579                AM_restoreScaleAndLoc
                0x000000000000961e                AM_addMark
                0x000000000000966b                AM_findMinMaxBoundaries
                0x0000000000009799                AM_changeWindowLoc
                0x0000000000009850                AM_initVariables
                0x000000000000999a                AM_loadPics
                0x00000000000099f1                AM_unloadPics
                0x0000000000009a33                AM_clearMarks
                0x0000000000009a56                AM_LevelInit
                0x0000000000009ac5                AM_Stop
                0x0000000000009aeb                AM_Start
                0x0000000000009b46                AM_minOutWindowScale
                0x0000000000009b69                AM_maxOutWindowScale
                0x0000000000009b8c                AM_Responder
                0x0000000000009ed6                AM_changeWindowScale
                0x0000000000009f28                AM_doFollowPlayer
                0x0000000000009ffd                AM_updateLightLev
                0x000000000000a04c                AM_Ticker
                0x000000000000a092                AM_clearFB
                0x000000000000a0ae                AM_clipMline
                0x000000000000a3e2                AM_drawFline
                0x000000000000a4f5                AM_drawMline
                0x000000000000a51e                AM_drawGrid
                0x000000000000a5f7                AM_drawWalls
                0x000000000000a6e9                AM_rotate
                0x000000000000a765                AM_drawLineCharacter
                0x000000000000a869                AM_drawPlayers
                0x000000000000a953                AM_drawThings
                0x000000000000a9c3                AM_drawMarks
                0x000000000000aa79                AM_drawCrosshair
                0x000000000000aa9e                AM_Drawer
 .text          0x000000000000ab12       0x6a build/d_event.o
                0x000000000000ab12                D_PostEvent
                0x000000000000ab47                D_PopEvent
 .text          0x000000000000ab7c      0x409 build/d_iwad.o
                0x000000000000abee                D_FindWADByName
                0x000000000000ac93                D_TryFindWADByName
                0x000000000000aca5                D_FindIWAD
                0x000000000000ae7f                D_FindAllIWADs
                0x000000000000aee8                D_SaveGameIWADName
                0x000000000000af17                D_SuggestIWADName
                0x000000000000af4b                D_SuggestGameName
 .text          0x000000000000af85      0x54c build/d_loop.o
                0x000000000000af85                D_QuitNetGame
                0x000000000000b0cb                NetUpdate
                0x000000000000b125                D_ReceiveTic
                0x000000000000b1d2                D_StartGameLoop
                0x000000000000b1e7                D_StartNetGame
                0x000000000000b21d                D_InitNetGame
                0x000000000000b23f                TryRunTics
                0x000000000000b4c9                D_RegisterLoopCallbacks
 .text          0x000000000000b4d1     0x1474 build/d_main.o
                0x000000000000b4d1                D_GrabMouseCallback
                0x000000000000b54d                D_ProcessEvents
                0x000000000000b57d                D_BindVariables
                0x000000000000b6e3                D_PageTicker
                0x000000000000b6f6                D_PageDrawer
                0x000000000000b715                D_Display
                0x000000000000ba66                D_DoomLoop
                0x000000000000bb33                D_AdvanceDemo
                0x000000000000bb3e                D_DoAdvanceDemo
                0x000000000000bce2                D_StartTitle
                0x000000000000bcff                D_IdentifyVersion
                0x000000000000bec2                D_SetGameDescription
                0x000000000000bf78                PrintDehackedBanners
                0x000000000000bf79                PrintGameVersion
                0x000000000000bfa6                D_DoomMain
 .text          0x000000000000c945      0x167 build/d_mode.o
                0x000000000000c945                D_ValidGameMode
                0x000000000000c96e                D_ValidEpisodeMap
                0x000000000000c9e2                D_GetNumEpisodes
                0x000000000000c9fd                D_ValidGameVersion
                0x000000000000ca31                D_IsEpisodeMap
                0x000000000000ca46                D_GameMissionString
 .text          0x000000000000caac      0x3de build/d_net.o
                0x000000000000cb7d                D_ConnectNetGame
                0x000000000000cc66                D_CheckNetGame
 .text          0x000000000000ce8a      0xb2c build/f_finale.o
                0x000000000000ce8a                F_StartFinale
                0x000000000000cf75                F_TextWrite
                0x000000000000d07c                F_StartCast
                0x000000000000d0f7                F_CastTicker
                0x000000000000d4de                F_Ticker
                0x000000000000d5a6                F_CastResponder
                0x000000000000d631                F_Responder
                0x000000000000d642                F_CastPrint
                0x000000000000d6eb                F_CastDrawer
                0x000000000000d77c                F_DrawPatchCol
                0x000000000000d7d3                F_BunnyScroll
                0x000000000000d936                F_Drawer
 .text          0x000000000000d9b6      0x42f build/f_wipe.o
                0x000000000000d9b6                wipe_doColorXForm
                0x000000000000da13                wipe_exitColorXForm
                0x000000000000da16                wipe_doMelt
                0x000000000000db41                wipe_initColorXForm
                0x000000000000db5a                wipe_exitMelt
                0x000000000000db83                wipe_shittyColMajorXform
                0x000000000000dc04                wipe_initMelt
                0x000000000000dccf                wipe_StartScreen
                0x000000000000dcf4                wipe_EndScreen
                0x000000000000dd49                wipe_ScreenWipe
 .text          0x000000000000dde5     0x23c8 build/g_game.o
                0x000000000000dde5                G_CmdChecksum
                0x000000000000ddee                G_BuildTiccmd
                0x000000000000e4a4                G_DoLoadLevel
                0x000000000000e638                G_Responder
                0x000000000000e926                G_PlayerFinishLevel
                0x000000000000e978                G_PlayerReborn
                0x000000000000ea0e                G_InitPlayer
                0x000000000000ea13                G_CheckSpot
                0x000000000000ec21                G_DeathMatchSpawnPlayer
                0x000000000000ecba                G_DoReborn
                0x000000000000ed80                G_ScreenShot
                0x000000000000ed8b                G_ExitLevel
                0x000000000000ed9e                G_SecretExitLevel
                0x000000000000ede1                G_DoCompleted
                0x000000000000f0c6                G_WorldDone
                0x000000000000f12e                G_DoWorldDone
                0x000000000000f15e                G_LoadGame
                0x000000000000f17f                G_SaveGame
                0x000000000000f1a3                G_DoSaveGame
                0x000000000000f2f7                G_DeferedInitNew
                0x000000000000f314                G_InitNew
                0x000000000000f562                G_DoLoadGame
                0x000000000000f61a                G_DoNewGame
                0x000000000000f680                G_RecordDemo
                0x000000000000f723                G_VanillaVersionCode
                0x000000000000f761                G_BeginRecording
                0x000000000000f8c0                G_DeferedPlayDemo
                0x000000000000f8d2                G_DoPlayDemo
                0x000000000000fb19                G_TimeDemo
                0x000000000000fb56                G_CheckDemoStatus
                0x000000000000fc84                G_ReadDemoTiccmd
                0x000000000000fd0d                G_WriteDemoTiccmd
                0x000000000000fe4d                G_Ticker
 .text          0x00000000000101ad      0x4a1 build/hu_lib.o
                0x00000000000101ad                HUlib_init
                0x00000000000101ae                HUlib_clearTextLine
                0x00000000000101c0                HUlib_initTextLine
                0x00000000000101df                HUlib_addCharToTextLine
                0x000000000001020c                HUlib_delCharFromTextLine
                0x0000000000010230                HUlib_drawTextLine
                0x00000000000102e0                HUlib_eraseTextLine
                0x000000000001038b                HUlib_initSText
                0x00000000000103f7                HUlib_addLineToSText
                0x0000000000010443                HUlib_addMessageToSText
                0x0000000000010499                HUlib_drawSText
                0x00000000000104dd                HUlib_eraseSText
                0x0000000000010532                HUlib_initIText
                0x0000000000010564                HUlib_delCharFromIText
                0x0000000000010572                HUlib_eraseLineFromIText
                0x0000000000010582                HUlib_resetIText
                0x0000000000010599                HUlib_addPrefixToIText
                0x00000000000105b5                HUlib_keyInIText
                0x0000000000010607                HUlib_drawIText
                0x000000000001061b                HUlib_eraseIText
 .text          0x000000000001064e      0x717 build/hu_stuff.o
                0x000000000001064e                HU_Init
                0x00000000000106ab                HU_Stop
                0x00000000000106b4                HU_Start
                0x0000000000010878                HU_Drawer
                0x00000000000108ab                HU_Erase
                0x00000000000108d1                HU_Ticker
                0x0000000000010a8f                HU_queueChatChar
                0x0000000000010acc                HU_dequeueChatChar
                0x0000000000010af7                HU_Responder
 .text          0x0000000000010d65        0x1 build/i_endoom.o
                0x0000000000010d65                I_Endoom
 .text          0x0000000000010d66       0xed build/i_joystick.o
                0x0000000000010d66                I_ShutdownJoystick
                0x0000000000010d67                I_InitJoystick
                0x0000000000010d68                I_UpdateJoystick
                0x0000000000010d69                I_BindJoystickVariables
 .text          0x0000000000010e53      0x20c build/i_sound.o
                0x0000000000010e53                I_InitSound
                0x0000000000010eb5                I_ShutdownSound
                0x0000000000010ec5                I_GetSfxLumpNum
                0x0000000000010ed7                I_UpdateSound
                0x0000000000010ee7                I_UpdateSoundParams
                0x0000000000010f19                I_StartSound
                0x0000000000010f57                I_StopSound
                0x0000000000010f67                I_SoundIsPlaying
                0x0000000000010f79                I_PrecacheSounds
                0x0000000000010f91                I_InitMusic
                0x0000000000010f92                I_ShutdownMusic
                0x0000000000010f93                I_SetMusicVolume
                0x0000000000010f94                I_PauseSong
                0x0000000000010f95                I_ResumeSong
                0x0000000000010f96                I_RegisterSong
                0x0000000000010f99                I_UnRegisterSong
                0x0000000000010f9a                I_PlaySong
                0x0000000000010f9b                I_StopSong
                0x0000000000010f9c                I_MusicIsPlaying
                0x0000000000010f9f                I_BindSoundVariables
 .text          0x000000000001105f      0x537 build/i_system.o
                0x000000000001105f                I_AtExit
                0x000000000001108d                I_Tactile
                0x000000000001108e                I_PrintBanner
                0x00000000000110c7                I_PrintDivider
                0x00000000000110e6                I_PrintStartupBanner
                0x0000000000011115                I_ConsoleStdout
                0x0000000000011118                I_Quit
                0x000000000001112f                I_Error
                0x000000000001136c                I_ZoneBase
                0x00000000000113e7                I_GetMemoryValue
 .text          0x0000000000011596       0x58 build/i_timer.o
                0x0000000000011596                I_GetTicks
                0x000000000001159d                I_GetTime
                0x00000000000115c8                I_GetTimeMS
                0x00000000000115e7                I_Sleep
                0x00000000000115ec                I_WaitVBL
                0x00000000000115ed                I_InitTimer
 .text          0x00000000000115ee       0x87 build/m_argv.o
                0x00000000000115ee                M_CheckParmWithArgs
                0x000000000001163a                M_CheckParm
                0x000000000001163e                M_ParmExists
                0x000000000001164e                M_FindResponseFile
                0x000000000001164f                M_GetExecutableName
 .text          0x0000000000011675       0x3d build/m_bbox.o
                0x0000000000011675                M_ClearBox
                0x0000000000011690                M_AddToBox
 .text          0x00000000000116b2       0x8d build/m_cheat.o
                0x00000000000116b2                cht_CheckCheat
                0x000000000001172e                cht_GetParam
 .text          0x000000000001173f      0x34d build/m_config.o
                0x0000000000011809                M_SetConfigFilenames
                0x0000000000011818                M_SaveDefaults
                0x0000000000011819                M_SaveDefaultsAlternate
                0x000000000001181a                M_LoadDefaults
                0x00000000000118e1                M_BindVariable
                0x00000000000118f7                M_SetVariable
                0x000000000001198e                M_GetIntVariable
                0x00000000000119b1                M_GetStrVariable
                0x00000000000119d5                M_GetFloatVariable
                0x00000000000119f9                M_SetConfigDir
                0x0000000000011a3b                M_GetSaveGameDir
 .text          0x0000000000011a8c      0x929 build/m_controls.o
                0x0000000000011a8c                M_BindBaseControls
                0x0000000000011c8f                M_BindHereticControls
                0x0000000000011d3c                M_BindHexenControls
                0x0000000000011e0f                M_BindStrifeControls
                0x0000000000011f7d                M_BindWeaponControls
                0x0000000000012089                M_BindMapControls
                0x000000000001216f                M_BindMenuControls
                0x000000000001234c                M_BindChatControls
                0x00000000000123b4                M_ApplyPlatformDefaults
 .text          0x00000000000123b5       0x44 build/m_fixed.o
                0x00000000000123b5                FixedMul
                0x00000000000123c7                FixedDiv
 .text          0x00000000000123f9     0x1a76 build/m_menu.o
                0x00000000000123f9                M_ChangeMessages
                0x0000000000012444                M_DrawReadThis2
                0x000000000001246d                M_DrawMainMenu
                0x0000000000012492                M_DrawNewGame
                0x00000000000124da                M_DrawEpisode
                0x00000000000124ff                M_LoadSelect
                0x0000000000012538                M_SaveSelect
                0x0000000000012594                M_DrawReadThis1
                0x000000000001265e                M_SfxVol
                0x0000000000012695                M_MusicVol
                0x00000000000126cc                M_SizeDisplay
                0x000000000001271e                M_ChangeSensitivity
                0x0000000000012749                M_QuitResponse
                0x000000000001279d                M_ChangeDetail
                0x0000000000012801                M_QuickLoadResponse
                0x0000000000012823                M_VerifyNightmare
                0x000000000001284f                M_EndGameResponse
                0x0000000000012877                M_ReadSaveStrings
                0x0000000000012927                M_DrawSaveLoadBorder
                0x00000000000129a6                M_DoSave
                0x00000000000129db                M_QuickSaveResponse
                0x00000000000129fd                M_DrawThermo
                0x0000000000012ac7                M_DrawSound
                0x0000000000012b2f                M_DrawOptions
                0x0000000000012c0a                M_DrawEmptyCell
                0x0000000000012c40                M_DrawSelCell
                0x0000000000012c76                M_StartMessage
                0x0000000000012cab                M_QuickLoad
                0x0000000000012d1a                M_EndGame
                0x0000000000012d5b                M_QuitDOOM
                0x0000000000012dbf                M_ChooseSkill
                0x0000000000012dfa                M_StopMessage
                0x0000000000012e0f                M_StringWidth
                0x0000000000012e67                M_StringHeight
                0x0000000000012e9a                M_WriteText
                0x0000000000012f10                M_DrawLoad
                0x0000000000012f7c                M_DrawSave
                0x0000000000013032                M_StartControlPanel
                0x0000000000013061                M_Drawer
                0x0000000000013262                M_ClearMenus
                0x000000000001326b                M_SetupNextMenu
                0x000000000001327d                M_LoadGame
                0x00000000000132a9                M_SaveGame
                0x00000000000132df                M_QuickSave
                0x000000000001336c                M_Responder
                0x0000000000013ca0                M_Sound
                0x0000000000013cac                M_NewGame
                0x0000000000013cf3                M_Episode
                0x0000000000013d4c                M_Options
                0x0000000000013d58                M_ReadThis
                0x0000000000013d64                M_FinishReadThis
                0x0000000000013d70                M_ReadThis2
                0x0000000000013d95                M_Ticker
                0x0000000000013dbc                M_Init
 .text          0x0000000000013e6f      0x6b6 build/m_misc.o
                0x0000000000013e6f                M_MakeDirectory
                0x0000000000013e79                M_FileExists
                0x0000000000013eaa                M_FileLength
                0x0000000000013ee8                M_WriteFile
                0x0000000000013f32                M_ReadFile
                0x0000000000013fd9                M_StrToInt
                0x000000000001404e                M_ExtractFileBase
                0x00000000000140ba                M_ForceUppercase
                0x00000000000140e0                M_StrCaseStr
                0x0000000000014140                M_StringDuplicate
                0x000000000001417b                M_StringCopy
                0x00000000000141ac                M_StringReplace
                0x000000000001428e                M_StringConcat
                0x00000000000142c6                M_StringStartsWith
                0x0000000000014302                M_StringEndsWith
                0x0000000000014340                M_StringJoin
                0x0000000000014452                M_TempFile
                0x000000000001446c                M_vsnprintf
                0x000000000001449b                M_snprintf
 .text          0x0000000000014525       0x49 build/m_random.o
                0x0000000000014525                P_Random
                0x0000000000014542                M_Random
                0x000000000001455f                M_ClearRandom
 .text          0x000000000001456e      0x378 build/p_ceilng.o
                0x000000000001456e                P_AddActiveCeiling
                0x000000000001458f                P_RemoveActiveCeiling
                0x00000000000145ca                T_MoveCeiling
                0x0000000000014721                P_ActivateInStasisCeiling
                0x0000000000014765                EV_DoCeiling
                0x000000000001489f                EV_CeilingCrushStop
 .text          0x00000000000148e6      0x6a3 build/p_doors.o
                0x00000000000148e6                T_VerticalDoor
                0x0000000000014a74                EV_DoDoor
                0x0000000000014bf7                EV_DoLockedDoor
                0x0000000000014c94                EV_VerticalDoor
                0x0000000000014ec5                P_SpawnDoorCloseIn30
                0x0000000000014f18                P_SpawnDoorRaiseIn5Mins
 .text          0x0000000000014f89     0x1f8d build/p_enemy.o
                0x0000000000014f89                PIT_VileCheck
                0x000000000001502f                P_RecursiveSound
                0x00000000000150de                P_NoiseAlert
                0x00000000000150f9                P_CheckMeleeRange
                0x0000000000015150                P_CheckMissileRange
                0x0000000000015246                P_Move
                0x0000000000015364                P_TryWalk
                0x0000000000015386                P_NewChaseDir
                0x00000000000155d9                P_LookForPlayers
                0x00000000000156e2                A_KeenDie
                0x000000000001574b                A_Look
                0x000000000001580f                A_Chase
                0x0000000000015a1a                A_FaceTarget
                0x0000000000015a70                A_PosAttack
                0x0000000000015aef                A_SPosAttack
                0x0000000000015b87                A_CPosAttack
                0x0000000000015c06                A_CPosRefire
                0x0000000000015c4f                A_SpidRefire
                0x0000000000015c98                A_BspiAttack
                0x0000000000015ccb                A_TroopAttack
                0x0000000000015d32                A_SargAttack
                0x0000000000015d7b                A_HeadAttack
                0x0000000000015dd5                A_CyberAttack
                0x0000000000015e08                A_BruisAttack
                0x0000000000015e67                A_SkelMissile
                0x0000000000015eb9                A_Tracer
                0x0000000000016023                A_SkelWhoosh
                0x000000000001604f                A_SkelFist
                0x00000000000160b7                A_VileChase
                0x000000000001622f                A_VileStart
                0x0000000000016239                A_Fire
                0x00000000000162db                A_StartFire
                0x00000000000162fc                A_FireCrackle
                0x000000000001631d                A_VileTarget
                0x000000000001636f                A_VileAttack
                0x000000000001645f                A_FatRaise
                0x0000000000016480                A_FatAttack1
                0x0000000000016514                A_FatAttack2
                0x00000000000165a8                A_FatAttack3
                0x000000000001668a                A_SkullAttack
                0x000000000001673b                A_PainShootSkull
                0x000000000001685d                A_PainAttack
                0x0000000000016887                A_PainDie
                0x00000000000168c3                A_Scream
                0x0000000000016926                A_XScream
                0x0000000000016930                A_Pain
                0x0000000000016944                A_Fall
                0x000000000001694c                A_Explode
                0x000000000001695d                A_BossDeath
                0x0000000000016b01                A_Hoof
                0x0000000000016b22                A_Metal
                0x0000000000016b43                A_BabyMetal
                0x0000000000016b64                A_OpenShotgun2
                0x0000000000016b71                A_LoadShotgun2
                0x0000000000016b7e                A_CloseShotgun2
                0x0000000000016ba2                A_BrainAwake
                0x0000000000016c0b                A_BrainPain
                0x0000000000016c17                A_BrainScream
                0x0000000000016cb3                A_BrainExplode
                0x0000000000016d35                A_BrainDie
                0x0000000000016d3a                A_BrainSpit
                0x0000000000016dca                A_SpawnFly
                0x0000000000016ed2                A_SpawnSound
                0x0000000000016ef3                A_PlayerScream
 .text          0x0000000000016f16      0x68f build/p_floor.o
                0x0000000000016f16                T_MovePlane
                0x0000000000017021                T_MoveFloor
                0x00000000000170b3                EV_DoFloor
                0x0000000000017400                EV_BuildStairs
 .text          0x00000000000175a5      0xe2c build/p_inter.o
                0x00000000000175a5                P_GiveAmmo
                0x00000000000176c3                P_GiveWeapon
                0x00000000000177e7                P_GiveBody
                0x0000000000017811                P_GiveArmor
                0x0000000000017827                P_GiveCard
                0x0000000000017846                P_GivePower
                0x00000000000178c0                P_TouchSpecialThing
                0x0000000000017edb                P_KillMobj
                0x00000000000180c4                P_DamageMobj
 .text          0x00000000000183d1      0x3a5 build/p_lights.o
                0x00000000000183d1                T_StrobeFlash
                0x00000000000183fc                T_Glow
                0x0000000000018449                T_FireFlicker
                0x0000000000018481                T_LightFlash
                0x00000000000184be                P_SpawnFireFlicker
                0x0000000000018515                P_SpawnLightFlash
                0x000000000001857c                P_SpawnStrobeFlash
                0x0000000000018600                EV_StartLightStrobing
                0x0000000000018640                EV_TurnTagLightsOff
                0x00000000000186ae                EV_LightTurnOn
                0x000000000001871e                P_SpawnGlowingLight
 .text          0x0000000000018776     0x1461 build/p_map.o
                0x0000000000018776                PIT_StompThing
                0x00000000000187ea                PIT_CheckLine
                0x00000000000189b2                PIT_CheckThing
                0x0000000000018b64                PTR_SlideTraverse
                0x0000000000018c17                PTR_AimTraverse
                0x0000000000018d70                PTR_ShootTraverse
                0x0000000000019028                PTR_UseTraverse
                0x000000000001908d                PIT_RadiusAttack
                0x0000000000019128                P_TeleportMove
                0x000000000001928f                P_CheckPosition
                0x0000000000019430                P_TryMove
                0x000000000001958d                P_ThingHeightClip
                0x00000000000195e5                PIT_ChangeSector
                0x00000000000196bb                P_HitSlideLine
                0x0000000000019796                P_SlideMove
                0x0000000000019978                P_AimLineAttack
                0x0000000000019a23                P_LineAttack
                0x0000000000019a9e                P_UseLines
                0x0000000000019ae9                P_RadiusAttack
                0x0000000000019b80                P_ChangeSector
 .text          0x0000000000019bd7      0xa3d build/p_maputl.o
                0x0000000000019c78                P_AproxDistance
                0x0000000000019c97                P_PointOnLineSide
                0x0000000000019d00                P_BoxOnLineSide
                0x0000000000019dc4                P_PointOnDivlineSide
                0x0000000000019e3f                P_MakeDivline
                0x0000000000019e59                P_InterceptVector
                0x0000000000019ecf                PIT_AddLineIntercepts
                0x0000000000019fea                PIT_AddThingIntercepts
                0x000000000001a0d5                P_LineOpening
                0x000000000001a116                P_UnsetThingPosition
                0x000000000001a1b5                P_SetThingPosition
                0x000000000001a261                P_BlockLinesIterator
                0x000000000001a2dc                P_BlockThingsIterator
                0x000000000001a331                P_TraverseIntercepts
                0x000000000001a3a9                P_PathTraverse
 .text          0x000000000001a614     0x10c3 build/p_mobj.o
                0x000000000001a614                P_SpawnMobj
                0x000000000001a741                P_RemoveMobj
                0x000000000001a7d5                P_SetMobjState
                0x000000000001a851                P_ExplodeMissile
                0x000000000001a8ce                P_ZMovement
                0x000000000001aa70                P_XYMovement
                0x000000000001acc6                P_NightmareRespawn
                0x000000000001add4                P_MobjThinker
                0x000000000001ae8c                P_RespawnSpecials
                0x000000000001afb8                P_SpawnPlayer
                0x000000000001b0e3                P_SpawnMapThing
                0x000000000001b301                P_SpawnPuff
                0x000000000001b390                P_SpawnBlood
                0x000000000001b430                P_CheckMissileSpawn
                0x000000000001b48d                P_SubstNullMobj
                0x000000000001b4b4                P_SpawnMissile
                0x000000000001b5bc                P_SpawnPlayerMissile
 .text          0x000000000001b6d7      0x425 build/p_plats.o
                0x000000000001b6d7                P_ActivateInStasis
                0x000000000001b715                EV_StopPlat
                0x000000000001b758                P_AddActivePlat
                0x000000000001b786                EV_DoPlat
                0x000000000001b984                P_RemoveActivePlat
                0x000000000001b9cf                T_PlatRaise
 .text          0x000000000001bafc      0xb96 build/p_pspr.o
                0x000000000001bb1a                P_SetPsprite
                0x000000000001bbc9                P_CalcSwing
                0x000000000001bc15                P_BringUpWeapon
                0x000000000001bc75                P_CheckAmmo
                0x000000000001bda1                P_FireWeapon
                0x000000000001bde5                P_DropWeapon
                0x000000000001bdfe                A_WeaponReady
                0x000000000001bf0c                A_ReFire
                0x000000000001bf39                A_CheckReload
                0x000000000001bf3e                A_Lower
                0x000000000001bf7c                A_Raise
                0x000000000001bfaf                A_GunFlash
                0x000000000001bfe0                A_Punch
                0x000000000001c08f                A_Saw
                0x000000000001c18a                A_FireMissile
                0x000000000001c1b4                A_FireBFG
                0x000000000001c1de                A_FirePlasma
                0x000000000001c22c                P_BulletSlope
                0x000000000001c291                P_GunShot
                0x000000000001c2f5                A_FirePistol
                0x000000000001c35e                A_FireShotgun
                0x000000000001c3ca                A_FireShotgun2
                0x000000000001c4a0                A_FireCGun
                0x000000000001c549                A_Light0
                0x000000000001c552                A_Light1
                0x000000000001c55d                A_Light2
                0x000000000001c568                A_BFGSpray
                0x000000000001c602                A_BFGsound
                0x000000000001c60f                P_SetupPsprites
                0x000000000001c62d                P_MovePsprites
 .text          0x000000000001c692     0x1698 build/p_saveg.o
                0x000000000001c8b4                P_TempSaveGameFile
                0x000000000001c8ee                P_SaveGameFile
                0x000000000001c979                P_WriteSaveGameHeader
                0x000000000001ca5a                P_ReadSaveGameHeader
                0x000000000001cb40                P_ReadSaveGameEOF
                0x000000000001cb50                P_WriteSaveGameEOF
                0x000000000001cb5a                P_ArchivePlayers
                0x000000000001cdc9                P_UnArchivePlayers
                0x000000000001d04c                P_ArchiveWorld
                0x000000000001d144                P_UnArchiveWorld
                0x000000000001d24b                P_ArchiveThinkers
                0x000000000001d442                P_UnArchiveThinkers
                0x000000000001d6e5                P_ArchiveSpecials
                0x000000000001d955                P_UnArchiveSpecials
 .text          0x000000000001dd2a      0xce6 build/p_setup.o
                0x000000000001dd2a                P_LoadVertexes
                0x000000000001dd9a                GetSectorAtNullAddress
                0x000000000001dde8                P_LoadSegs
                0x000000000001df1f                P_LoadSubsectors
                0x000000000001dfa9                P_LoadSectors
                0x000000000001e082                P_LoadNodes
                0x000000000001e14d                P_LoadThings
                0x000000000001e200                P_LoadLineDefs
                0x000000000001e374                P_LoadSideDefs
                0x000000000001e456                P_LoadBlockMap
                0x000000000001e4eb                P_GroupLines
                0x000000000001e737                P_SetupLevel
                0x000000000001e9f8                P_Init
 .text          0x000000000001ea10      0x41f build/p_sight.o
                0x000000000001ea10                P_DivlineSide
                0x000000000001ea78                P_InterceptVector2
                0x000000000001eaee                P_CrossSubsector
                0x000000000001ecbe                P_CrossBSPNode
                0x000000000001ed60                P_CheckSight
 .text          0x000000000001ee2f      0xd5d build/p_spec.o
                0x000000000001ee2f                P_InitPicAnims
                0x000000000001ef21                getSide
                0x000000000001ef4f                getSector
                0x000000000001ef81                twoSided
                0x000000000001efa1                getNextSector
                0x000000000001efb7                P_FindLowestFloorSurrounding
                0x000000000001efec                P_FindHighestFloorSurrounding
                0x000000000001f024                P_FindNextHighestFloor
                0x000000000001f0c7                P_FindLowestCeilingSurrounding
                0x000000000001f100                P_FindHighestCeilingSurrounding
                0x000000000001f136                P_FindSectorFromLineTag
                0x000000000001f16c                P_FindMinSurroundingLight
                0x000000000001f1a3                P_CrossSpecialLine
                0x000000000001f4f5                P_ShootSpecialLine
                0x000000000001f560                P_PlayerInSpecialSector
                0x000000000001f645                P_UpdateSpecials
                0x000000000001f7ad                EV_DoDonut
                0x000000000001f9dd                P_SpawnSpecials
 .text          0x000000000001fb8c      0x557 build/p_switch.o
                0x000000000001fb8c                P_InitSwitchList
                0x000000000001fc2a                P_StartButton
                0x000000000001fc9d                P_ChangeSwitchTexture
                0x000000000001fdf4                P_UseSpecialLine
 .text          0x00000000000200e3      0x185 build/p_telept.o
                0x00000000000200e3                EV_Teleport
 .text          0x0000000000020268      0x11b build/p_tick.o
                0x0000000000020268                P_InitThinkers
                0x000000000002027e                P_AddThinker
                0x000000000002029f                P_RemoveThinker
                0x00000000000202a8                P_AllocateThinker
                0x00000000000202a9                P_RunThinkers
                0x00000000000202f5                P_Ticker
 .text          0x0000000000020383      0x48b build/p_user.o
                0x0000000000020383                P_Thrust
                0x00000000000203ca                P_CalcHeight
                0x00000000000204c9                P_MovePlayer
                0x0000000000020555                P_DeathThink
                0x000000000002061d                P_PlayerThink
 .text          0x000000000002080e      0x50f build/r_bsp.o
                0x000000000002080e                R_ClearDrawSegs
                0x000000000002081d                R_ClipSolidWallSegment
                0x000000000002091a                R_ClipPassWallSegment
                0x0000000000020975                R_ClearClipSegs
                0x00000000000209a5                R_AddLine
                0x0000000000020ab3                R_CheckBBox
                0x0000000000020bce                R_Subsector
                0x0000000000020c93                R_RenderBSPNode
 .text          0x0000000000020d1d      0xd77 build/r_data.o
                0x0000000000020d1d                R_DrawColumnInCache
                0x0000000000020d6b                R_GenerateComposite
                0x0000000000020e83                R_GenerateLookup
                0x0000000000021005                R_GetColumn
                0x0000000000021073                R_InitTextures
                0x00000000000215a5                R_InitFlats
                0x000000000002160b                R_InitSpriteLumps
                0x0000000000021703                R_InitColormaps
                0x0000000000021725                R_InitData
                0x0000000000021756                R_FlatNumForName
                0x000000000002179a                R_CheckTextureNumForName
                0x00000000000217ee                R_TextureNumForName
                0x0000000000021816                R_PrecacheLevel
 .text          0x0000000000021a94      0xb7b build/r_draw.o
                0x0000000000021a94                R_DrawColumn
                0x0000000000021b49                R_DrawColumnLow
                0x0000000000021c1d                R_DrawFuzzColumn
                0x0000000000021d01                R_DrawFuzzColumnLow
                0x0000000000021e1d                R_DrawTranslatedColumn
                0x0000000000021edd                R_DrawTranslatedColumnLow
                0x0000000000021fdc                R_InitTranslationTables
                0x0000000000022071                R_DrawSpan
                0x000000000002214f                R_DrawSpanLow
                0x000000000002225a                R_InitBuffer
                0x00000000000222ca                R_FillBackScreen
                0x0000000000022542                R_VideoErase
                0x0000000000022566                R_DrawViewBorder
 .text          0x000000000002260f      0x91a build/r_main.o
                0x000000000002260f                R_AddPointToBox
                0x000000000002262e                R_PointOnSide
                0x000000000002269f                R_PointOnSegSide
                0x0000000000022725                R_PointToAngle
                0x000000000002281c                R_PointToAngle2
                0x0000000000022837                R_PointToDist
                0x0000000000022898                R_InitPointToAngle
                0x0000000000022899                R_ScaleFromGlobalAngle
                0x0000000000022917                R_InitTables
                0x0000000000022918                R_InitTextureMapping
                0x0000000000022a39                R_InitLightTables
                0x0000000000022ac0                R_SetViewSize
                0x0000000000022ad7                R_ExecuteSetViewSize
                0x0000000000022d42                R_Init
                0x0000000000022dc4                R_PointInSubsector
                0x0000000000022e21                R_SetupFrame
                0x0000000000022ee2                R_RenderPlayerView
 .text          0x0000000000022f29      0x661 build/r_plane.o
                0x0000000000022f29                R_InitPlanes
                0x0000000000022f2a                R_MapPlane
                0x00000000000230cc                R_ClearPlanes
                0x000000000002317f                R_FindPlane
                0x0000000000023223                R_CheckPlane
                0x00000000000232ae                R_MakeSpans
                0x000000000002335d                R_DrawPlanes
 .text          0x000000000002358a      0xd94 build/r_segs.o
                0x000000000002358a                R_RenderMaskedSegRange
                0x00000000000237a1                R_RenderSegLoop
                0x0000000000023aaa                R_StoreWallRange
 .text          0x000000000002431e        0xb build/r_sky.o
                0x000000000002431e                R_InitSkyMap
 .text          0x0000000000024329      0xeb3 build/r_things.o
                0x0000000000024329                R_InstallSpriteLump
                0x000000000002447f                R_InitSpriteDefs
                0x00000000000246cf                R_InitSprites
                0x00000000000246ed                R_ClearSprites
                0x00000000000246fc                R_NewVisSprite
                0x0000000000024723                R_DrawMaskedColumn
                0x00000000000247ea                R_DrawVisSprite
                0x000000000002490f                R_ProjectSprite
                0x0000000000024ba5                R_AddSprites
                0x0000000000024c0b                R_DrawPSprite
                0x0000000000024de0                R_DrawPlayerSprites
                0x0000000000024e7a                R_SortVisSprites
                0x0000000000024f4e                R_DrawSprite
                0x000000000002515c                R_DrawMasked
 .text          0x00000000000251dc     0x158d build/sha1.o
                0x0000000000026525                SHA1_Init
                0x000000000002654f                SHA1_Update
                0x0000000000026625                SHA1_Final
                0x0000000000026720                SHA1_UpdateInt32
                0x000000000002673e                SHA1_UpdateString
 .text          0x0000000000026769       0x4b build/statdump.o
                0x0000000000026769                StatCopy
                0x00000000000267b3                StatDump
 .text          0x00000000000267b4      0x38b build/st_lib.o
                0x00000000000267b4                STlib_init
                0x00000000000267cf                STlib_initNum
                0x00000000000267ed                STlib_drawNum
                0x000000000002692d                STlib_updateNum
                0x000000000002693c                STlib_initPercent
                0x000000000002695f                STlib_updatePercent
                0x000000000002698c                STlib_initMultIcon
                0x00000000000269a5                STlib_updateMultIcon
                0x0000000000026a73                STlib_initBinIcon
                0x0000000000026a8a                STlib_updateBinIcon
 .text          0x0000000000026b3f     0x136f build/st_stuff.o
                0x0000000000026df2                ST_refreshBackground
                0x0000000000026e63                ST_Responder
                0x0000000000027341                ST_calcPainOffset
                0x0000000000027380                ST_updateFaceWidget
                0x000000000002766c                ST_updateWidgets
                0x000000000002774d                ST_Ticker
                0x0000000000027776                ST_doPaletteStuff
                0x000000000002783a                ST_drawWidgets
                0x0000000000027944                ST_doRefresh
                0x000000000002795d                ST_diffDraw
                0x0000000000027964                ST_Drawer
                0x00000000000279a5                ST_loadGraphics
                0x00000000000279b1                ST_loadData
                0x00000000000279c7                ST_unloadGraphics
                0x00000000000279d3                ST_unloadData
                0x00000000000279d5                ST_initData
                0x0000000000027a64                ST_createWidgets
                0x0000000000027e3c                ST_Stop
                0x0000000000027e6b                ST_Start
                0x0000000000027e8e                ST_Init
 .text          0x0000000000027eae      0x6ec build/s_sound.o
                0x0000000000027eae                S_Shutdown
                0x0000000000027fee                S_StopSound
                0x000000000002801e                S_StartSound
                0x00000000000281ec                S_PauseSound
                0x0000000000028212                S_ResumeSound
                0x0000000000028236                S_UpdateSounds
                0x0000000000028306                S_SetMusicVolume
                0x0000000000028326                S_SetSfxVolume
                0x0000000000028346                S_Init
                0x00000000000283e3                S_MusicPlaying
                0x00000000000283e8                S_StopMusic
                0x000000000002843c                S_ChangeMusic
                0x000000000002850e                S_Start
                0x0000000000028593                S_StartMusic
 .text          0x000000000002859a       0x26 build/tables.o
                0x000000000002859a                SlopeDiv
 .text          0x00000000000285c0      0xb72 build/v_video.o
                0x00000000000285c0                V_MarkRect
                0x0000000000028610                V_CopyRect
                0x00000000000286dd                V_SetPatchClipCallback
                0x00000000000286e5                V_DrawPatch
                0x00000000000287e7                V_DrawPatchFlipped
                0x00000000000288df                V_DrawPatchDirect
                0x00000000000288e4                V_DrawTLPatch
                0x00000000000289b6                V_DrawXlaPatch
                0x0000000000028a76                V_DrawAltTLPatch
                0x0000000000028b48                V_DrawShadowedPatch
                0x0000000000028c49                V_LoadTintTable
                0x0000000000028c64                V_LoadXlaTable
                0x0000000000028c7f                V_DrawBlock
                0x0000000000028d07                V_DrawFilledBox
                0x0000000000028d42                V_DrawHorizLine
                0x0000000000028d67                V_DrawVertLine
                0x0000000000028d93                V_DrawBox
                0x0000000000028dcd                V_DrawRawScreen
                0x0000000000028ddf                V_Init
                0x0000000000028de0                V_UseBuffer
                0x0000000000028de8                V_RestoreBuffer
                0x0000000000028df7                WritePCXfile
                0x0000000000028ef9                V_ScreenShot
                0x0000000000028f7b                V_DrawMouseSpeedBox
 .text          0x0000000000029132     0x1c41 build/wi_stuff.o
                0x0000000000029539                WI_slamBackground
                0x0000000000029549                WI_Responder
                0x000000000002954c                WI_drawLF
                0x0000000000029612                WI_drawEL
                0x000000000002967e                WI_drawOnLnode
                0x000000000002973c                WI_initAnimatedBack
                0x00000000000297ec                WI_updateAnimatedBack
                0x00000000000298d2                WI_drawAnimatedBack
                0x0000000000029934                WI_drawNum
                0x00000000000299fe                WI_drawPercent
                0x0000000000029a39                WI_drawTime
                0x0000000000029ad8                WI_initNoState
                0x0000000000029af5                WI_updateNoState
                0x0000000000029b0b                WI_initShowNextLoc
                0x0000000000029b2c                WI_updateShowNextLoc
                0x0000000000029b62                WI_drawShowNextLoc
                0x0000000000029c18                WI_drawNoState
                0x0000000000029c27                WI_fragSum
                0x0000000000029c5d                WI_initDeathmatchStats
                0x0000000000029cd0                WI_updateDeathmatchStats
                0x0000000000029ec9                WI_drawDeathmatchStats
                0x000000000002a0cc                WI_initNetgameStats
                0x000000000002a16a                WI_updateNetgameStats
                0x000000000002a4d4                WI_drawNetgameStats
                0x000000000002a72b                WI_initStats
                0x000000000002a784                WI_updateStats
                0x000000000002aa0a                WI_drawStats
                0x000000000002ab19                WI_checkForAccelerate
                0x000000000002ab97                WI_Ticker
                0x000000000002ac13                WI_loadData
                0x000000000002ac8b                WI_unloadData
                0x000000000002ac97                WI_End
                0x000000000002ac99                WI_Drawer
                0x000000000002acd8                WI_initVariables
                0x000000000002ad44                WI_Start
 .text          0x000000000002ad73      0x118 build/w_checksum.o
                0x000000000002ad73                W_Checksum
 .text          0x000000000002ae8b       0x29 build/w_file.o
                0x000000000002ae8b                W_OpenFile
                0x000000000002aea8                W_CloseFile
                0x000000000002aeae                W_Read
 .text          0x000000000002aeb4       0x7c build/w_main.o
                0x000000000002aeb4                W_ParseCommandLine
 .text          0x000000000002af30      0x623 build/w_wad.o
                0x000000000002af30                W_LumpNameHash
                0x000000000002af66                W_AddFile
                0x000000000002b1cd                W_NumLumps
                0x000000000002b1d4                W_CheckNumForName
                0x000000000002b26a                W_GetNumForName
                0x000000000002b292                W_LumpLength
                0x000000000002b2bd                W_ReadLump
                0x000000000002b325                W_CacheLumpNum
                0x000000000002b3c4                W_CacheLumpName
                0x000000000002b3e0                W_ReleaseLumpNum
                0x000000000002b42f                W_ReleaseLumpName
                0x000000000002b43a                W_GenerateHashTable
                0x000000000002b4c8                W_CheckCorrectIWAD
 .text          0x000000000002b553      0x57e build/z_zone.o
                0x000000000002b553                Z_ClearZone
                0x000000000002b58a                Z_Init
                0x000000000002b5de                Z_Free
                0x000000000002b689                Z_Malloc
                0x000000000002b7aa                Z_FreeTags
                0x000000000002b7fa                Z_DumpHeap
                0x000000000002b8d4                Z_FileDumpHeap
                0x000000000002b995                Z_CheckHeap
                0x000000000002ba13                Z_ChangeTag2
                0x000000000002ba6d                Z_ChangeUser
                0x000000000002ba99                Z_FreeMemory
                0x000000000002bac7                Z_ZoneSize
 .text          0x000000000002bad1       0x9d build/w_file_stdc.o
                0x000000000002bad1                W_StdC_Read
 .text          0x000000000002bb6e       0xe7 build/i_input.o
                0x000000000002bb6e                I_GetEvent
                0x000000000002bc54                I_InitInput
 .text          0x000000000002bc55      0x438 build/i_video.o
                0x000000000002bc55                cmap_to_rgb565
                0x000000000002bcb2                cmap_to_fb
                0x000000000002bd68                I_InitGraphics
                0x000000000002bef4                I_ShutdownGraphics
                0x000000000002bf00                I_StartFrame
                0x000000000002bf01                I_StartTic
                0x000000000002bf06                I_UpdateNoBlit
                0x000000000002bf07                I_FinishUpdate
                0x000000000002bfac                I_ReadScreen
                0x000000000002bfbb                I_SetPalette
                0x000000000002c018                I_GetPaletteIndex
                0x000000000002c080                I_BeginRead
                0x000000000002c081                I_EndRead
                0x000000000002c082                I_SetWindowTitle
                0x000000000002c087                I_GraphicsCheckCommandLine
                0x000000000002c088                I_SetGrabMouseCallback
                0x000000000002c089                I_EnableLoadingDisk
                0x000000000002c08a                I_BindVideoVariables
                0x000000000002c08b                I_DisplayFPSDots
                0x000000000002c08c                I_CheckIsScreensaver
 .text          0x000000000002c08d      0x26a build/doomgeneric.o
                0x000000000002c0bd                DG_SetWindowTitle
                0x000000000002c0be                DG_Init
                0x000000000002c2a0                DG_DrawFrame
                0x000000000002c2b6                DG_SleepMs
                0x000000000002c2c1                DG_GetKey
                0x000000000002c2cd                DG_GetTicksMs
                0x000000000002c2dd                dg_Create
 *(.gnu.warning)

.fini           0x000000000002c2f8        0x9
 *(SORT_NONE(.fini))
 .fini          0x000000000002c2f8        0x4 /usr/lib/gcc/x86_64-linux-gnu/12/../../../x86_64-linux-gnu/crti.o
                0x000000000002c2f8                _fini
 .fini          0x000000000002c2fc        0x5 /usr/lib/gcc/x86_64-linux-gnu/12/../../../x86_64-linux-gnu/crtn.o
                [!provide]                        PROVIDE (__etext = .)
                [!provide]                        PROVIDE (_etext = .)
                [!provide]                        PROVIDE (etext = .)
                0x000000000002d000                . = ALIGN (CONSTANT (MAXPAGESIZE))
                0x000000000002d000                . = SEGMENT_START ("rodata-segment", (ALIGN (CONSTANT (MAXPAGESIZE)) + (. & (CONSTANT (MAXPAGESIZE) - 0x1))))

.rodata         0x000000000002d000    0x18477
 *(.rodata .rodata.* .gnu.linkonce.r.*)
 .rodata.str1.1
                0x000000000002d000       0x15 build/i_main.o
 .rodata.str1.1
                0x000000000002d015       0x67 build/am_map.o
 *fill*         0x000000000002d07c        0x4 
 .rodata        0x000000000002d080       0x40 build/am_map.o
 .rodata.str1.1
                0x000000000002d0c0      0x328 build/dstrings.o
 .rodata.str1.1
                0x000000000002d3e8      0x1c0 build/d_iwad.o
                                        0x1d3 (size before relaxing)
 .rodata.str1.1
                0x000000000002d5a8       0x6e build/d_loop.o
 .rodata.str1.1
                0x000000000002d616      0x947 build/d_main.o
                                        0x995 (size before relaxing)
 *fill*         0x000000000002df5d        0x3 
 .rodata        0x000000000002df60       0xd8 build/d_main.o
 .rodata.str1.1
                0x000000000002e038       0x1a build/d_mode.o
                                         0x3c (size before relaxing)
 *fill*         0x000000000002e052        0xe 
 .rodata        0x000000000002e060      0x170 build/d_mode.o
 .rodata.str1.1
                0x000000000002e1d0      0x155 build/d_net.o
                                        0x16d (size before relaxing)
 .rodata.str1.1
                0x000000000002e325     0x1ef5 build/f_finale.o
                                       0x1f08 (size before relaxing)
 .rodata.str1.1
                0x000000000003021a      0x348 build/g_game.o
                                        0x369 (size before relaxing)
 *fill*         0x0000000000030562       0x1e 
 .rodata        0x0000000000030580       0x88 build/g_game.o
 .rodata.cst4   0x0000000000030608        0x4 build/g_game.o
 .rodata.str1.1
                0x000000000003060c      0xc0f build/hu_stuff.o
 .rodata.str1.1
                0x000000000003121b      0x2a3 build/info.o
                                        0x2b2 (size before relaxing)
 .rodata.str1.1
                0x00000000000314be       0xa7 build/i_joystick.o
 .rodata.str1.1
                0x0000000000031565       0x9e build/i_sound.o
                                         0x9f (size before relaxing)
 .rodata.str1.1
                0x0000000000031603      0x211 build/i_system.o
 *fill*         0x0000000000031814        0x4 
 .rodata        0x0000000000031818       0x2a build/i_system.o
 .rodata.str1.1
                0x0000000000031842      0xa6e build/m_config.o
                                        0xc1c (size before relaxing)
 *fill*         0x00000000000322b0       0x10 
 .rodata        0x00000000000322c0      0x200 build/m_config.o
 .rodata.str1.1
                0x00000000000324c0       0x16 build/m_controls.o
                                        0x630 (size before relaxing)
 .rodata.str1.1
                0x00000000000324d6      0x3f7 build/m_menu.o
                                        0x40f (size before relaxing)
 .rodata.str1.1
                0x00000000000328cd       0xde build/m_misc.o
                                         0xec (size before relaxing)
 *fill*         0x00000000000329ab       0x15 
 .rodata        0x00000000000329c0      0x100 build/m_random.o
 .rodata        0x0000000000032ac0       0x30 build/p_ceilng.o
 .rodata        0x0000000000032af0       0x40 build/p_doors.o
 .rodata.str1.1
                0x0000000000032b30      0x137 build/p_doors.o
 .rodata.str1.1
                0x0000000000032c67       0x3b build/p_enemy.o
 *fill*         0x0000000000032ca2        0x2 
 .rodata        0x0000000000032ca4       0x34 build/p_floor.o
 .rodata.str1.1
                0x0000000000032cd8      0x3d7 build/p_inter.o
 *fill*         0x00000000000330af        0x1 
 .rodata        0x00000000000330b0       0xb4 build/p_inter.o
 .rodata.str1.1
                0x0000000000033164       0x72 build/p_map.o
 .rodata.str1.1
                0x00000000000331d6       0x2d build/p_mobj.o
 .rodata.str1.1
                0x0000000000033203       0x45 build/p_plats.o
 .rodata        0x0000000000033248       0x14 build/p_plats.o
 .rodata.str1.1
                0x000000000003325c       0xc3 build/p_saveg.o
                                         0xe1 (size before relaxing)
 *fill*         0x000000000003331f        0x1 
 .rodata        0x0000000000033320       0x20 build/p_saveg.o
 .rodata.str1.1
                0x0000000000033340       0x5a build/p_setup.o
 .rodata.str1.1
                0x000000000003339a       0x28 build/p_sight.o
 .rodata.str1.1
                0x00000000000333c2      0x242 build/p_spec.o
 .rodata        0x0000000000033604      0x2a8 build/p_spec.o
 .rodata.str1.1
                0x00000000000338ac       0x25 build/p_switch.o
 *fill*         0x00000000000338d1        0x3 
 .rodata        0x00000000000338d4      0x20c build/p_switch.o
 .rodata.str1.1
                0x0000000000033ae0       0x23 build/r_bsp.o
 .rodata.str1.1
                0x0000000000033b03      0x120 build/r_data.o
                                        0x12e (size before relaxing)
 .rodata.str1.1
                0x0000000000033c23       0xa6 build/r_draw.o
 .rodata.str1.1
                0x0000000000033cc9       0xa6 build/r_plane.o
 .rodata.str1.1
                0x0000000000033d6f       0x20 build/r_segs.o
 .rodata.str1.1
                0x0000000000033d8f      0x1d2 build/r_things.o
 .rodata.str1.1
                0x0000000000033f61      0x186 build/sounds.o
                                        0x191 (size before relaxing)
 .rodata.str1.1
                0x00000000000340e7        0xa build/statdump.o
 .rodata.str1.1
                0x00000000000340e7       0x5b build/st_lib.o
 .rodata.str1.1
                0x0000000000034142      0x1b1 build/st_stuff.o
                                        0x1b9 (size before relaxing)
 .rodata.str1.1
                0x00000000000342f3       0x69 build/s_sound.o
 *fill*         0x000000000003435c        0x4 
 .rodata        0x0000000000034360       0x24 build/s_sound.o
 *fill*         0x0000000000034384       0x1c 
 .rodata        0x00000000000343a0    0x10520 build/tables.o
                0x00000000000343a0                gammatable
                0x00000000000348a0                tantoangle
                0x00000000000368c0                finesine
                0x00000000000408c0                finetangent
 .rodata.str1.1
                0x00000000000448c0      0x100 build/v_video.o
                                        0x108 (size before relaxing)
 .rodata.cst4   0x00000000000449c0        0x4 build/v_video.o
 *fill*         0x00000000000449c4        0xc 
 .rodata.cst16  0x00000000000449d0       0x10 build/v_video.o
 .rodata.cst8   0x00000000000449e0        0x8 build/v_video.o
 .rodata.str1.1
                0x00000000000449e8       0xf9 build/wi_stuff.o
                                        0x10b (size before relaxing)
 *fill*         0x0000000000044ae1       0x1f 
 .rodata        0x0000000000044b00      0x160 build/wi_stuff.o
 .rodata.str1.1
                0x0000000000044c60        0x6 build/w_file.o
 .rodata.str1.1
                0x0000000000044c66        0x6 build/w_main.o
                                         0x12 (size before relaxing)
 .rodata.str1.1
                0x0000000000044c6c      0x1d2 build/w_wad.o
                                        0x1d6 (size before relaxing)
 .rodata.str1.1
                0x0000000000044e3e      0x323 build/z_zone.o
 .rodata.str1.1
                0x0000000000045161        0x3 build/w_file_stdc.o
 *fill*         0x0000000000045161       0x1f 
 .rodata        0x0000000000045180       0x80 build/i_input.o
 .rodata.str1.1
                0x0000000000045200      0x15b build/i_video.o
 .rodata.str1.1
                0x000000000004535b      0x11c build/doomgeneric.o

.rodata1
 *(.rodata1)

.eh_frame_hdr   0x0000000000045478     0x1a8c
 *(.eh_frame_hdr)
 .eh_frame_hdr  0x0000000000045478     0x1a8c /usr/lib/gcc/x86_64-linux-gnu/12/../../../x86_64-linux-gnu/Scrt1.o
                0x0000000000045478                __GNU_EH_FRAME_HDR
 *(.eh_frame_entry .eh_frame_entry.*)

.eh_frame       0x0000000000046f08     0x7c08
 *(.eh_frame)
 .eh_frame      0x0000000000046f08       0x30 /usr/lib/gcc/x86_64-linux-gnu/12/../../../x86_64-linux-gnu/Scrt1.o
                                         0x2c (size before relaxing)
 *fill*         0x0000000000046f38        0x0 
 .eh_frame      0x0000000000046f38       0x40 /usr/lib/gcc/x86_64-linux-gnu/12/../../../x86_64-linux-gnu/Scrt1.o
 .eh_frame      0x0000000000046f78       0x18 /usr/lib/gcc/x86_64-linux-gnu/12/../../../x86_64-linux-gnu/Scrt1.o
                                         0x30 (size before relaxing)
 .eh_frame      0x0000000000046f90       0x18 build/i_main.o
                                         0x30 (size before relaxing)
 .eh_frame      0x0000000000046fa8       0x18 build/dummy.o
                                         0x30 (size before relaxing)
 .eh_frame      0x0000000000046fc0      0x520 build/am_map.o
                                        0x538 (size before relaxing)
 .eh_frame      0x00000000000474e0       0x28 build/d_event.o
                                         0x40 (size before relaxing)
 .eh_frame      0x0000000000047508      0x170 build/d_iwad.o
                                        0x188 (size before relaxing)
 .eh_frame      0x0000000000047678      0x158 build/d_loop.o
                                        0x170 (size before relaxing)
 .eh_frame      0x00000000000477d0      0x208 build/d_main.o
                                        0x220 (size before relaxing)
 .eh_frame      0x00000000000479d8       0x78 build/d_mode.o
                                         0x90 (size before relaxing)
 .eh_frame      0x0000000000047a50       0x88 build/d_net.o
                                         0xa0 (size before relaxing)
 .eh_frame      0x0000000000047ad8      0x1c0 build/f_finale.o
                                        0x1d8 (size before relaxing)
 .eh_frame      0x0000000000047c98      0x180 build/f_wipe.o
                                        0x198 (size before relaxing)
 .eh_frame      0x0000000000047e18      0x548 build/g_game.o
                                        0x560 (size before relaxing)
 .eh_frame      0x0000000000048360      0x228 build/hu_lib.o
                                        0x240 (size before relaxing)
 .eh_frame      0x0000000000048588      0x150 build/hu_stuff.o
                                        0x168 (size before relaxing)
 .eh_frame      0x00000000000486d8        0x0 build/i_cdmus.o
                                         0xd0 (size before relaxing)
 .eh_frame      0x00000000000486d8       0x18 build/i_endoom.o
                                         0x30 (size before relaxing)
 .eh_frame      0x00000000000486f0       0x78 build/i_joystick.o
                                         0x90 (size before relaxing)
 .eh_frame      0x0000000000048768        0x0 build/i_scale.o
                                        0x470 (size before relaxing)
 .eh_frame      0x0000000000048768      0x1a8 build/i_sound.o
                                        0x1c0 (size before relaxing)
 .eh_frame      0x0000000000048910      0x178 build/i_system.o
                                        0x190 (size before relaxing)
 .eh_frame      0x0000000000048a88       0x80 build/i_timer.o
                                         0x98 (size before relaxing)
 .eh_frame      0x0000000000048b08        0x0 build/memio.o
                                        0x110 (size before relaxing)
 .eh_frame      0x0000000000048b08       0x98 build/m_argv.o
                                         0xb0 (size before relaxing)
 .eh_frame      0x0000000000048ba0       0x28 build/m_bbox.o
                                         0x40 (size before relaxing)
 .eh_frame      0x0000000000048bc8       0x40 build/m_cheat.o
                                         0x58 (size before relaxing)
 .eh_frame      0x0000000000048c08      0x198 build/m_config.o
                                        0x1b0 (size before relaxing)
 .eh_frame      0x0000000000048da0      0x108 build/m_controls.o
                                        0x120 (size before relaxing)
 .eh_frame      0x0000000000048ea8       0x28 build/m_fixed.o
                                         0x40 (size before relaxing)
 .eh_frame      0x0000000000048ed0      0x678 build/m_menu.o
                                        0x690 (size before relaxing)
 .eh_frame      0x0000000000049548      0x330 build/m_misc.o
                                        0x348 (size before relaxing)
 .eh_frame      0x0000000000049878       0x40 build/m_random.o
                                         0x58 (size before relaxing)
 .eh_frame      0x00000000000498b8       0xe8 build/p_ceilng.o
                                        0x100 (size before relaxing)
 .eh_frame      0x00000000000499a0      0x120 build/p_doors.o
                                        0x138 (size before relaxing)
 .eh_frame      0x0000000000049ac0      0x998 build/p_enemy.o
                                        0x9b0 (size before relaxing)
 .eh_frame      0x000000000004a458       0xf8 build/p_floor.o
                                        0x110 (size before relaxing)
 .eh_frame      0x000000000004a550      0x1a8 build/p_inter.o
                                        0x1c0 (size before relaxing)
 .eh_frame      0x000000000004a6f8      0x1b0 build/p_lights.o
                                        0x1c8 (size before relaxing)
 .eh_frame      0x000000000004a8a8      0x3e8 build/p_map.o
                                        0x400 (size before relaxing)
 .eh_frame      0x000000000004ac90      0x2d8 build/p_maputl.o
                                        0x2f0 (size before relaxing)
 .eh_frame      0x000000000004af68      0x390 build/p_mobj.o
                                        0x3a8 (size before relaxing)
 .eh_frame      0x000000000004b2f8      0x100 build/p_plats.o
                                        0x118 (size before relaxing)
 .eh_frame      0x000000000004b3f8      0x440 build/p_pspr.o
                                        0x458 (size before relaxing)
 .eh_frame      0x000000000004b838      0x3d0 build/p_saveg.o
                                        0x3e8 (size before relaxing)
 .eh_frame      0x000000000004bc08      0x260 build/p_setup.o
                                        0x278 (size before relaxing)
 .eh_frame      0x000000000004be68       0xf8 build/p_sight.o
                                        0x110 (size before relaxing)
 .eh_frame      0x000000000004bf60      0x2a0 build/p_spec.o
                                        0x2b8 (size before relaxing)
 .eh_frame      0x000000000004c200       0xc0 build/p_switch.o
                                         0xd8 (size before relaxing)
 .eh_frame      0x000000000004c2c0       0x48 build/p_telept.o
                                         0x60 (size before relaxing)
 .eh_frame      0x000000000004c308       0xa8 build/p_tick.o
                                         0xc0 (size before relaxing)
 .eh_frame      0x000000000004c3b0       0xb8 build/p_user.o
                                         0xd0 (size before relaxing)
 .eh_frame      0x000000000004c468      0x168 build/r_bsp.o
                                        0x180 (size before relaxing)
 .eh_frame      0x000000000004c5d0      0x258 build/r_data.o
                                        0x270 (size before relaxing)
 .eh_frame      0x000000000004c828      0x188 build/r_draw.o
                                        0x1a0 (size before relaxing)
 .eh_frame      0x000000000004c9b0      0x238 build/r_main.o
                                        0x250 (size before relaxing)
 .eh_frame      0x000000000004cbe8      0x150 build/r_plane.o
                                        0x168 (size before relaxing)
 .eh_frame      0x000000000004cd38       0xd8 build/r_segs.o
                                         0xf0 (size before relaxing)
 .eh_frame      0x000000000004ce10       0x18 build/r_sky.o
                                         0x30 (size before relaxing)
 .eh_frame      0x000000000004ce28      0x290 build/r_things.o
                                        0x2a8 (size before relaxing)
 .eh_frame      0x000000000004d0b8      0x110 build/sha1.o
                                        0x128 (size before relaxing)
 .eh_frame      0x000000000004d1c8       0x30 build/statdump.o
                                         0x48 (size before relaxing)
 .eh_frame      0x000000000004d1f8      0x1c0 build/st_lib.o
                                        0x1d8 (size before relaxing)
 .eh_frame      0x000000000004d3b8      0x2e0 build/st_stuff.o
                                        0x2f8 (size before relaxing)
 .eh_frame      0x000000000004d698      0x220 build/s_sound.o
                                        0x238 (size before relaxing)
 .eh_frame      0x000000000004d8b8       0x18 build/tables.o
                                         0x30 (size before relaxing)
 .eh_frame      0x000000000004d8d0      0x3d0 build/v_video.o
                                        0x3e8 (size before relaxing)
 .eh_frame      0x000000000004dca0      0x638 build/wi_stuff.o
                                        0x650 (size before relaxing)
 .eh_frame      0x000000000004e2d8       0x50 build/w_checksum.o
                                         0x68 (size before relaxing)
 .eh_frame      0x000000000004e328       0x48 build/w_file.o
                                         0x60 (size before relaxing)
 .eh_frame      0x000000000004e370       0x38 build/w_main.o
                                         0x50 (size before relaxing)
 .eh_frame      0x000000000004e3a8      0x228 build/w_wad.o
                                        0x240 (size before relaxing)
 .eh_frame      0x000000000004e5d0      0x1e0 build/z_zone.o
                                        0x1f8 (size before relaxing)
 .eh_frame      0x000000000004e7b0       0x70 build/w_file_stdc.o
                                         0x88 (size before relaxing)
 .eh_frame      0x000000000004e820       0x38 build/i_input.o
                                         0x50 (size before relaxing)
 .eh_frame      0x000000000004e858      0x200 build/i_video.o
                                        0x218 (size before relaxing)
 .eh_frame      0x000000000004ea58       0xb4 build/doomgeneric.o
                                         0xd0 (size before relaxing)
 .eh_frame      0x000000000004eb0c        0x4 /usr/lib/gcc/x86_64-linux-gnu/12/crtendS.o
 *(.eh_frame.*)

.sframe         0x000000000004eb10        0x0
 *(.sframe)
 .sframe        0x000000000004eb10        0x0 /usr/lib/gcc/x86_64-linux-gnu/12/../../../x86_64-linux-gnu/Scrt1.o
 *(.sframe.*)

.gcc_except_table
 *(.gcc_except_table .gcc_except_table.*)

.gnu_extab
 *(.gnu_extab*)

.exception_ranges
 *(.exception_ranges*)
                0x000000000004f7d0                . = DATA_SEGMENT_ALIGN (CONSTANT (MAXPAGESIZE), CONSTANT (COMMONPAGESIZE))

.eh_frame
 *(.eh_frame)
 *(.eh_frame.*)

.sframe
 *(.sframe)
 *(.sframe.*)

.gnu_extab
 *(.gnu_extab)

.gcc_except_table
 *(.gcc_except_table .gcc_except_table.*)

.exception_ranges
 *(.exception_ranges*)

.tdata          0x000000000004f7d0        0x0
                [!provide]                        PROVIDE (__tdata_start = .)
 *(.tdata .tdata.* .gnu.linkonce.td.*)

.tbss
 *(.tbss .tbss.* .gnu.linkonce.tb.*)
 *(.tcommon)

.preinit_array  0x000000000004f7d0        0x0
                [!provide]                        PROVIDE (__preinit_array_start = .)
 *(.preinit_array)
                [!provide]                        PROVIDE (__preinit_array_end = .)

.init_array     0x000000000004f7d0        0x8
                [!provide]                        PROVIDE (__init_array_start = .)
 *(SORT_BY_INIT_PRIORITY(.init_array.*) SORT_BY_INIT_PRIORITY(.ctors.*))
 *(.init_array EXCLUDE_FILE(*crtend?.o *crtend.o *crtbegin?.o *crtbegin.o) .ctors)
 .init_array    0x000000000004f7d0        0x8 /usr/lib/gcc/x86_64-linux-gnu/12/crtbeginS.o
                [!provide]                        PROVIDE (__init_array_end = .)

.fini_array     0x000000000004f7d8        0x8
                [!provide]                        PROVIDE (__fini_array_start = .)
 *(SORT_BY_INIT_PRIORITY(.fini_array.*) SORT_BY_INIT_PRIORITY(.dtors.*))
 *(.fini_array EXCLUDE_FILE(*crtend?.o *crtend.o *crtbegin?.o *crtbegin.o) .dtors)
 .fini_array    0x000000000004f7d8        0x8 /usr/lib/gcc/x86_64-linux-gnu/12/crtbeginS.o
                [!provide]                        PROVIDE (__fini_array_end = .)

.ctors
 *crtbegin.o(.ctors)
 *crtbegin?.o(.ctors)
 *(EXCLUDE_FILE(*crtend?.o *crtend.o) .ctors)
 *(SORT_BY_NAME(.ctors.*))
 *(.ctors)

.dtors
 *crtbegin.o(.dtors)
 *crtbegin?.o(.dtors)
 *(EXCLUDE_FILE(*crtend?.o *crtend.o) .dtors)
 *(SORT_BY_NAME(.dtors.*))
 *(.dtors)

.jcr
 *(.jcr)

.data.rel.ro    0x000000000004f7e0      0x5c8
 *(.data.rel.ro.local* .gnu.linkonce.d.rel.ro.local.*)
 .data.rel.ro.local
                0x000000000004f7e0      0x150 build/d_iwad.o
 *fill*         0x000000000004f930       0x10 
 .data.rel.ro.local
                0x000000000004f940      0x130 build/d_main.o
 *fill*         0x000000000004fa70       0x10 
 .data.rel.ro.local
                0x000000000004fa80       0x30 build/f_wipe.o
 .data.rel.ro.local
                0x000000000004fab0       0x20 build/m_menu.o
 *fill*         0x000000000004fad0       0x10 
 .data.rel.ro.local
                0x000000000004fae0       0x20 build/wi_stuff.o
 .data.rel.ro.local
                0x000000000004fb00       0x40 build/w_wad.o
 *(.data.rel.ro .data.rel.ro.* .gnu.linkonce.d.rel.ro.*)
 .data.rel.ro   0x000000000004fb40        0x0 /usr/lib/gcc/x86_64-linux-gnu/12/../../../x86_64-linux-gnu/Scrt1.o
 .data.rel.ro   0x000000000004fb40       0x40 build/g_game.o
 .data.rel.ro   0x000000000004fb80      0x228 build/p_maputl.o

.dynamic        0x000000000004fda8      0x1e0
 *(.dynamic)
 .dynamic       0x000000000004fda8      0x1e0 /usr/lib/gcc/x86_64-linux-gnu/12/../../../x86_64-linux-gnu/Scrt1.o
                0x000000000004fda8                _DYNAMIC

.got            0x000000000004ff88       0x60
 *(.got)
 .got           0x000000000004ff88       0x60 /usr/lib/gcc/x86_64-linux-gnu/12/../../../x86_64-linux-gnu/Scrt1.o
 *(.igot)
                0x000000000004ffe8                . = DATA_SEGMENT_RELRO_END (., (SIZEOF (.got.plt) >= 0x18)?0x18:0x0)

.got.plt        0x000000000004ffe8      0x190
 *(.got.plt)
 .got.plt       0x000000000004ffe8      0x190 /usr/lib/gcc/x86_64-linux-gnu/12/../../../x86_64-linux-gnu/Scrt1.o
                0x000000000004ffe8                _GLOBAL_OFFSET_TABLE_
 *(.igot.plt)

.data           0x0000000000050180    0x13798
 *(.data .data.* .gnu.linkonce.d.*)
 .data.rel.local
                0x0000000000050180        0x8 /usr/lib/gcc/x86_64-linux-gnu/12/crtbeginS.o
                0x0000000000050180                __dso_handle
 *fill*         0x0000000000050188       0x18 
 .data          0x00000000000501a0      0x2b0 build/am_map.o
                0x0000000000050200                cheat_amap
                0x0000000000050260                thintriangle_guy
                0x00000000000502a0                triangle_guy
                0x00000000000502e0                cheat_player_arrow
                0x00000000000503e0                player_arrow
 .data          0x0000000000050450        0x8 build/doomstat.o
                0x0000000000050450                gameversion
                0x0000000000050454                gamemode
 *fill*         0x0000000000050458        0x8 
 .data.rel.local
                0x0000000000050460       0x80 build/dstrings.o
                0x0000000000050460                doom2_endmsg
                0x00000000000504a0                doom1_endmsg
 .data          0x00000000000504e0       0xd8 build/d_items.o
                0x00000000000504e0                weaponinfo
 .data          0x00000000000505b8        0x4 build/d_loop.o
 .data          0x00000000000505bc        0xc build/d_main.o
                0x00000000000505c0                wipegamestate
                0x00000000000505c4                show_endoom
 *fill*         0x00000000000505c8       0x18 
 .data.rel      0x00000000000505e0       0x20 build/d_net.o
 .data.rel.local
                0x0000000000050600      0x3e0 build/f_finale.o
                0x0000000000050600                castorder
 .data          0x00000000000509e0      0x14c build/g_game.o
                0x00000000000509e0                cpars
                0x0000000000050a60                pars
                0x0000000000050b00                vanilla_demo_limit
                0x0000000000050b04                vanilla_savegame_limit
                0x0000000000050b08                angleturn
                0x0000000000050b18                sidemove
                0x0000000000050b20                forwardmove
                0x0000000000050b28                precache